Archive member included to satisfy reference by file (symbol)

C:/ST/STM32CubeIDE_1.17.0/STM32CubeIDE/plugins/com.st.stm32cube.ide.mcu.externaltools.gnu-tools-for-stm32.12.3.rel1.win32_1.1.0.202410251130/tools/bin/../lib/gcc/arm-none-eabi/12.3.1/../../../../arm-none-eabi/lib/thumb/v7e-m/nofp\libc_nano.a(libc_a-exit.o)
                              C:/ST/STM32CubeIDE_1.17.0/STM32CubeIDE/plugins/com.st.stm32cube.ide.mcu.externaltools.gnu-tools-for-stm32.12.3.rel1.win32_1.1.0.202410251130/tools/bin/../lib/gcc/arm-none-eabi/12.3.1/../../../../arm-none-eabi/lib/thumb/v7e-m/nofp/crt0.o (exit)
C:/ST/STM32CubeIDE_1.17.0/STM32CubeIDE/plugins/com.st.stm32cube.ide.mcu.externaltools.gnu-tools-for-stm32.12.3.rel1.win32_1.1.0.202410251130/tools/bin/../lib/gcc/arm-none-eabi/12.3.1/../../../../arm-none-eabi/lib/thumb/v7e-m/nofp\libc_nano.a(libc_a-findfp.o)
                              C:/ST/STM32CubeIDE_1.17.0/STM32CubeIDE/plugins/com.st.stm32cube.ide.mcu.externaltools.gnu-tools-for-stm32.12.3.rel1.win32_1.1.0.202410251130/tools/bin/../lib/gcc/arm-none-eabi/12.3.1/../../../../arm-none-eabi/lib/thumb/v7e-m/nofp\libc_nano.a(libc_a-exit.o) (__stdio_exit_handler)
C:/ST/STM32CubeIDE_1.17.0/STM32CubeIDE/plugins/com.st.stm32cube.ide.mcu.externaltools.gnu-tools-for-stm32.12.3.rel1.win32_1.1.0.202410251130/tools/bin/../lib/gcc/arm-none-eabi/12.3.1/../../../../arm-none-eabi/lib/thumb/v7e-m/nofp\libc_nano.a(libc_a-fwalk.o)
                              C:/ST/STM32CubeIDE_1.17.0/STM32CubeIDE/plugins/com.st.stm32cube.ide.mcu.externaltools.gnu-tools-for-stm32.12.3.rel1.win32_1.1.0.202410251130/tools/bin/../lib/gcc/arm-none-eabi/12.3.1/../../../../arm-none-eabi/lib/thumb/v7e-m/nofp\libc_nano.a(libc_a-findfp.o) (_fwalk_sglue)
C:/ST/STM32CubeIDE_1.17.0/STM32CubeIDE/plugins/com.st.stm32cube.ide.mcu.externaltools.gnu-tools-for-stm32.12.3.rel1.win32_1.1.0.202410251130/tools/bin/../lib/gcc/arm-none-eabi/12.3.1/../../../../arm-none-eabi/lib/thumb/v7e-m/nofp\libc_nano.a(libc_a-stdio.o)
                              C:/ST/STM32CubeIDE_1.17.0/STM32CubeIDE/plugins/com.st.stm32cube.ide.mcu.externaltools.gnu-tools-for-stm32.12.3.rel1.win32_1.1.0.202410251130/tools/bin/../lib/gcc/arm-none-eabi/12.3.1/../../../../arm-none-eabi/lib/thumb/v7e-m/nofp\libc_nano.a(libc_a-findfp.o) (__sread)
C:/ST/STM32CubeIDE_1.17.0/STM32CubeIDE/plugins/com.st.stm32cube.ide.mcu.externaltools.gnu-tools-for-stm32.12.3.rel1.win32_1.1.0.202410251130/tools/bin/../lib/gcc/arm-none-eabi/12.3.1/../../../../arm-none-eabi/lib/thumb/v7e-m/nofp\libc_nano.a(libc_a-memset.o)
                              C:/ST/STM32CubeIDE_1.17.0/STM32CubeIDE/plugins/com.st.stm32cube.ide.mcu.externaltools.gnu-tools-for-stm32.12.3.rel1.win32_1.1.0.202410251130/tools/bin/../lib/gcc/arm-none-eabi/12.3.1/../../../../arm-none-eabi/lib/thumb/v7e-m/nofp/crt0.o (memset)
C:/ST/STM32CubeIDE_1.17.0/STM32CubeIDE/plugins/com.st.stm32cube.ide.mcu.externaltools.gnu-tools-for-stm32.12.3.rel1.win32_1.1.0.202410251130/tools/bin/../lib/gcc/arm-none-eabi/12.3.1/../../../../arm-none-eabi/lib/thumb/v7e-m/nofp\libc_nano.a(libc_a-closer.o)
                              C:/ST/STM32CubeIDE_1.17.0/STM32CubeIDE/plugins/com.st.stm32cube.ide.mcu.externaltools.gnu-tools-for-stm32.12.3.rel1.win32_1.1.0.202410251130/tools/bin/../lib/gcc/arm-none-eabi/12.3.1/../../../../arm-none-eabi/lib/thumb/v7e-m/nofp\libc_nano.a(libc_a-stdio.o) (_close_r)
C:/ST/STM32CubeIDE_1.17.0/STM32CubeIDE/plugins/com.st.stm32cube.ide.mcu.externaltools.gnu-tools-for-stm32.12.3.rel1.win32_1.1.0.202410251130/tools/bin/../lib/gcc/arm-none-eabi/12.3.1/../../../../arm-none-eabi/lib/thumb/v7e-m/nofp\libc_nano.a(libc_a-reent.o)
                              C:/ST/STM32CubeIDE_1.17.0/STM32CubeIDE/plugins/com.st.stm32cube.ide.mcu.externaltools.gnu-tools-for-stm32.12.3.rel1.win32_1.1.0.202410251130/tools/bin/../lib/gcc/arm-none-eabi/12.3.1/../../../../arm-none-eabi/lib/thumb/v7e-m/nofp\libc_nano.a(libc_a-closer.o) (errno)
C:/ST/STM32CubeIDE_1.17.0/STM32CubeIDE/plugins/com.st.stm32cube.ide.mcu.externaltools.gnu-tools-for-stm32.12.3.rel1.win32_1.1.0.202410251130/tools/bin/../lib/gcc/arm-none-eabi/12.3.1/../../../../arm-none-eabi/lib/thumb/v7e-m/nofp\libc_nano.a(libc_a-impure.o)
                              C:/ST/STM32CubeIDE_1.17.0/STM32CubeIDE/plugins/com.st.stm32cube.ide.mcu.externaltools.gnu-tools-for-stm32.12.3.rel1.win32_1.1.0.202410251130/tools/bin/../lib/gcc/arm-none-eabi/12.3.1/../../../../arm-none-eabi/lib/thumb/v7e-m/nofp\libc_nano.a(libc_a-reent.o) (_impure_ptr)
C:/ST/STM32CubeIDE_1.17.0/STM32CubeIDE/plugins/com.st.stm32cube.ide.mcu.externaltools.gnu-tools-for-stm32.12.3.rel1.win32_1.1.0.202410251130/tools/bin/../lib/gcc/arm-none-eabi/12.3.1/../../../../arm-none-eabi/lib/thumb/v7e-m/nofp\libc_nano.a(libc_a-lseekr.o)
[...]
Memory Configuration

Name             Origin             Length             Attributes
RAM1             0x20000000         0x00008000         xrw
RAM2             0x20008000         0x00008000         xrw
FLASH            0x08000000         0x00040000         xr
*default*        0x00000000         0xffffffff

Linker script and memory map

LOAD C:/ST/STM32CubeIDE_1.17.0/STM32CubeIDE/plugins/com.st.stm32cube.ide.mcu.externaltools.gnu-tools-for-stm32.12.3.rel1.win32_1.1.0.202410251130/tools/bin/../lib/gcc/arm-none-eabi/12.3.1/thumb/v7e-m/nofp/crti.o
LOAD C:/ST/STM32CubeIDE_1.17.0/STM32CubeIDE/plugins/com.st.stm32cube.ide.mcu.externaltools.gnu-tools-for-stm32.12.3.rel1.win32_1.1.0.202410251130/tools/bin/../lib/gcc/arm-none-eabi/12.3.1/thumb/v7e-m/nofp/crtbegin.o
LOAD C:/ST/STM32CubeIDE_1.17.0/STM32CubeIDE/plugins/com.st.stm32cube.ide.mcu.externaltools.gnu-tools-for-stm32.12.3.rel1.win32_1.1.0.202410251130/tools/bin/../lib/gcc/arm-none-eabi/12.3.1/../../../../arm-none-eabi/lib/thumb/v7e-m/nofp/crt0.o
LOAD ./Application/User/Core/adc.o
LOAD ./Application/User/Core/dma.o
LOAD ./Application/User/Core/gpio.o
LOAD ./Application/User/Core/main.o
LOAD ./Application/User/Core/rtc.o
LOAD ./Application/User/Core/stm32_lpm_if.o
LOAD ./Application/User/Core/stm32wlxx_hal_msp.o
LOAD ./Application/User/Core/stm32wlxx_it.o
LOAD ./Application/User/Core/subghz.o
LOAD ./Application/User/Core/sys_app.o
LOAD ./Application/User/Core/sys_debug.o
LOAD ./Application/User/Core/syscalls.o
LOAD ./Application/User/Core/sysmem.o
LOAD ./Application/User/Core/timer_if.o
LOAD ./Application/User/Core/usart.o
LOAD ./Application/User/Core/usart_if.o
LOAD ./Application/User/Startup/startup_stm32wl55jcix.o
LOAD ./Application/User/SubGHz_Phy/App/app_subghz_phy.o
LOAD ./Application/User/SubGHz_Phy/App/subghz_phy_app.o
LOAD ./Application/User/SubGHz_Phy/Target/radio_board_if.o
LOAD ./Drivers/BSP/STM32WLxx_Nucleo/stm32wlxx_nucleo.o
LOAD ./Drivers/BSP/STM32WLxx_Nucleo/stm32wlxx_nucleo_radio.o
LOAD ./Drivers/CMSIS/system_stm32wlxx.o
LOAD ./Drivers/STM32WLxx_HAL_Driver/stm32wlxx_hal.o
LOAD ./Drivers/STM32WLxx_HAL_Driver/stm32wlxx_hal_adc.o
LOAD ./Drivers/STM32WLxx_HAL_Driver/stm32wlxx_hal_adc_ex.o
LOAD ./Drivers/STM32WLxx_HAL_Driver/stm32wlxx_hal_cortex.o
LOAD ./Drivers/STM32WLxx_HAL_Driver/stm32wlxx_hal_dma.o
LOAD ./Drivers/STM32WLxx_HAL_Driver/stm32wlxx_hal_dma_ex.o
LOAD ./Drivers/STM32WLxx_HAL_Driver/stm32wlxx_hal_exti.o
LOAD ./Drivers/STM32WLxx_HAL_Driver/stm32wlxx_hal_flash.o
LOAD ./Drivers/STM32WLxx_HAL_Driver/stm32wlxx_hal_flash_ex.o
LOAD ./Drivers/STM32WLxx_HAL_Driver/stm32wlxx_hal_gpio.o
LOAD ./Drivers/STM32WLxx_HAL_Driver/stm32wlxx_hal_pwr.o
LOAD ./Drivers/STM32WLxx_HAL_Driver/stm32wlxx_hal_pwr_ex.o
LOAD ./Drivers/STM32WLxx_HAL_Driver/stm32wlxx_hal_rcc.o
LOAD ./Drivers/STM32WLxx_HAL_Driver/stm32wlxx_hal_rcc_ex.o
LOAD ./Drivers/STM32WLxx_HAL_Driver/stm32wlxx_hal_rtc.o
LOAD ./Drivers/STM32WLxx_HAL_Driver/stm32wlxx_hal_rtc_ex.o
LOAD ./Drivers/STM32WLxx_HAL_Driver/stm32wlxx_hal_subghz.o
LOAD ./Drivers/STM32WLxx_HAL_Driver/stm32wlxx_hal_tim.o
LOAD ./Drivers/STM32WLxx_HAL_Driver/stm32wlxx_hal_tim_ex.o
LOAD ./Drivers/STM32WLxx_HAL_Driver/stm32wlxx_hal_uart.o
LOAD ./Drivers/STM32WLxx_HAL_Driver/stm32wlxx_hal_uart_ex.o
LOAD ./Drivers/STM32WLxx_HAL_Driver/stm32wlxx_ll_adc.o
LOAD ./Middlewares/SubGHz_Phy/lr_fhss_mac.o
LOAD ./Middlewares/SubGHz_Phy/radio.o
LOAD ./Middlewares/SubGHz_Phy/radio_driver.o
LOAD ./Middlewares/SubGHz_Phy/radio_fw.o
LOAD ./Middlewares/SubGHz_Phy/wl_lr_fhss.o
LOAD ./Utilities/stm32_adv_trace.o
LOAD ./Utilities/stm32_lpm.o
LOAD ./Utilities/stm32_mem.o
LOAD ./Utilities/stm32_seq.o
LOAD ./Utilities/stm32_systime.o
LOAD ./Utilities/stm32_timer.o
LOAD ./Utilities/stm32_tiny_sscanf.o
LOAD ./Utilities/stm32_tiny_vsnprintf.o
START GROUP
LOAD C:/ST/STM32CubeIDE_1.17.0/STM32CubeIDE/plugins/com.st.stm32cube.ide.mcu.externaltools.gnu-tools-for-stm32.12.3.rel1.win32_1.1.0.202410251130/tools/bin/../lib/gcc/arm-none-eabi/12.3.1/../../../../arm-none-eabi/lib/thumb/v7e-m/nofp\libc_nano.a
LOAD C:/ST/STM32CubeIDE_1.17.0/STM32CubeIDE/plugins/com.st.stm32cube.ide.mcu.externaltools.gnu-tools-for-stm32.12.3.rel1.win32_1.1.0.202410251130/tools/bin/../lib/gcc/arm-none-eabi/12.3.1/../../../../arm-none-eabi/lib/thumb/v7e-m/nofp\libm.a
END GROUP
START GROUP
LOAD C:/ST/STM32CubeIDE_1.17.0/STM32CubeIDE/plugins/com.st.stm32cube.ide.mcu.externaltools.gnu-tools-for-stm32.12.3.rel1.win32_1.1.0.202410251130/tools/bin/../lib/gcc/arm-none-eabi/12.3.1/thumb/v7e-m/nofp\libgcc.a
LOAD C:/ST/STM32CubeIDE_1.17.0/STM32CubeIDE/plugins/com.st.stm32cube.ide.mcu.externaltools.gnu-tools-for-stm32.12.3.rel1.win32_1.1.0.202410251130/tools/bin/../lib/gcc/arm-none-eabi/12.3.1/../../../../arm-none-eabi/lib/thumb/v7e-m/nofp\libc_nano.a
END GROUP
START GROUP
LOAD C:/ST/STM32CubeIDE_1.17.0/STM32CubeIDE/plugins/com.st.stm32cube.ide.mcu.externaltools.gnu-tools-for-stm32.12.3.rel1.win32_1.1.0.202410251130/tools/bin/../lib/gcc/arm-none-eabi/12.3.1/thumb/v7e-m/nofp\libgcc.a
LOAD C:/ST/STM32CubeIDE_1.17.0/STM32CubeIDE/plugins/com.st.stm32cube.ide.mcu.externaltools.gnu-tools-for-stm32.12.3.rel1.win32_1.1.0.202410251130/tools/bin/../lib/gcc/arm-none-eabi/12.3.1/../../../../arm-none-eabi/lib/thumb/v7e-m/nofp\libc_nano.a
LOAD C:/ST/STM32CubeIDE_1.17.0/STM32CubeIDE/plugins/com.st.stm32cube.ide.mcu.externaltools.gnu-tools-for-stm32.12.3.rel1.win32_1.1.0.202410251130/tools/bin/../lib/gcc/arm-none-eabi/12.3.1/../../../../arm-none-eabi/lib/thumb/v7e-m/nofp\libnosys.a
END GROUP
START GROUP
LOAD C:/ST/STM32CubeIDE_1.17.0/STM32CubeIDE/plugins/com.st.stm32cube.ide.mcu.externaltools.gnu-tools-for-stm32.12.3.rel1.win32_1.1.0.202410251130/tools/bin/../lib/gcc/arm-none-eabi/12.3.1/thumb/v7e-m/nofp\libgcc.a
LOAD C:/ST/STM32CubeIDE_1.17.0/STM32CubeIDE/plugins/com.st.stm32cube.ide.mcu.externaltools.gnu-tools-for-stm32.12.3.rel1.win32_1.1.0.202410251130/tools/bin/../lib/gcc/arm-none-eabi/12.3.1/../../../../arm-none-eabi/lib/thumb/v7e-m/nofp\libc_nano.a
LOAD C:/ST/STM32CubeIDE_1.17.0/STM32CubeIDE/plugins/com.st.stm32cube.ide.mcu.externaltools.gnu-tools-for-stm32.12.3.rel1.win32_1.1.0.202410251130/tools/bin/../lib/gcc/arm-none-eabi/12.3.1/../../../../arm-none-eabi/lib/thumb/v7e-m/nofp\libnosys.a
END GROUP
LOAD C:/ST/STM32CubeIDE_1.17.0/STM32CubeIDE/plugins/com.st.stm32cube.ide.mcu.externaltools.gnu-tools-for-stm32.12.3.rel1.win32_1.1.0.202410251130/tools/bin/../lib/gcc/arm-none-eabi/12.3.1/thumb/v7e-m/nofp/crtend.o
LOAD C:/ST/STM32CubeIDE_1.17.0/STM32CubeIDE/plugins/com.st.stm32cube.ide.mcu.externaltools.gnu-tools-for-stm32.12.3.rel1.win32_1.1.0.202410251130/tools/bin/../lib/gcc/arm-none-eabi/12.3.1/thumb/v7e-m/nofp/crtn.o
                0x20008000                        _estack = (ORIGIN (RAM1) + LENGTH (RAM1))
                0x00000200                        _Min_Heap_Size = 0x200
                0x00000800                        _Min_Stack_Size = 0x800

.isr_vector     0x08000000      0x138
                0x08000000                        . = ALIGN (0x8)
 *(.isr_vector)
 .isr_vector    0x08000000      0x138 ./Application/User/Startup/startup_stm32wl55jcix.o
                0x08000000                g_pfnVectors
                0x08000138                        . = ALIGN (0x8)

.text           0x08000138     0x8508
                0x08000138                        . = ALIGN (0x8)
 *(.text)
 .text          0x08000138       0x40 C:/ST/STM32CubeIDE_1.17.0/STM32CubeIDE/plugins/com.st.stm32cube.ide.mcu.externaltools.gnu-tools-for-stm32.12.3.rel1.win32_1.1.0.202410251130/tools/bin/../lib/gcc/arm-none-eabi/12.3.1/thumb/v7e-m/nofp/crtbegin.o
 .text          0x08000178       0x10 C:/ST/STM32CubeIDE_1.17.0/STM32CubeIDE/plugins/com.st.stm32cube.ide.mcu.externaltools.gnu-tools-for-stm32.12.3.rel1.win32_1.1.0.202410251130/tools/bin/../lib/gcc/arm-none-eabi/12.3.1/../../../../arm-none-eabi/lib/thumb/v7e-m/nofp\libc_nano.a(libc_a-strlen.o)
                0x08000178                strlen
 .text          0x08000188       0x30 C:/ST/STM32CubeIDE_1.17.0/STM32CubeIDE/plugins/com.st.stm32cube.ide.mcu.externaltools.gnu-tools-for-stm32.12.3.rel1.win32_1.1.0.202410251130/tools/bin/../lib/gcc/arm-none-eabi/12.3.1/thumb/v7e-m/nofp\libgcc.a(_aeabi_uldivmod.o)
                0x08000188                __aeabi_uldivmod
 .text          0x080001b8      0x2bc C:/ST/STM32CubeIDE_1.17.0/STM32CubeIDE/plugins/com.st.stm32cube.ide.mcu.externaltools.gnu-tools-for-stm32.12.3.rel1.win32_1.1.0.202410251130/tools/bin/../lib/gcc/arm-none-eabi/12.3.1/thumb/v7e-m/nofp\libgcc.a(_udivmoddi4.o)
                0x080001b8                __udivmoddi4
 .text          0x08000474        0x4 C:/ST/STM32CubeIDE_1.17.0/STM32CubeIDE/plugins/com.st.stm32cube.ide.mcu.externaltools.gnu-tools-for-stm32.12.3.rel1.win32_1.1.0.202410251130/tools/bin/../lib/gcc/arm-none-eabi/12.3.1/thumb/v7e-m/nofp\libgcc.a(_dvmd_tls.o)
                0x08000474                __aeabi_idiv0
                0x08000474                __aeabi_ldiv0
 *(.text*)
 .text.MX_ADC_Init
                0x08000478       0x78 ./Application/User/Core/adc.o
                0x08000478                MX_ADC_Init
 .text.HAL_ADC_MspInit
                0x080004f0       0x74 ./Application/User/Core/adc.o
                0x080004f0                HAL_ADC_MspInit
 .text.HAL_ADC_MspDeInit
                0x08000564       0x34 ./Application/User/Core/adc.o
                0x08000564                HAL_ADC_MspDeInit
 .text.HAL_ADC_ConvCpltCallback
                0x08000598       0x24 ./Application/User/Core/adc.o
                0x08000598                HAL_ADC_ConvCpltCallback
 .text.MX_DMA_Init
                0x080005bc       0x42 ./Application/User/Core/dma.o
                0x080005bc                MX_DMA_Init
 *fill*         0x080005fe        0x2 
 .text.MX_GPIO_Init
                0x08000600       0xc0 ./Application/User/Core/gpio.o
                0x08000600                MX_GPIO_Init
 .text.Error_Handler
                0x080006c0        0x4 ./Application/User/Core/main.o
                0x080006c0                Error_Handler
 .text.SystemClock_Config
                0x080006c4       0x90 ./Application/User/Core/main.o
                0x080006c4                SystemClock_Config
 .text.main     0x08000754       0x1c ./Application/User/Core/main.o
                0x08000754                main
 .text.MX_RTC_Init
                0x08000770       0x7c ./Application/User/Core/rtc.o
                0x08000770                MX_RTC_Init
 .text.HAL_RTC_MspInit
                0x080007ec       0x80 ./Application/User/Core/rtc.o
                0x080007ec                HAL_RTC_MspInit
 .text.PWR_EnterOffMode
                0x0800086c        0x2 ./Application/User/Core/stm32_lpm_if.o
                0x0800086c                PWR_EnterOffMode
 .text.PWR_ExitOffMode
                0x0800086e        0x2 ./Application/User/Core/stm32_lpm_if.o
                0x0800086e                PWR_ExitOffMode
 .text.PWR_EnterStopMode
                0x08000870       0x18 ./Application/User/Core/stm32_lpm_if.o
                0x08000870                PWR_EnterStopMode
 .text.PWR_ExitSleepMode
                0x08000888        0x8 ./Application/User/Core/stm32_lpm_if.o
                0x08000888                PWR_ExitSleepMode
 .text.PWR_ExitStopMode
                0x08000890        0xc ./Application/User/Core/stm32_lpm_if.o
                0x08000890                PWR_ExitStopMode
 .text.PWR_EnterSleepMode
                0x0800089c       0x10 ./Application/User/Core/stm32_lpm_if.o
                0x0800089c                PWR_EnterSleepMode
 .text.HAL_MspInit
                0x080008ac        0x2 ./Application/User/Core/stm32wlxx_hal_msp.o
                0x080008ac                HAL_MspInit
 .text.NMI_Handler
                0x080008ae        0x2 ./Application/User/Core/stm32wlxx_it.o
                0x080008ae                NMI_Handler
 .text.HardFault_Handler
                0x080008b0        0x2 ./Application/User/Core/stm32wlxx_it.o
                0x080008b0                HardFault_Handler
 .text.MemManage_Handler
                0x080008b2        0x2 ./Application/User/Core/stm32wlxx_it.o
                0x080008b2                MemManage_Handler
 .text.BusFault_Handler
                0x080008b4        0x2 ./Application/User/Core/stm32wlxx_it.o
                0x080008b4                BusFault_Handler
 .text.UsageFault_Handler
                0x080008b6        0x2 ./Application/User/Core/stm32wlxx_it.o
                0x080008b6                UsageFault_Handler
 .text.SVC_Handler
                0x080008b8        0x2 ./Application/User/Core/stm32wlxx_it.o
                0x080008b8                SVC_Handler
 .text.DebugMon_Handler
                0x080008ba        0x2 ./Application/User/Core/stm32wlxx_it.o
                0x080008ba                DebugMon_Handler
 .text.PendSV_Handler
                0x080008bc        0x2 ./Application/User/Core/stm32wlxx_it.o
                0x080008bc                PendSV_Handler
 .text.SysTick_Handler
                0x080008be        0x2 ./Application/User/Core/stm32wlxx_it.o
                0x080008be                SysTick_Handler
 .text.TAMP_STAMP_LSECSS_SSRU_IRQHandler
                0x080008c0       0x10 ./Application/User/Core/stm32wlxx_it.o
                0x080008c0                TAMP_STAMP_LSECSS_SSRU_IRQHandler
 .text.DMA1_Channel5_IRQHandler
                0x080008d0       0x10 ./Application/User/Core/stm32wlxx_it.o
                0x080008d0                DMA1_Channel5_IRQHandler
 .text.ADC_IRQHandler
                0x080008e0       0x10 ./Application/User/Core/stm32wlxx_it.o
                0x080008e0                ADC_IRQHandler
 .text.USART2_IRQHandler
                0x080008f0       0x10 ./Application/User/Core/stm32wlxx_it.o
                0x080008f0                USART2_IRQHandler
 .text.RTC_Alarm_IRQHandler
                0x08000900       0x10 ./Application/User/Core/stm32wlxx_it.o
                0x08000900                RTC_Alarm_IRQHandler
 .text.SUBGHZ_Radio_IRQHandler
                0x08000910       0x10 ./Application/User/Core/stm32wlxx_it.o
                0x08000910                SUBGHZ_Radio_IRQHandler
 .text.MX_SUBGHZ_Init
                0x08000920       0x1c ./Application/User/Core/subghz.o
                0x08000920                MX_SUBGHZ_Init
 .text.HAL_SUBGHZ_MspInit
                0x0800093c       0x30 ./Application/User/Core/subghz.o
                0x0800093c                HAL_SUBGHZ_MspInit
 .text.tiny_snprintf_like
                0x0800096c       0x1c ./Application/User/Core/sys_app.o
 .text.TimestampNow
                0x08000988       0x30 ./Application/User/Core/sys_app.o
 .text.SystemApp_Init
                0x080009b8       0x44 ./Application/User/Core/sys_app.o
                0x080009b8                SystemApp_Init
 .text.UTIL_SEQ_Idle
                0x080009fc        0x8 ./Application/User/Core/sys_app.o
                0x080009fc                UTIL_SEQ_Idle
 .text.UTIL_ADV_TRACE_PreSendHook
                0x08000a04        0xc ./Application/User/Core/sys_app.o
                0x08000a04                UTIL_ADV_TRACE_PreSendHook
 .text.UTIL_ADV_TRACE_PostSendHook
                0x08000a10        0xc ./Application/User/Core/sys_app.o
                0x08000a10                UTIL_ADV_TRACE_PostSendHook
 .text.HAL_InitTick
                0x08000a1c        0x4 ./Application/User/Core/sys_app.o
                0x08000a1c                HAL_InitTick
 .text.HAL_GetTick
                0x08000a20       0x18 ./Application/User/Core/sys_app.o
                0x08000a20                HAL_GetTick
 .text.HAL_Delay
                0x08000a38       0x12 ./Application/User/Core/sys_app.o
                0x08000a38                HAL_Delay
 *fill*         0x08000a4a        0x2 
 .text.DBG_Init
                0x08000a4c       0x88 ./Application/User/Core/sys_debug.o
                0x08000a4c                DBG_Init
 .text.TIMER_IF_SetTimerContext
                0x08000ad4       0x24 ./Application/User/Core/timer_if.o
                0x08000ad4                TIMER_IF_SetTimerContext
 .text.TIMER_IF_GetTimerContext
                0x08000af8        0xc ./Application/User/Core/timer_if.o
                0x08000af8                TIMER_IF_GetTimerContext
 .text.TIMER_IF_GetTimerElapsedTime
                0x08000b04       0x24 ./Application/User/Core/timer_if.o
                0x08000b04                TIMER_IF_GetTimerElapsedTime
 .text.TIMER_IF_GetTimerValue
                0x08000b28       0x28 ./Application/User/Core/timer_if.o
                0x08000b28                TIMER_IF_GetTimerValue
 .text.TIMER_IF_GetMinimumTimeout
                0x08000b50        0x4 ./Application/User/Core/timer_if.o
                0x08000b50                TIMER_IF_GetMinimumTimeout
 .text.TIMER_IF_Convert_ms2Tick
                0x08000b54       0x14 ./Application/User/Core/timer_if.o
                0x08000b54                TIMER_IF_Convert_ms2Tick
 .text.TIMER_IF_Convert_Tick2ms
                0x08000b68       0x28 ./Application/User/Core/timer_if.o
                0x08000b68                TIMER_IF_Convert_Tick2ms
 .text.TIMER_IF_StopTimer
                0x08000b90       0x28 ./Application/User/Core/timer_if.o
                0x08000b90                TIMER_IF_StopTimer
 .text.TIMER_IF_BkUp_Write_MSBticks
                0x08000bb8       0x14 ./Application/User/Core/timer_if.o
 .text.TIMER_IF_Init
                0x08000bcc       0x48 ./Application/User/Core/timer_if.o
                0x08000bcc                TIMER_IF_Init
 .text.TIMER_IF_BkUp_Write_Seconds
                0x08000c14       0x14 ./Application/User/Core/timer_if.o
                0x08000c14                TIMER_IF_BkUp_Write_Seconds
 .text.TIMER_IF_BkUp_Write_SubSeconds
                0x08000c28       0x14 ./Application/User/Core/timer_if.o
                0x08000c28                TIMER_IF_BkUp_Write_SubSeconds
 .text.TIMER_IF_StartTimer
                0x08000c3c       0x50 ./Application/User/Core/timer_if.o
                0x08000c3c                TIMER_IF_StartTimer
 .text.TIMER_IF_BkUp_Read_MSBticks
                0x08000c8c       0x10 ./Application/User/Core/timer_if.o
 .text.TIMER_IF_GetTime
                0x08000c9c       0x38 ./Application/User/Core/timer_if.o
                0x08000c9c                TIMER_IF_GetTime
 .text.TIMER_IF_BkUp_Read_Seconds
                0x08000cd4       0x10 ./Application/User/Core/timer_if.o
                0x08000cd4                TIMER_IF_BkUp_Read_Seconds
 .text.TIMER_IF_BkUp_Read_SubSeconds
                0x08000ce4       0x10 ./Application/User/Core/timer_if.o
                0x08000ce4                TIMER_IF_BkUp_Read_SubSeconds
 .text.TIMER_IF_DelayMs
                0x08000cf4       0x40 ./Application/User/Core/timer_if.o
                0x08000cf4                TIMER_IF_DelayMs
 .text.HAL_RTC_AlarmAEventCallback
                0x08000d34        0x8 ./Application/User/Core/timer_if.o
                0x08000d34                HAL_RTC_AlarmAEventCallback
 .text.HAL_RTCEx_SSRUEventCallback
                0x08000d3c        0xe ./Application/User/Core/timer_if.o
                0x08000d3c                HAL_RTCEx_SSRUEventCallback
 *fill*         0x08000d4a        0x2 
 .text.MX_USART2_UART_Init
                0x08000d4c       0x68 ./Application/User/Core/usart.o
                0x08000d4c                MX_USART2_UART_Init
 .text.HAL_UART_MspInit
                0x08000db4       0xe4 ./Application/User/Core/usart.o
                0x08000db4                HAL_UART_MspInit
 .text.HAL_UART_MspDeInit
                0x08000e98       0x38 ./Application/User/Core/usart.o
                0x08000e98                HAL_UART_MspDeInit
 .text.vcom_Init
                0x08000ed0       0x28 ./Application/User/Core/usart_if.o
                0x08000ed0                vcom_Init
 .text.vcom_DeInit
                0x08000ef8       0x2c ./Application/User/Core/usart_if.o
                0x08000ef8                vcom_DeInit
 .text.vcom_Trace_DMA
                0x08000f24       0x14 ./Application/User/Core/usart_if.o
                0x08000f24                vcom_Trace_DMA
 .text.vcom_ReceiveInit
                0x08000f38       0x5c ./Application/User/Core/usart_if.o
                0x08000f38                vcom_ReceiveInit
 .text.vcom_Resume
                0x08000f94       0x28 ./Application/User/Core/usart_if.o
                0x08000f94                vcom_Resume
 .text.HAL_UART_TxCpltCallback
                0x08000fbc       0x20 ./Application/User/Core/usart_if.o
                0x08000fbc                HAL_UART_TxCpltCallback
 .text.HAL_UART_RxCpltCallback
                0x08000fdc       0x38 ./Application/User/Core/usart_if.o
                0x08000fdc                HAL_UART_RxCpltCallback
 .text.Reset_Handler
                0x08001014       0x50 ./Application/User/Startup/startup_stm32wl55jcix.o
                0x08001014                Reset_Handler
 .text.Default_Handler
                0x08001064        0x2 ./Application/User/Startup/startup_stm32wl55jcix.o
                0x08001064                EXTI2_IRQHandler
                0x08001064                TIM1_CC_IRQHandler
                0x08001064                EXTI3_IRQHandler
                0x08001064                LPTIM2_IRQHandler
                0x08001064                I2C3_ER_IRQHandler
                0x08001064                LPTIM3_IRQHandler
                0x08001064                EXTI0_IRQHandler
                0x08001064                I2C2_EV_IRQHandler
                0x08001064                SPI1_IRQHandler
                0x08001064                DMA2_Channel2_IRQHandler
                0x08001064                DMA1_Channel4_IRQHandler
                0x08001064                PKA_IRQHandler
                0x08001064                TIM17_IRQHandler
                0x08001064                DMA1_Channel7_IRQHandler
                0x08001064                SUBGHZSPI_IRQHandler
                0x08001064                IPCC_C1_TX_IRQHandler
                0x08001064                DMA2_Channel1_IRQHandler
                0x08001064                I2C1_EV_IRQHandler
                0x08001064                DMAMUX1_OVR_IRQHandler
                0x08001064                DMA1_Channel6_IRQHandler
                0x08001064                TIM16_IRQHandler
                0x08001064                DMA2_Channel4_IRQHandler
                0x08001064                RCC_IRQHandler
                0x08001064                TIM1_TRG_COM_IRQHandler
                0x08001064                DMA1_Channel1_IRQHandler
                0x08001064                Default_Handler
                0x08001064                DMA2_Channel7_IRQHandler
                0x08001064                EXTI15_10_IRQHandler
                0x08001064                IPCC_C1_RX_IRQHandler
                0x08001064                C2SEV_PWR_C2H_IRQHandler
                0x08001064                I2C3_EV_IRQHandler
                0x08001064                EXTI9_5_IRQHandler
                0x08001064                RTC_WKUP_IRQHandler
                0x08001064                PVD_PVM_IRQHandler
                0x08001064                SPI2_IRQHandler
                0x08001064                DMA2_Channel5_IRQHandler
                0x08001064                EXTI4_IRQHandler
                0x08001064                RNG_IRQHandler
                0x08001064                DMA1_Channel3_IRQHandler
                0x08001064                COMP_IRQHandler
                0x08001064                HSEM_IRQHandler
                0x08001064                TIM1_UP_IRQHandler
                0x08001064                WWDG_IRQHandler
                0x08001064                LPUART1_IRQHandler
                0x08001064                DMA2_Channel6_IRQHandler
                0x08001064                TIM2_IRQHandler
                0x08001064                TIM1_BRK_IRQHandler
                0x08001064                DAC_IRQHandler
                0x08001064                EXTI1_IRQHandler
                0x08001064                AES_IRQHandler
                0x08001064                I2C2_ER_IRQHandler
                0x08001064                DMA1_Channel2_IRQHandler
                0x08001064                FLASH_IRQHandler
                0x08001064                USART1_IRQHandler
                0x08001064                I2C1_ER_IRQHandler
                0x08001064                LPTIM1_IRQHandler
                0x08001064                DMA2_Channel3_IRQHandler
 .text.MX_SubGHz_Phy_Init
                0x08001066        0xc ./Application/User/SubGHz_Phy/App/app_subghz_phy.o
                0x08001066                MX_SubGHz_Phy_Init
 .text.MX_SubGHz_Phy_Process
                0x08001072        0xc ./Application/User/SubGHz_Phy/App/app_subghz_phy.o
                0x08001072                MX_SubGHz_Phy_Process
 .text.OnRxDone
                0x0800107e        0x2 ./Application/User/SubGHz_Phy/App/subghz_phy_app.o
 .text.OnRxTimeout
                0x08001080        0x2 ./Application/User/SubGHz_Phy/App/subghz_phy_app.o
 .text.OnRxError
                0x08001082        0x2 ./Application/User/SubGHz_Phy/App/subghz_phy_app.o
 .text.ReInit_Peripherals
                0x08001084       0x74 ./Application/User/SubGHz_Phy/App/subghz_phy_app.o
 .text.PingPong_Process
                0x080010f8       0x44 ./Application/User/SubGHz_Phy/App/subghz_phy_app.o
 .text.OnTxTimeout
                0x0800113c       0x48 ./Application/User/SubGHz_Phy/App/subghz_phy_app.o
 .text.OnTxDone
                0x08001184       0x48 ./Application/User/SubGHz_Phy/App/subghz_phy_app.o
 .text.MX_PVD_Init
                0x080011cc       0x32 ./Application/User/SubGHz_Phy/App/subghz_phy_app.o
 *fill*         0x080011fe        0x2 
 .text.SubghzApp_Init
                0x08001200      0x108 ./Application/User/SubGHz_Phy/App/subghz_phy_app.o
                0x08001200                SubghzApp_Init
 .text.RBI_Init
                0x08001308        0x8 ./Application/User/SubGHz_Phy/Target/radio_board_if.o
                0x08001308                RBI_Init
 .text.RBI_ConfigRFSwitch
                0x08001310        0x8 ./Application/User/SubGHz_Phy/Target/radio_board_if.o
                0x08001310                RBI_ConfigRFSwitch
 .text.RBI_GetTxConfig
                0x08001318        0x8 ./Application/User/SubGHz_Phy/Target/radio_board_if.o
                0x08001318                RBI_GetTxConfig
 .text.RBI_IsTCXO
                0x08001320        0x8 ./Application/User/SubGHz_Phy/Target/radio_board_if.o
                0x08001320                RBI_IsTCXO
 .text.RBI_IsDCDC
                0x08001328        0x8 ./Application/User/SubGHz_Phy/Target/radio_board_if.o
                0x08001328                RBI_IsDCDC
 .text.RBI_GetRFOMaxPowerConfig
                0x08001330        0x8 ./Application/User/SubGHz_Phy/Target/radio_board_if.o
                0x08001330                RBI_GetRFOMaxPowerConfig
 .text.BSP_RADIO_Init
                0x08001338       0x84 ./Drivers/BSP/STM32WLxx_Nucleo/stm32wlxx_nucleo_radio.o
                0x08001338                BSP_RADIO_Init
 .text.BSP_RADIO_ConfigRFSwitch
                0x080013bc       0x9c ./Drivers/BSP/STM32WLxx_Nucleo/stm32wlxx_nucleo_radio.o
                0x080013bc                BSP_RADIO_ConfigRFSwitch
 .text.BSP_RADIO_GetTxConfig
                0x08001458        0x4 ./Drivers/BSP/STM32WLxx_Nucleo/stm32wlxx_nucleo_radio.o
                0x08001458                BSP_RADIO_GetTxConfig
 .text.BSP_RADIO_IsTCXO
                0x0800145c        0x4 ./Drivers/BSP/STM32WLxx_Nucleo/stm32wlxx_nucleo_radio.o
                0x0800145c                BSP_RADIO_IsTCXO
 .text.BSP_RADIO_IsDCDC
                0x08001460        0x4 ./Drivers/BSP/STM32WLxx_Nucleo/stm32wlxx_nucleo_radio.o
                0x08001460                BSP_RADIO_IsDCDC
 .text.BSP_RADIO_GetRFOMaxPowerConfig
                0x08001464        0xa ./Drivers/BSP/STM32WLxx_Nucleo/stm32wlxx_nucleo_radio.o
                0x08001464                BSP_RADIO_GetRFOMaxPowerConfig
 .text.SystemInit
                0x0800146e        0x2 ./Drivers/CMSIS/system_stm32wlxx.o
                0x0800146e                SystemInit
 .text.HAL_Init
                0x08001470       0x2c ./Drivers/STM32WLxx_HAL_Driver/stm32wlxx_hal.o
                0x08001470                HAL_Init
 .text.HAL_SuspendTick
                0x0800149c        0xe ./Drivers/STM32WLxx_HAL_Driver/stm32wlxx_hal.o
                0x0800149c                HAL_SuspendTick
 .text.HAL_ResumeTick
                0x080014aa        0xe ./Drivers/STM32WLxx_HAL_Driver/stm32wlxx_hal.o
                0x080014aa                HAL_ResumeTick
 .text.HAL_DBGMCU_DisableDBGSleepMode
                0x080014b8       0x10 ./Drivers/STM32WLxx_HAL_Driver/stm32wlxx_hal.o
                0x080014b8                HAL_DBGMCU_DisableDBGSleepMode
 .text.HAL_DBGMCU_DisableDBGStopMode
                0x080014c8       0x10 ./Drivers/STM32WLxx_HAL_Driver/stm32wlxx_hal.o
                0x080014c8                HAL_DBGMCU_DisableDBGStopMode
 .text.HAL_DBGMCU_DisableDBGStandbyMode
                0x080014d8       0x10 ./Drivers/STM32WLxx_HAL_Driver/stm32wlxx_hal.o
                0x080014d8                HAL_DBGMCU_DisableDBGStandbyMode
 .text.HAL_ADC_Init
                0x080014e8      0x230 ./Drivers/STM32WLxx_HAL_Driver/stm32wlxx_hal_adc.o
                0x080014e8                HAL_ADC_Init
 .text.HAL_ADC_PollForConversion
                0x08001718       0xbe ./Drivers/STM32WLxx_HAL_Driver/stm32wlxx_hal_adc.o
                0x08001718                HAL_ADC_PollForConversion
 .text.HAL_ADC_GetValue
                0x080017d6        0x6 ./Drivers/STM32WLxx_HAL_Driver/stm32wlxx_hal_adc.o
                0x080017d6                HAL_ADC_GetValue
 .text.HAL_ADC_LevelOutOfWindowCallback
                0x080017dc        0x2 ./Drivers/STM32WLxx_HAL_Driver/stm32wlxx_hal_adc.o
                0x080017dc                HAL_ADC_LevelOutOfWindowCallback
 .text.HAL_ADC_ErrorCallback
                0x080017de        0x2 ./Drivers/STM32WLxx_HAL_Driver/stm32wlxx_hal_adc.o
                0x080017de                HAL_ADC_ErrorCallback
 .text.HAL_ADC_IRQHandler
                0x080017e0      0x16c ./Drivers/STM32WLxx_HAL_Driver/stm32wlxx_hal_adc.o
                0x080017e0                HAL_ADC_IRQHandler
 .text.HAL_ADC_ConfigChannel
                0x0800194c      0x23c ./Drivers/STM32WLxx_HAL_Driver/stm32wlxx_hal_adc.o
                0x0800194c                HAL_ADC_ConfigChannel
 .text.ADC_ConversionStop
                0x08001b88       0x66 ./Drivers/STM32WLxx_HAL_Driver/stm32wlxx_hal_adc.o
                0x08001b88                ADC_ConversionStop
 *fill*         0x08001bee        0x2 
 .text.ADC_Enable
                0x08001bf0       0xe0 ./Drivers/STM32WLxx_HAL_Driver/stm32wlxx_hal_adc.o
                0x08001bf0                ADC_Enable
 .text.HAL_ADC_Start
                0x08001cd0       0x64 ./Drivers/STM32WLxx_HAL_Driver/stm32wlxx_hal_adc.o
                0x08001cd0                HAL_ADC_Start
 .text.ADC_Disable
                0x08001d34       0x94 ./Drivers/STM32WLxx_HAL_Driver/stm32wlxx_hal_adc.o
                0x08001d34                ADC_Disable
 .text.HAL_ADC_DeInit
                0x08001dc8       0xc0 ./Drivers/STM32WLxx_HAL_Driver/stm32wlxx_hal_adc.o
                0x08001dc8                HAL_ADC_DeInit
 .text.HAL_ADC_Stop
                0x08001e88       0x40 ./Drivers/STM32WLxx_HAL_Driver/stm32wlxx_hal_adc.o
                0x08001e88                HAL_ADC_Stop
 .text.HAL_ADCEx_LevelOutOfWindow2Callback
                0x08001ec8        0x2 ./Drivers/STM32WLxx_HAL_Driver/stm32wlxx_hal_adc_ex.o
                0x08001ec8                HAL_ADCEx_LevelOutOfWindow2Callback
 .text.HAL_ADCEx_LevelOutOfWindow3Callback
                0x08001eca        0x2 ./Drivers/STM32WLxx_HAL_Driver/stm32wlxx_hal_adc_ex.o
                0x08001eca                HAL_ADCEx_LevelOutOfWindow3Callback
 .text.HAL_ADCEx_EndOfSamplingCallback
                0x08001ecc        0x2 ./Drivers/STM32WLxx_HAL_Driver/stm32wlxx_hal_adc_ex.o
                0x08001ecc                HAL_ADCEx_EndOfSamplingCallback
 .text.HAL_ADCEx_ChannelConfigReadyCallback
                0x08001ece        0x2 ./Drivers/STM32WLxx_HAL_Driver/stm32wlxx_hal_adc_ex.o
                0x08001ece                HAL_ADCEx_ChannelConfigReadyCallback
 .text.__NVIC_EnableIRQ
                0x08001ed0       0x1c ./Drivers/STM32WLxx_HAL_Driver/stm32wlxx_hal_cortex.o
 .text.__NVIC_DisableIRQ
                0x08001eec       0x24 ./Drivers/STM32WLxx_HAL_Driver/stm32wlxx_hal_cortex.o
 .text.__NVIC_SetPriority
                0x08001f10       0x28 ./Drivers/STM32WLxx_HAL_Driver/stm32wlxx_hal_cortex.o
 .text.NVIC_EncodePriority
                0x08001f38       0x3e ./Drivers/STM32WLxx_HAL_Driver/stm32wlxx_hal_cortex.o
 *fill*         0x08001f76        0x2 
 .text.HAL_NVIC_SetPriorityGrouping
                0x08001f78       0x24 ./Drivers/STM32WLxx_HAL_Driver/stm32wlxx_hal_cortex.o
                0x08001f78                HAL_NVIC_SetPriorityGrouping
 .text.HAL_NVIC_SetPriority
                0x08001f9c       0x20 ./Drivers/STM32WLxx_HAL_Driver/stm32wlxx_hal_cortex.o
                0x08001f9c                HAL_NVIC_SetPriority
 .text.HAL_NVIC_EnableIRQ
                0x08001fbc        0x8 ./Drivers/STM32WLxx_HAL_Driver/stm32wlxx_hal_cortex.o
                0x08001fbc                HAL_NVIC_EnableIRQ
 .text.HAL_NVIC_DisableIRQ
                0x08001fc4        0x8 ./Drivers/STM32WLxx_HAL_Driver/stm32wlxx_hal_cortex.o
                0x08001fc4                HAL_NVIC_DisableIRQ
 .text.DMA_SetConfig
                0x08001fcc       0x4e ./Drivers/STM32WLxx_HAL_Driver/stm32wlxx_hal_dma.o
 *fill*         0x0800201a        0x2 
 .text.DMA_CalcDMAMUXChannelBaseAndMask
                0x0800201c       0x64 ./Drivers/STM32WLxx_HAL_Driver/stm32wlxx_hal_dma.o
 .text.DMA_CalcDMAMUXRequestGenBaseAndMask
                0x08002080       0x2c ./Drivers/STM32WLxx_HAL_Driver/stm32wlxx_hal_dma.o
 .text.HAL_DMA_Init
                0x080020ac       0xe4 ./Drivers/STM32WLxx_HAL_Driver/stm32wlxx_hal_dma.o
                0x080020ac                HAL_DMA_Init
 .text.HAL_DMA_DeInit
                0x08002190       0xb8 ./Drivers/STM32WLxx_HAL_Driver/stm32wlxx_hal_dma.o
                0x08002190                HAL_DMA_DeInit
 .text.HAL_DMA_Start_IT
                0x08002248       0x98 ./Drivers/STM32WLxx_HAL_Driver/stm32wlxx_hal_dma.o
                0x08002248                HAL_DMA_Start_IT
 .text.HAL_DMA_Abort
                0x080022e0       0x74 ./Drivers/STM32WLxx_HAL_Driver/stm32wlxx_hal_dma.o
                0x080022e0                HAL_DMA_Abort
 .text.HAL_DMA_Abort_IT
                0x08002354       0x72 ./Drivers/STM32WLxx_HAL_Driver/stm32wlxx_hal_dma.o
                0x08002354                HAL_DMA_Abort_IT
 *fill*         0x080023c6        0x2 
 .text.HAL_DMA_IRQHandler
                0x080023c8       0xe8 ./Drivers/STM32WLxx_HAL_Driver/stm32wlxx_hal_dma.o
                0x080023c8                HAL_DMA_IRQHandler
 .text.HAL_DMA_ConfigChannelAttributes
                0x080024b0       0x26 ./Drivers/STM32WLxx_HAL_Driver/stm32wlxx_hal_dma.o
                0x080024b0                HAL_DMA_ConfigChannelAttributes
 *fill*         0x080024d6        0x2 
 .text.HAL_GPIO_Init
                0x080024d8      0x1a4 ./Drivers/STM32WLxx_HAL_Driver/stm32wlxx_hal_gpio.o
                0x080024d8                HAL_GPIO_Init
 .text.HAL_GPIO_DeInit
                0x0800267c       0xfc ./Drivers/STM32WLxx_HAL_Driver/stm32wlxx_hal_gpio.o
                0x0800267c                HAL_GPIO_DeInit
 .text.HAL_GPIO_WritePin
                0x08002778        0xa ./Drivers/STM32WLxx_HAL_Driver/stm32wlxx_hal_gpio.o
                0x08002778                HAL_GPIO_WritePin
 *fill*         0x08002782        0x2 
 .text.HAL_PWR_EnableBkUpAccess
                0x08002784       0x10 ./Drivers/STM32WLxx_HAL_Driver/stm32wlxx_hal_pwr.o
                0x08002784                HAL_PWR_EnableBkUpAccess
 .text.HAL_PWR_ConfigPVD
                0x08002794       0x74 ./Drivers/STM32WLxx_HAL_Driver/stm32wlxx_hal_pwr.o
                0x08002794                HAL_PWR_ConfigPVD
 .text.HAL_PWR_EnablePVD
                0x08002808       0x10 ./Drivers/STM32WLxx_HAL_Driver/stm32wlxx_hal_pwr.o
                0x08002808                HAL_PWR_EnablePVD
 .text.HAL_PWR_EnterSLEEPMode
                0x08002818       0x4c ./Drivers/STM32WLxx_HAL_Driver/stm32wlxx_hal_pwr.o
                0x08002818                HAL_PWR_EnterSLEEPMode
 .text.HAL_PWR_EnterSTOPMode
                0x08002864       0x18 ./Drivers/STM32WLxx_HAL_Driver/stm32wlxx_hal_pwr.o
                0x08002864                HAL_PWR_EnterSTOPMode
 .text.HAL_PWREx_GetVoltageRange
                0x0800287c       0x10 ./Drivers/STM32WLxx_HAL_Driver/stm32wlxx_hal_pwr_ex.o
                0x0800287c                HAL_PWREx_GetVoltageRange
 .text.HAL_PWREx_EnableLowPowerRunMode
                0x0800288c       0x10 ./Drivers/STM32WLxx_HAL_Driver/stm32wlxx_hal_pwr_ex.o
                0x0800288c                HAL_PWREx_EnableLowPowerRunMode
 .text.HAL_PWREx_DisableLowPowerRunMode
                0x0800289c       0x4c ./Drivers/STM32WLxx_HAL_Driver/stm32wlxx_hal_pwr_ex.o
                0x0800289c                HAL_PWREx_DisableLowPowerRunMode
 .text.HAL_PWREx_EnterSTOP0Mode
                0x080028e8       0x38 ./Drivers/STM32WLxx_HAL_Driver/stm32wlxx_hal_pwr_ex.o
                0x080028e8                HAL_PWREx_EnterSTOP0Mode
 .text.HAL_PWREx_EnterSTOP1Mode
                0x08002920       0x3c ./Drivers/STM32WLxx_HAL_Driver/stm32wlxx_hal_pwr_ex.o
                0x08002920                HAL_PWREx_EnterSTOP1Mode
 .text.HAL_PWREx_EnterSTOP2Mode
                0x0800295c       0x3c ./Drivers/STM32WLxx_HAL_Driver/stm32wlxx_hal_pwr_ex.o
                0x0800295c                HAL_PWREx_EnterSTOP2Mode
 .text.RCC_SetFlashLatency
                0x08002998       0xbc ./Drivers/STM32WLxx_HAL_Driver/stm32wlxx_hal_rcc.o
 .text.RCC_SetFlashLatencyFromMSIRange
                0x08002a54       0x44 ./Drivers/STM32WLxx_HAL_Driver/stm32wlxx_hal_rcc.o
 .text.HAL_RCC_GetSysClockFreq
                0x08002a98      0x110 ./Drivers/STM32WLxx_HAL_Driver/stm32wlxx_hal_rcc.o
                0x08002a98                HAL_RCC_GetSysClockFreq
 .text.HAL_RCC_GetHCLKFreq
                0x08002ba8       0x20 ./Drivers/STM32WLxx_HAL_Driver/stm32wlxx_hal_rcc.o
                0x08002ba8                HAL_RCC_GetHCLKFreq
 .text.HAL_RCC_OscConfig
                0x08002bc8      0x664 ./Drivers/STM32WLxx_HAL_Driver/stm32wlxx_hal_rcc.o
                0x08002bc8                HAL_RCC_OscConfig
 .text.HAL_RCC_ClockConfig
                0x0800322c      0x268 ./Drivers/STM32WLxx_HAL_Driver/stm32wlxx_hal_rcc.o
                0x0800322c                HAL_RCC_ClockConfig
 .text.HAL_RCC_GetPCLK1Freq
                0x08003494       0x20 ./Drivers/STM32WLxx_HAL_Driver/stm32wlxx_hal_rcc.o
                0x08003494                HAL_RCC_GetPCLK1Freq
 .text.HAL_RCC_GetPCLK2Freq
                0x080034b4       0x20 ./Drivers/STM32WLxx_HAL_Driver/stm32wlxx_hal_rcc.o
                0x080034b4                HAL_RCC_GetPCLK2Freq
 .text.LL_RCC_SetI2CClockSource
                0x080034d4       0x20 ./Drivers/STM32WLxx_HAL_Driver/stm32wlxx_hal_rcc_ex.o
 .text.HAL_RCCEx_PeriphCLKConfig
                0x080034f4      0x244 ./Drivers/STM32WLxx_HAL_Driver/stm32wlxx_hal_rcc_ex.o
                0x080034f4                HAL_RCCEx_PeriphCLKConfig
 .text.HAL_RTC_DeactivateAlarm
                0x08003738       0x80 ./Drivers/STM32WLxx_HAL_Driver/stm32wlxx_hal_rtc.o
                0x08003738                HAL_RTC_DeactivateAlarm
 .text.HAL_RTC_AlarmIRQHandler
                0x080037b8       0x40 ./Drivers/STM32WLxx_HAL_Driver/stm32wlxx_hal_rtc.o
                0x080037b8                HAL_RTC_AlarmIRQHandler
 .text.HAL_RTC_WaitForSynchro
                0x080037f8       0x34 ./Drivers/STM32WLxx_HAL_Driver/stm32wlxx_hal_rtc.o
                0x080037f8                HAL_RTC_WaitForSynchro
 .text.RTC_EnterInitMode
                0x0800382c       0x4c ./Drivers/STM32WLxx_HAL_Driver/stm32wlxx_hal_rtc.o
                0x0800382c                RTC_EnterInitMode
 .text.RTC_ExitInitMode
                0x08003878       0x4c ./Drivers/STM32WLxx_HAL_Driver/stm32wlxx_hal_rtc.o
                0x08003878                RTC_ExitInitMode
 .text.HAL_RTC_Init
                0x080038c4       0xb8 ./Drivers/STM32WLxx_HAL_Driver/stm32wlxx_hal_rtc.o
                0x080038c4                HAL_RTC_Init
 .text.RTC_ByteToBcd2
                0x0800397c       0x16 ./Drivers/STM32WLxx_HAL_Driver/stm32wlxx_hal_rtc.o
                0x0800397c                RTC_ByteToBcd2
 *fill*         0x08003992        0x2 
 .text.HAL_RTC_SetAlarm_IT
                0x08003994      0x178 ./Drivers/STM32WLxx_HAL_Driver/stm32wlxx_hal_rtc.o
                0x08003994                HAL_RTC_SetAlarm_IT
 .text.HAL_RTCEx_EnableBypassShadow
                0x08003b0c       0x40 ./Drivers/STM32WLxx_HAL_Driver/stm32wlxx_hal_rtc_ex.o
                0x08003b0c                HAL_RTCEx_EnableBypassShadow
 .text.HAL_RTCEx_SetSSRU_IT
                0x08003b4c       0x58 ./Drivers/STM32WLxx_HAL_Driver/stm32wlxx_hal_rtc_ex.o
                0x08003b4c                HAL_RTCEx_SetSSRU_IT
 .text.HAL_RTCEx_SSRUIRQHandler
                0x08003ba4       0x28 ./Drivers/STM32WLxx_HAL_Driver/stm32wlxx_hal_rtc_ex.o
                0x08003ba4                HAL_RTCEx_SSRUIRQHandler
 .text.HAL_RTCEx_AlarmBEventCallback
                0x08003bcc        0x2 ./Drivers/STM32WLxx_HAL_Driver/stm32wlxx_hal_rtc_ex.o
                0x08003bcc                HAL_RTCEx_AlarmBEventCallback
 .text.HAL_RTCEx_BKUPWrite
                0x08003bce        0xe ./Drivers/STM32WLxx_HAL_Driver/stm32wlxx_hal_rtc_ex.o
                0x08003bce                HAL_RTCEx_BKUPWrite
 .text.HAL_RTCEx_BKUPRead
                0x08003bdc        0xe ./Drivers/STM32WLxx_HAL_Driver/stm32wlxx_hal_rtc_ex.o
                0x08003bdc                HAL_RTCEx_BKUPRead
 *fill*         0x08003bea        0x2 
 .text.SUBGHZSPI_Init
                0x08003bec       0x24 ./Drivers/STM32WLxx_HAL_Driver/stm32wlxx_hal_subghz.o
                0x08003bec                SUBGHZSPI_Init
 .text.HAL_SUBGHZ_Init
                0x08003c10       0xd4 ./Drivers/STM32WLxx_HAL_Driver/stm32wlxx_hal_subghz.o
                0x08003c10                HAL_SUBGHZ_Init
 .text.SUBGHZSPI_Transmit
                0x08003ce4       0x78 ./Drivers/STM32WLxx_HAL_Driver/stm32wlxx_hal_subghz.o
                0x08003ce4                SUBGHZSPI_Transmit
 .text.SUBGHZSPI_Receive
                0x08003d5c       0x80 ./Drivers/STM32WLxx_HAL_Driver/stm32wlxx_hal_subghz.o
                0x08003d5c                SUBGHZSPI_Receive
 .text.SUBGHZ_WaitOnBusy
                0x08003ddc       0x58 ./Drivers/STM32WLxx_HAL_Driver/stm32wlxx_hal_subghz.o
                0x08003ddc                SUBGHZ_WaitOnBusy
 .text.SUBGHZ_CheckDeviceReady
                0x08003e34       0x54 ./Drivers/STM32WLxx_HAL_Driver/stm32wlxx_hal_subghz.o
                0x08003e34                SUBGHZ_CheckDeviceReady
 .text.HAL_SUBGHZ_WriteRegisters
                0x08003e88       0xa0 ./Drivers/STM32WLxx_HAL_Driver/stm32wlxx_hal_subghz.o
                0x08003e88                HAL_SUBGHZ_WriteRegisters
 .text.HAL_SUBGHZ_ReadRegisters
                0x08003f28       0xa8 ./Drivers/STM32WLxx_HAL_Driver/stm32wlxx_hal_subghz.o
                0x08003f28                HAL_SUBGHZ_ReadRegisters
 .text.HAL_SUBGHZ_ExecSetCmd
                0x08003fd0       0xac ./Drivers/STM32WLxx_HAL_Driver/stm32wlxx_hal_subghz.o
                0x08003fd0                HAL_SUBGHZ_ExecSetCmd
 .text.HAL_SUBGHZ_ExecGetCmd
                0x0800407c       0x98 ./Drivers/STM32WLxx_HAL_Driver/stm32wlxx_hal_subghz.o
                0x0800407c                HAL_SUBGHZ_ExecGetCmd
 .text.HAL_SUBGHZ_IRQHandler
                0x08004114       0xd0 ./Drivers/STM32WLxx_HAL_Driver/stm32wlxx_hal_subghz.o
                0x08004114                HAL_SUBGHZ_IRQHandler
 .text.HAL_SUBGHZ_WriteBuffer
                0x080041e4       0x94 ./Drivers/STM32WLxx_HAL_Driver/stm32wlxx_hal_subghz.o
                0x080041e4                HAL_SUBGHZ_WriteBuffer
 .text.HAL_SUBGHZ_ReadBuffer
                0x08004278       0xa0 ./Drivers/STM32WLxx_HAL_Driver/stm32wlxx_hal_subghz.o
                0x08004278                HAL_SUBGHZ_ReadBuffer
 .text.UART_EndTxTransfer
                0x08004318       0x32 ./Drivers/STM32WLxx_HAL_Driver/stm32wlxx_hal_uart.o
 .text.UART_EndRxTransfer
                0x0800434a       0x56 ./Drivers/STM32WLxx_HAL_Driver/stm32wlxx_hal_uart.o
 .text.HAL_UART_Transmit_DMA
                0x080043a0       0xa0 ./Drivers/STM32WLxx_HAL_Driver/stm32wlxx_hal_uart.o
                0x080043a0                HAL_UART_Transmit_DMA
 .text.UART_DMATransmitCplt
                0x08004440       0x48 ./Drivers/STM32WLxx_HAL_Driver/stm32wlxx_hal_uart.o
 .text.UART_EndTransmit_IT
                0x08004488       0x24 ./Drivers/STM32WLxx_HAL_Driver/stm32wlxx_hal_uart.o
 .text.HAL_UART_TxHalfCpltCallback
                0x080044ac        0x2 ./Drivers/STM32WLxx_HAL_Driver/stm32wlxx_hal_uart.o
                0x080044ac                HAL_UART_TxHalfCpltCallback
 .text.UART_DMATxHalfCplt
                0x080044ae        0xa ./Drivers/STM32WLxx_HAL_Driver/stm32wlxx_hal_uart.o
 .text.HAL_UART_ErrorCallback
                0x080044b8        0x2 ./Drivers/STM32WLxx_HAL_Driver/stm32wlxx_hal_uart.o
                0x080044b8                HAL_UART_ErrorCallback
 .text.UART_DMAError
                0x080044ba       0x58 ./Drivers/STM32WLxx_HAL_Driver/stm32wlxx_hal_uart.o
 .text.UART_DMAAbortOnError
                0x08004512       0x14 ./Drivers/STM32WLxx_HAL_Driver/stm32wlxx_hal_uart.o
 .text.HAL_UARTEx_RxEventCallback
                0x08004526        0x2 ./Drivers/STM32WLxx_HAL_Driver/stm32wlxx_hal_uart.o
                0x08004526                HAL_UARTEx_RxEventCallback
 .text.HAL_UART_IRQHandler
                0x08004528      0x344 ./Drivers/STM32WLxx_HAL_Driver/stm32wlxx_hal_uart.o
                0x08004528                HAL_UART_IRQHandler
 .text.UART_RxISR_8BIT
                0x0800486c       0xdc ./Drivers/STM32WLxx_HAL_Driver/stm32wlxx_hal_uart.o
 .text.UART_RxISR_16BIT
                0x08004948       0xd8 ./Drivers/STM32WLxx_HAL_Driver/stm32wlxx_hal_uart.o
 .text.UART_RxISR_8BIT_FIFOEN
                0x08004a20      0x1cc ./Drivers/STM32WLxx_HAL_Driver/stm32wlxx_hal_uart.o
 .text.UART_RxISR_16BIT_FIFOEN
                0x08004bec      0x1c8 ./Drivers/STM32WLxx_HAL_Driver/stm32wlxx_hal_uart.o
 .text.UART_SetConfig
                0x08004db4      0x2cc ./Drivers/STM32WLxx_HAL_Driver/stm32wlxx_hal_uart.o
                0x08004db4                UART_SetConfig
 .text.UART_AdvFeatureConfig
                0x08005080       0xca ./Drivers/STM32WLxx_HAL_Driver/stm32wlxx_hal_uart.o
                0x08005080                UART_AdvFeatureConfig
 .text.UART_WaitOnFlagUntilTimeout
                0x0800514a       0xd8 ./Drivers/STM32WLxx_HAL_Driver/stm32wlxx_hal_uart.o
                0x0800514a                UART_WaitOnFlagUntilTimeout
 .text.UART_CheckIdleState
                0x08005222       0x76 ./Drivers/STM32WLxx_HAL_Driver/stm32wlxx_hal_uart.o
                0x08005222                UART_CheckIdleState
 .text.HAL_UART_Init
                0x08005298       0x66 ./Drivers/STM32WLxx_HAL_Driver/stm32wlxx_hal_uart.o
                0x08005298                HAL_UART_Init
 *fill*         0x080052fe        0x2 
 .text.UART_Start_Receive_IT
                0x08005300      0x13c ./Drivers/STM32WLxx_HAL_Driver/stm32wlxx_hal_uart.o
                0x08005300                UART_Start_Receive_IT
 .text.HAL_UART_Receive_IT
                0x0800543c       0x4c ./Drivers/STM32WLxx_HAL_Driver/stm32wlxx_hal_uart.o
                0x0800543c                HAL_UART_Receive_IT
 .text.UARTEx_Wakeup_AddressConfig
                0x08005488       0x2e ./Drivers/STM32WLxx_HAL_Driver/stm32wlxx_hal_uart_ex.o
 *fill*         0x080054b6        0x2 
 .text.UARTEx_SetNbDataToProcess
                0x080054b8       0x4c ./Drivers/STM32WLxx_HAL_Driver/stm32wlxx_hal_uart_ex.o
 .text.HAL_UARTEx_WakeupCallback
                0x08005504        0x2 ./Drivers/STM32WLxx_HAL_Driver/stm32wlxx_hal_uart_ex.o
                0x08005504                HAL_UARTEx_WakeupCallback
 .text.HAL_UARTEx_RxFifoFullCallback
                0x08005506        0x2 ./Drivers/STM32WLxx_HAL_Driver/stm32wlxx_hal_uart_ex.o
                0x08005506                HAL_UARTEx_RxFifoFullCallback
 .text.HAL_UARTEx_TxFifoEmptyCallback
                0x08005508        0x2 ./Drivers/STM32WLxx_HAL_Driver/stm32wlxx_hal_uart_ex.o
                0x08005508                HAL_UARTEx_TxFifoEmptyCallback
 .text.HAL_UARTEx_StopModeWakeUpSourceConfig
                0x0800550a       0x82 ./Drivers/STM32WLxx_HAL_Driver/stm32wlxx_hal_uart_ex.o
                0x0800550a                HAL_UARTEx_StopModeWakeUpSourceConfig
 .text.HAL_UARTEx_EnableStopMode
                0x0800558c       0x2e ./Drivers/STM32WLxx_HAL_Driver/stm32wlxx_hal_uart_ex.o
                0x0800558c                HAL_UARTEx_EnableStopMode
 .text.HAL_UARTEx_EnableFifoMode
                0x080055ba       0x48 ./Drivers/STM32WLxx_HAL_Driver/stm32wlxx_hal_uart_ex.o
                0x080055ba                HAL_UARTEx_EnableFifoMode
 .text.HAL_UARTEx_SetTxFifoThreshold
                0x08005602       0x4a ./Drivers/STM32WLxx_HAL_Driver/stm32wlxx_hal_uart_ex.o
                0x08005602                HAL_UARTEx_SetTxFifoThreshold
 .text.HAL_UARTEx_SetRxFifoThreshold
                0x0800564c       0x4a ./Drivers/STM32WLxx_HAL_Driver/stm32wlxx_hal_uart_ex.o
                0x0800564c                HAL_UARTEx_SetRxFifoThreshold
 .text.RadioCheckRfFrequency
                0x08005696        0x4 ./Middlewares/SubGHz_Phy/radio.o
 *fill*         0x0800569a        0x2 
 .text.RadioGetLoRaBandwidthInHz
                0x0800569c       0x5c ./Middlewares/SubGHz_Phy/radio.o
 .text.RadioGetGfskTimeOnAirNumerator
                0x080056f8       0x26 ./Middlewares/SubGHz_Phy/radio.o
 .text.RadioGetLoRaTimeOnAirNumerator
                0x0800571e       0xa2 ./Middlewares/SubGHz_Phy/radio.o
 .text.RadioTimeOnAir
                0x080057c0       0x74 ./Middlewares/SubGHz_Phy/radio.o
 .text.RadioOnTxTimeoutProcess
                0x08005834       0x20 ./Middlewares/SubGHz_Phy/radio.o
 .text.RadioOnTxTimeoutIrq
                0x08005854        0x8 ./Middlewares/SubGHz_Phy/radio.o
 .text.RadioOnRxTimeoutProcess
                0x0800585c       0x20 ./Middlewares/SubGHz_Phy/radio.o
 .text.RadioOnRxTimeoutIrq
                0x0800587c        0x8 ./Middlewares/SubGHz_Phy/radio.o
 .text.payload_integration
                0x08005884       0xac ./Middlewares/SubGHz_Phy/radio.o
 .text.RadioLrFhssSetCfg
                0x08005930        0x4 ./Middlewares/SubGHz_Phy/radio.o
 .text.RadioLrFhssGetTimeOnAirInMs
                0x08005934        0x4 ./Middlewares/SubGHz_Phy/radio.o
 .text.RadioSetMaxPayloadLength
                0x08005938       0x38 ./Middlewares/SubGHz_Phy/radio.o
 .text.RadioRead
                0x08005970        0x8 ./Middlewares/SubGHz_Phy/radio.o
 .text.RadioWrite
                0x08005978        0x8 ./Middlewares/SubGHz_Phy/radio.o
 .text.RadioTxCw
                0x08005980       0x20 ./Middlewares/SubGHz_Phy/radio.o
 .text.RadioTxPrbs
                0x080059a0       0x2c ./Middlewares/SubGHz_Phy/radio.o
 .text.RadioSetRxDutyCycle
                0x080059cc       0x34 ./Middlewares/SubGHz_Phy/radio.o
 .text.RadioRxBoosted
                0x08005a00       0x70 ./Middlewares/SubGHz_Phy/radio.o
 .text.RadioStandby
                0x08005a70        0xa ./Middlewares/SubGHz_Phy/radio.o
 .text.RadioGetStatus
                0x08005a7a       0x22 ./Middlewares/SubGHz_Phy/radio.o
 .text.RadioIrqProcess
                0x08005a9c      0x348 ./Middlewares/SubGHz_Phy/radio.o
 .text.RadioOnDioIrq
                0x08005de4       0x14 ./Middlewares/SubGHz_Phy/radio.o
 .text.RadioGetWakeupTime
                0x08005df8        0xa ./Middlewares/SubGHz_Phy/radio.o
 .text.RadioReadRegisters
                0x08005e02        0x8 ./Middlewares/SubGHz_Phy/radio.o
 .text.RadioWriteRegisters
                0x08005e0a        0x8 ./Middlewares/SubGHz_Phy/radio.o
 .text.RadioRssi
                0x08005e12        0x8 ./Middlewares/SubGHz_Phy/radio.o
 *fill*         0x08005e1a        0x2 
 .text.RadioSetTxContinuousWave
                0x08005e1c       0x44 ./Middlewares/SubGHz_Phy/radio.o
 .text.RadioSetChannel
                0x08005e60        0x8 ./Middlewares/SubGHz_Phy/radio.o
 .text.RadioStartCad
                0x08005e68       0x28 ./Middlewares/SubGHz_Phy/radio.o
 .text.RadioRx  0x08005e90       0x70 ./Middlewares/SubGHz_Phy/radio.o
 .text.RadioSleep
                0x08005f00       0x12 ./Middlewares/SubGHz_Phy/radio.o
 *fill*         0x08005f12        0x2 
 .text.RadioSend
                0x08005f14      0x1a4 ./Middlewares/SubGHz_Phy/radio.o
 .text.RadioRandom
                0x080060b8       0x14 ./Middlewares/SubGHz_Phy/radio.o
 .text.RadioSetModem
                0x080060cc       0x7c ./Middlewares/SubGHz_Phy/radio.o
 .text.RadioSetTxGenericConfig
                0x08006148      0x310 ./Middlewares/SubGHz_Phy/radio.o
 .text.RadioSetRxGenericConfig
                0x08006458      0x280 ./Middlewares/SubGHz_Phy/radio.o
 .text.RadioSetPublicNetwork
                0x080066d8       0x44 ./Middlewares/SubGHz_Phy/radio.o
 .text.RadioSetTxConfig
                0x0800671c      0x1ac ./Middlewares/SubGHz_Phy/radio.o
 .text.RadioSetRxConfig
                0x080068c8      0x2f8 ./Middlewares/SubGHz_Phy/radio.o
 .text.RadioIsChannelFree
                0x08006bc0       0x7c ./Middlewares/SubGHz_Phy/radio.o
 .text.RadioInit
                0x08006c3c       0x98 ./Middlewares/SubGHz_Phy/radio.o
 .text.SUBGRF_GetOperatingMode
                0x08006cd4        0xc ./Middlewares/SubGHz_Phy/radio_driver.o
                0x08006cd4                SUBGRF_GetOperatingMode
 .text.SUBGRF_GetPacketType
                0x08006ce0        0xc ./Middlewares/SubGHz_Phy/radio_driver.o
                0x08006ce0                SUBGRF_GetPacketType
 .text.SUBGRF_WriteRegister
                0x08006cec       0x20 ./Middlewares/SubGHz_Phy/radio_driver.o
                0x08006cec                SUBGRF_WriteRegister
 .text.SUBGRF_ReadRegister
                0x08006d0c       0x20 ./Middlewares/SubGHz_Phy/radio_driver.o
                0x08006d0c                SUBGRF_ReadRegister
 .text.Radio_SMPS_Set
                0x08006d2c       0x26 ./Middlewares/SubGHz_Phy/radio_driver.o
 .text.SUBGRF_SetWhiteningSeed
                0x08006d52       0x32 ./Middlewares/SubGHz_Phy/radio_driver.o
                0x08006d52                SUBGRF_SetWhiteningSeed
 .text.SUBGRF_WriteRegisters
                0x08006d84       0x20 ./Middlewares/SubGHz_Phy/radio_driver.o
                0x08006d84                SUBGRF_WriteRegisters
 .text.SUBGRF_SetSyncWord
                0x08006da4       0x12 ./Middlewares/SubGHz_Phy/radio_driver.o
                0x08006da4                SUBGRF_SetSyncWord
 .text.SUBGRF_SetCrcSeed
                0x08006db6       0x28 ./Middlewares/SubGHz_Phy/radio_driver.o
                0x08006db6                SUBGRF_SetCrcSeed
 .text.SUBGRF_SetCrcPolynomial
                0x08006dde       0x28 ./Middlewares/SubGHz_Phy/radio_driver.o
                0x08006dde                SUBGRF_SetCrcPolynomial
 *fill*         0x08006e06        0x2 
 .text.SUBGRF_ReadRegisters
                0x08006e08       0x20 ./Middlewares/SubGHz_Phy/radio_driver.o
                0x08006e08                SUBGRF_ReadRegisters
 .text.SUBGRF_WriteBuffer
                0x08006e28       0x20 ./Middlewares/SubGHz_Phy/radio_driver.o
                0x08006e28                SUBGRF_WriteBuffer
 .text.SUBGRF_SetPayload
                0x08006e48        0xe ./Middlewares/SubGHz_Phy/radio_driver.o
                0x08006e48                SUBGRF_SetPayload
 *fill*         0x08006e56        0x2 
 .text.SUBGRF_ReadBuffer
                0x08006e58       0x20 ./Middlewares/SubGHz_Phy/radio_driver.o
                0x08006e58                SUBGRF_ReadBuffer
 .text.SUBGRF_WriteCommand
                0x08006e78       0x20 ./Middlewares/SubGHz_Phy/radio_driver.o
                0x08006e78                SUBGRF_WriteCommand
 .text.SUBGRF_SetSleep
                0x08006e98       0x40 ./Middlewares/SubGHz_Phy/radio_driver.o
                0x08006e98                SUBGRF_SetSleep
 .text.SUBGRF_SetStandby
                0x08006ed8       0x34 ./Middlewares/SubGHz_Phy/radio_driver.o
                0x08006ed8                SUBGRF_SetStandby
 .text.SUBGRF_SetTx
                0x08006f0c       0x34 ./Middlewares/SubGHz_Phy/radio_driver.o
                0x08006f0c                SUBGRF_SetTx
 .text.SUBGRF_SendPayload
                0x08006f40       0x10 ./Middlewares/SubGHz_Phy/radio_driver.o
                0x08006f40                SUBGRF_SendPayload
 .text.SUBGRF_SetRx
                0x08006f50       0x34 ./Middlewares/SubGHz_Phy/radio_driver.o
                0x08006f50                SUBGRF_SetRx
 .text.SUBGRF_GetRandom
                0x08006f84       0x6a ./Middlewares/SubGHz_Phy/radio_driver.o
                0x08006f84                SUBGRF_GetRandom
 *fill*         0x08006fee        0x2 
 .text.SUBGRF_SetRxBoosted
                0x08006ff0       0x3c ./Middlewares/SubGHz_Phy/radio_driver.o
                0x08006ff0                SUBGRF_SetRxBoosted
 .text.SUBGRF_SetRxDutyCycle
                0x0800702c       0x48 ./Middlewares/SubGHz_Phy/radio_driver.o
                0x0800702c                SUBGRF_SetRxDutyCycle
 .text.SUBGRF_SetCad
                0x08007074       0x18 ./Middlewares/SubGHz_Phy/radio_driver.o
                0x08007074                SUBGRF_SetCad
 .text.SUBGRF_SetTxContinuousWave
                0x0800708c        0xe ./Middlewares/SubGHz_Phy/radio_driver.o
                0x0800708c                SUBGRF_SetTxContinuousWave
 .text.SUBGRF_SetTxInfinitePreamble
                0x0800709a        0xe ./Middlewares/SubGHz_Phy/radio_driver.o
                0x0800709a                SUBGRF_SetTxInfinitePreamble
 .text.SUBGRF_SetStopRxTimerOnPreambleDetect
                0x080070a8       0x1a ./Middlewares/SubGHz_Phy/radio_driver.o
                0x080070a8                SUBGRF_SetStopRxTimerOnPreambleDetect
 .text.SUBGRF_SetLoRaSymbNumTimeout
                0x080070c2       0x42 ./Middlewares/SubGHz_Phy/radio_driver.o
                0x080070c2                SUBGRF_SetLoRaSymbNumTimeout
 .text.SUBGRF_SetRegulatorMode
                0x08007104       0x2c ./Middlewares/SubGHz_Phy/radio_driver.o
                0x08007104                SUBGRF_SetRegulatorMode
 .text.SUBGRF_Calibrate
                0x08007130       0x42 ./Middlewares/SubGHz_Phy/radio_driver.o
                0x08007130                SUBGRF_Calibrate
 *fill*         0x08007172        0x2 
 .text.SUBGRF_CalibrateImage
                0x08007174       0x98 ./Middlewares/SubGHz_Phy/radio_driver.o
                0x08007174                SUBGRF_CalibrateImage
 .text.SUBGRF_SetPaConfig
                0x0800720c       0x26 ./Middlewares/SubGHz_Phy/radio_driver.o
                0x0800720c                SUBGRF_SetPaConfig
 .text.SUBGRF_SetDioIrqParams
                0x08007232       0x3e ./Middlewares/SubGHz_Phy/radio_driver.o
                0x08007232                SUBGRF_SetDioIrqParams
 .text.SUBGRF_SetTcxoMode
                0x08007270       0x32 ./Middlewares/SubGHz_Phy/radio_driver.o
                0x08007270                SUBGRF_SetTcxoMode
 *fill*         0x080072a2        0x2 
 .text.SUBGRF_Init
                0x080072a4       0x74 ./Middlewares/SubGHz_Phy/radio_driver.o
                0x080072a4                SUBGRF_Init
 .text.SUBGRF_SetRfFrequency
                0x08007318       0x58 ./Middlewares/SubGHz_Phy/radio_driver.o
                0x08007318                SUBGRF_SetRfFrequency
 .text.SUBGRF_SetPacketType
                0x08007370       0x34 ./Middlewares/SubGHz_Phy/radio_driver.o
                0x08007370                SUBGRF_SetPacketType
 .text.SUBGRF_SetTxParams
                0x080073a4      0x11a ./Middlewares/SubGHz_Phy/radio_driver.o
                0x080073a4                SUBGRF_SetTxParams
 *fill*         0x080074be        0x2 
 .text.SUBGRF_SetModulationParams
                0x080074c0      0x110 ./Middlewares/SubGHz_Phy/radio_driver.o
                0x080074c0                SUBGRF_SetModulationParams
 .text.SUBGRF_SetPacketParams
                0x080075d0       0xe4 ./Middlewares/SubGHz_Phy/radio_driver.o
                0x080075d0                SUBGRF_SetPacketParams
 .text.SUBGRF_SetBufferBaseAddress
                0x080076b4       0x1c ./Middlewares/SubGHz_Phy/radio_driver.o
                0x080076b4                SUBGRF_SetBufferBaseAddress
 .text.SUBGRF_ReadCommand
                0x080076d0       0x20 ./Middlewares/SubGHz_Phy/radio_driver.o
                0x080076d0                SUBGRF_ReadCommand
 .text.SUBGRF_GetRssiInst
                0x080076f0       0x1c ./Middlewares/SubGHz_Phy/radio_driver.o
                0x080076f0                SUBGRF_GetRssiInst
 .text.SUBGRF_GetRxBufferStatus
                0x0800770c       0x44 ./Middlewares/SubGHz_Phy/radio_driver.o
                0x0800770c                SUBGRF_GetRxBufferStatus
 .text.SUBGRF_GetPayload
                0x08007750       0x34 ./Middlewares/SubGHz_Phy/radio_driver.o
                0x08007750                SUBGRF_GetPayload
 .text.SUBGRF_GetPacketStatus
                0x08007784       0x78 ./Middlewares/SubGHz_Phy/radio_driver.o
                0x08007784                SUBGRF_GetPacketStatus
 .text.SUBGRF_SetSwitch
                0x080077fc       0x28 ./Middlewares/SubGHz_Phy/radio_driver.o
                0x080077fc                SUBGRF_SetSwitch
 .text.SUBGRF_SetRfTxPower
                0x08007824       0x2e ./Middlewares/SubGHz_Phy/radio_driver.o
                0x08007824                SUBGRF_SetRfTxPower
 .text.SUBGRF_GetRadioWakeUpTime
                0x08007852        0x4 ./Middlewares/SubGHz_Phy/radio_driver.o
                0x08007852                SUBGRF_GetRadioWakeUpTime
 *fill*         0x08007856        0x2 
 .text.HAL_SUBGHZ_TxCpltCallback
                0x08007858       0x10 ./Middlewares/SubGHz_Phy/radio_driver.o
                0x08007858                HAL_SUBGHZ_TxCpltCallback
 .text.HAL_SUBGHZ_RxCpltCallback
                0x08007868       0x10 ./Middlewares/SubGHz_Phy/radio_driver.o
                0x08007868                HAL_SUBGHZ_RxCpltCallback
 .text.HAL_SUBGHZ_CRCErrorCallback
                0x08007878       0x10 ./Middlewares/SubGHz_Phy/radio_driver.o
                0x08007878                HAL_SUBGHZ_CRCErrorCallback
 .text.HAL_SUBGHZ_CADStatusCallback
                0x08007888       0x24 ./Middlewares/SubGHz_Phy/radio_driver.o
                0x08007888                HAL_SUBGHZ_CADStatusCallback
 .text.HAL_SUBGHZ_RxTxTimeoutCallback
                0x080078ac       0x14 ./Middlewares/SubGHz_Phy/radio_driver.o
                0x080078ac                HAL_SUBGHZ_RxTxTimeoutCallback
 .text.HAL_SUBGHZ_HeaderErrorCallback
                0x080078c0       0x10 ./Middlewares/SubGHz_Phy/radio_driver.o
                0x080078c0                HAL_SUBGHZ_HeaderErrorCallback
 .text.HAL_SUBGHZ_PreambleDetectedCallback
                0x080078d0       0x10 ./Middlewares/SubGHz_Phy/radio_driver.o
                0x080078d0                HAL_SUBGHZ_PreambleDetectedCallback
 .text.HAL_SUBGHZ_SyncWordValidCallback
                0x080078e0       0x10 ./Middlewares/SubGHz_Phy/radio_driver.o
                0x080078e0                HAL_SUBGHZ_SyncWordValidCallback
 .text.HAL_SUBGHZ_HeaderValidCallback
                0x080078f0       0x10 ./Middlewares/SubGHz_Phy/radio_driver.o
                0x080078f0                HAL_SUBGHZ_HeaderValidCallback
 .text.HAL_SUBGHZ_LrFhssHopCallback
                0x08007900       0x14 ./Middlewares/SubGHz_Phy/radio_driver.o
                0x08007900                HAL_SUBGHZ_LrFhssHopCallback
 .text.SUBGRF_GetFskBandwidthRegValue
                0x08007914       0x30 ./Middlewares/SubGHz_Phy/radio_driver.o
                0x08007914                SUBGRF_GetFskBandwidthRegValue
 .text.SUBGRF_GetCFO
                0x08007944       0x88 ./Middlewares/SubGHz_Phy/radio_driver.o
                0x08007944                SUBGRF_GetCFO
 .text.RFW_TransmitLongPacket
                0x080079cc        0x6 ./Middlewares/SubGHz_Phy/radio_fw.o
                0x080079cc                RFW_TransmitLongPacket
 .text.RFW_ReceiveLongPacket
                0x080079d2        0x6 ./Middlewares/SubGHz_Phy/radio_fw.o
                0x080079d2                RFW_ReceiveLongPacket
 .text.RFW_Init
                0x080079d8        0x6 ./Middlewares/SubGHz_Phy/radio_fw.o
                0x080079d8                RFW_Init
 .text.RFW_DeInit
                0x080079de        0x2 ./Middlewares/SubGHz_Phy/radio_fw.o
                0x080079de                RFW_DeInit
 .text.RFW_Is_Init
                0x080079e0        0x4 ./Middlewares/SubGHz_Phy/radio_fw.o
                0x080079e0                RFW_Is_Init
 .text.RFW_Is_LongPacketModeEnabled
                0x080079e4        0x4 ./Middlewares/SubGHz_Phy/radio_fw.o
                0x080079e4                RFW_Is_LongPacketModeEnabled
 .text.RFW_SetAntSwitch
                0x080079e8        0x2 ./Middlewares/SubGHz_Phy/radio_fw.o
                0x080079e8                RFW_SetAntSwitch
 .text.RFW_TransmitInit
                0x080079ea        0x6 ./Middlewares/SubGHz_Phy/radio_fw.o
                0x080079ea                RFW_TransmitInit
 .text.RFW_ReceiveInit
                0x080079f0        0x6 ./Middlewares/SubGHz_Phy/radio_fw.o
                0x080079f0                RFW_ReceiveInit
 .text.RFW_DeInit_TxLongPacket
                0x080079f6        0x2 ./Middlewares/SubGHz_Phy/radio_fw.o
                0x080079f6                RFW_DeInit_TxLongPacket
 .text.RFW_ReceivePayload
                0x080079f8        0x2 ./Middlewares/SubGHz_Phy/radio_fw.o
                0x080079f8                RFW_ReceivePayload
 .text.RFW_SetRadioModem
                0x080079fa        0x2 ./Middlewares/SubGHz_Phy/radio_fw.o
                0x080079fa                RFW_SetRadioModem
 .text.TRACE_AllocateBufer
                0x080079fc       0x88 ./Utilities/stm32_adv_trace.o
 .text.TRACE_Lock
                0x08007a84       0x18 ./Utilities/stm32_adv_trace.o
 .text.TRACE_UnLock
                0x08007a9c       0x18 ./Utilities/stm32_adv_trace.o
 .text.TRACE_IsLocked
                0x08007ab4       0x10 ./Utilities/stm32_adv_trace.o
 .text.UTIL_ADV_TRACE_Init
                0x08007ac4       0x34 ./Utilities/stm32_adv_trace.o
                0x08007ac4                UTIL_ADV_TRACE_Init
 .text.UTIL_ADV_TRACE_RegisterTimeStampFunction
                0x08007af8        0xc ./Utilities/stm32_adv_trace.o
                0x08007af8                UTIL_ADV_TRACE_RegisterTimeStampFunction
 .text.UTIL_ADV_TRACE_SetVerboseLevel
                0x08007b04        0xc ./Utilities/stm32_adv_trace.o
                0x08007b04                UTIL_ADV_TRACE_SetVerboseLevel
 .text.TRACE_Send
                0x08007b10       0x9c ./Utilities/stm32_adv_trace.o
 .text.UTIL_ADV_TRACE_COND_FSend
                0x08007bac       0xc8 ./Utilities/stm32_adv_trace.o
                0x08007bac                UTIL_ADV_TRACE_COND_FSend
 .text.TRACE_TxCpltCallback
                0x08007c74       0xb0 ./Utilities/stm32_adv_trace.o
 .text.UTIL_LPM_Init
                0x08007d24       0x14 ./Utilities/stm32_lpm.o
                0x08007d24                UTIL_LPM_Init
 .text.UTIL_LPM_SetStopMode
                0x08007d38       0x2c ./Utilities/stm32_lpm.o
                0x08007d38                UTIL_LPM_SetStopMode
 .text.UTIL_LPM_SetOffMode
                0x08007d64       0x2c ./Utilities/stm32_lpm.o
                0x08007d64                UTIL_LPM_SetOffMode
 .text.UTIL_LPM_EnterLowPower
                0x08007d90       0x48 ./Utilities/stm32_lpm.o
                0x08007d90                UTIL_LPM_EnterLowPower
 .text.UTIL_MEM_cpy_8
                0x08007dd8       0x16 ./Utilities/stm32_mem.o
                0x08007dd8                UTIL_MEM_cpy_8
 .text.UTIL_MEM_set_8
                0x08007dee       0x12 ./Utilities/stm32_mem.o
                0x08007dee                UTIL_MEM_set_8
 .text.UTIL_SEQ_SetTask
                0x08007e00       0x28 ./Utilities/stm32_seq.o
                0x08007e00                UTIL_SEQ_SetTask
 .text.UTIL_SEQ_PreIdle
                0x08007e28        0x2 ./Utilities/stm32_seq.o
                0x08007e28                UTIL_SEQ_PreIdle
 .text.UTIL_SEQ_PostIdle
                0x08007e2a        0x2 ./Utilities/stm32_seq.o
                0x08007e2a                UTIL_SEQ_PostIdle
 .text.SEQ_BitPosition
                0x08007e2c       0x3c ./Utilities/stm32_seq.o
                0x08007e2c                SEQ_BitPosition
 .text.UTIL_SEQ_Run
                0x08007e68      0x12c ./Utilities/stm32_seq.o
                0x08007e68                UTIL_SEQ_Run
 .text.UTIL_SEQ_RegTask
                0x08007f94       0x20 ./Utilities/stm32_seq.o
                0x08007f94                UTIL_SEQ_RegTask
 .text.SysTimeAdd
                0x08007fb4       0x3e ./Utilities/stm32_systime.o
                0x08007fb4                SysTimeAdd
 *fill*         0x08007ff2        0x2 
 .text.SysTimeGet
                0x08007ff4       0x44 ./Utilities/stm32_systime.o
                0x08007ff4                SysTimeGet
 .text.UTIL_TIMER_Init
                0x08008038       0x18 ./Utilities/stm32_timer.o
                0x08008038                UTIL_TIMER_Init
 .text.UTIL_TIMER_Create
                0x08008050       0x3c ./Utilities/stm32_timer.o
                0x08008050                UTIL_TIMER_Create
 .text.UTIL_TIMER_GetCurrentTime
                0x0800808c       0x14 ./Utilities/stm32_timer.o
                0x0800808c                UTIL_TIMER_GetCurrentTime
 .text.UTIL_TIMER_GetElapsedTime
                0x080080a0       0x20 ./Utilities/stm32_timer.o
                0x080080a0                UTIL_TIMER_GetElapsedTime
 .text.TimerExists
                0x080080c0       0x1c ./Utilities/stm32_timer.o
                0x080080c0                TimerExists
 .text.TimerSetTimeout
                0x080080dc       0x30 ./Utilities/stm32_timer.o
                0x080080dc                TimerSetTimeout
 .text.UTIL_TIMER_Stop
                0x0800810c       0x6c ./Utilities/stm32_timer.o
                0x0800810c                UTIL_TIMER_Stop
 .text.TimerInsertTimer
                0x08008178       0x2c ./Utilities/stm32_timer.o
                0x08008178                TimerInsertTimer
 .text.TimerInsertNewHeadTimer
                0x080081a4       0x1c ./Utilities/stm32_timer.o
                0x080081a4                TimerInsertNewHeadTimer
 .text.UTIL_TIMER_Start
                0x080081c0       0x8c ./Utilities/stm32_timer.o
                0x080081c0                UTIL_TIMER_Start
 .text.UTIL_TIMER_SetPeriod
                0x0800824c       0x34 ./Utilities/stm32_timer.o
                0x0800824c                UTIL_TIMER_SetPeriod
 .text.UTIL_TIMER_IRQ_Handler
                0x08008280       0x8c ./Utilities/stm32_timer.o
                0x08008280                UTIL_TIMER_IRQ_Handler
 .text.ee_skip_atoi
                0x0800830c       0x26 ./Utilities/stm32_tiny_vsnprintf.o
 *fill*         0x08008332        0x2 
 .text.ee_number
                0x08008334      0x114 ./Utilities/stm32_tiny_vsnprintf.o
 .text.tiny_vsnprintf_like
                0x08008448      0x188 ./Utilities/stm32_tiny_vsnprintf.o
                0x08008448                tiny_vsnprintf_like
 .text.memset   0x080085d0       0x10 C:/ST/STM32CubeIDE_1.17.0/STM32CubeIDE/plugins/com.st.stm32cube.ide.mcu.externaltools.gnu-tools-for-stm32.12.3.rel1.win32_1.1.0.202410251130/tools/bin/../lib/gcc/arm-none-eabi/12.3.1/../../../../arm-none-eabi/lib/thumb/v7e-m/nofp\libc_nano.a(libc_a-memset.o)
                0x080085d0                memset
 .text.__libc_init_array
                0x080085e0       0x48 C:/ST/STM32CubeIDE_1.17.0/STM32CubeIDE/plugins/com.st.stm32cube.ide.mcu.externaltools.gnu-tools-for-stm32.12.3.rel1.win32_1.1.0.202410251130/tools/bin/../lib/gcc/arm-none-eabi/12.3.1/../../../../arm-none-eabi/lib/thumb/v7e-m/nofp\libc_nano.a(libc_a-init.o)
                0x080085e0                __libc_init_array
 *(.glue_7)
 .glue_7        0x08008628        0x0 linker stubs
 *(.glue_7t)
 .glue_7t       0x08008628        0x0 linker stubs
 *(.eh_frame)
 .eh_frame      0x08008628        0x0 C:/ST/STM32CubeIDE_1.17.0/STM32CubeIDE/plugins/com.st.stm32cube.ide.mcu.externaltools.gnu-tools-for-stm32.12.3.rel1.win32_1.1.0.202410251130/tools/bin/../lib/gcc/arm-none-eabi/12.3.1/thumb/v7e-m/nofp/crtbegin.o
 *(.init)
 .init          0x08008628        0x4 C:/ST/STM32CubeIDE_1.17.0/STM32CubeIDE/plugins/com.st.stm32cube.ide.mcu.externaltools.gnu-tools-for-stm32.12.3.rel1.win32_1.1.0.202410251130/tools/bin/../lib/gcc/arm-none-eabi/12.3.1/thumb/v7e-m/nofp/crti.o
                0x08008628                _init
 .init          0x0800862c        0x8 C:/ST/STM32CubeIDE_1.17.0/STM32CubeIDE/plugins/com.st.stm32cube.ide.mcu.externaltools.gnu-tools-for-stm32.12.3.rel1.win32_1.1.0.202410251130/tools/bin/../lib/gcc/arm-none-eabi/12.3.1/thumb/v7e-m/nofp/crtn.o
 *(.fini)
 .fini          0x08008634        0x4 C:/ST/STM32CubeIDE_1.17.0/STM32CubeIDE/plugins/com.st.stm32cube.ide.mcu.externaltools.gnu-tools-for-stm32.12.3.rel1.win32_1.1.0.202410251130/tools/bin/../lib/gcc/arm-none-eabi/12.3.1/thumb/v7e-m/nofp/crti.o
                0x08008634                _fini
 .fini          0x08008638        0x8 C:/ST/STM32CubeIDE_1.17.0/STM32CubeIDE/plugins/com.st.stm32cube.ide.mcu.externaltools.gnu-tools-for-stm32.12.3.rel1.win32_1.1.0.202410251130/tools/bin/../lib/gcc/arm-none-eabi/12.3.1/thumb/v7e-m/nofp/crtn.o
                0x08008640                        . = ALIGN (0x8)
                0x08008640                        _etext = .

.vfp11_veneer   0x08008640        0x0
 .vfp11_veneer  0x08008640        0x0 linker stubs

.v4_bx          0x08008640        0x0
 .v4_bx         0x08008640        0x0 linker stubs

.iplt           0x08008640        0x0
 .iplt          0x08008640        0x0 C:/ST/STM32CubeIDE_1.17.0/STM32CubeIDE/plugins/com.st.stm32cube.ide.mcu.externaltools.gnu-tools-for-stm32.12.3.rel1.win32_1.1.0.202410251130/tools/bin/../lib/gcc/arm-none-eabi/12.3.1/thumb/v7e-m/nofp/crtbegin.o

.rodata         0x08008640      0x410
                0x08008640                        . = ALIGN (0x8)
 *(.rodata)
 .rodata        0x08008640       0x1c ./Drivers/STM32WLxx_HAL_Driver/stm32wlxx_hal_rcc.o
 .rodata        0x0800865c       0x10 ./Middlewares/SubGHz_Phy/radio.o
 .rodata        0x0800866c       0x11 ./Middlewares/SubGHz_Phy/radio_driver.o
 *(.rodata*)
 *fill*         0x0800867d        0x3 
 .rodata.HAL_ADC_ConvCpltCallback.str1.4
                0x08008680       0x14 ./Application/User/Core/adc.o
 .rodata.UTIL_PowerDriver
                0x08008694       0x18 ./Application/User/Core/stm32_lpm_if.o
                0x08008694                UTIL_PowerDriver
 .rodata.TimestampNow.str1.4
                0x080086ac        0x9 ./Application/User/Core/sys_app.o
 *fill*         0x080086b5        0x3 
 .rodata.UTIL_SYSTIMDriver
                0x080086b8       0x14 ./Application/User/Core/timer_if.o
                0x080086b8                UTIL_SYSTIMDriver
 .rodata.UTIL_TimerDriver
                0x080086cc       0x2c ./Application/User/Core/timer_if.o
                0x080086cc                UTIL_TimerDriver
 .rodata.UTIL_TraceDriver
                0x080086f8       0x10 ./Application/User/Core/usart_if.o
                0x080086f8                UTIL_TraceDriver
 .rodata.OnTxTimeout.str1.4
                0x08008708        0xe ./Application/User/SubGHz_Phy/App/subghz_phy_app.o
 *fill*         0x08008716        0x2 
 .rodata.OnTxDone.str1.4
                0x08008718        0xb ./Application/User/SubGHz_Phy/App/subghz_phy_app.o
 *fill*         0x08008723        0x1 
 .rodata.SubghzApp_Init.str1.4
                0x08008724       0x49 ./Application/User/SubGHz_Phy/App/subghz_phy_app.o
 *fill*         0x0800876d        0x3 
 .rodata.MSIRangeTable
                0x08008770       0x40 ./Drivers/CMSIS/system_stm32wlxx.o
                0x08008770                MSIRangeTable
 .rodata.APBPrescTable
                0x080087b0       0x20 ./Drivers/CMSIS/system_stm32wlxx.o
                0x080087b0                APBPrescTable
 .rodata.AHBPrescTable
                0x080087d0       0x40 ./Drivers/CMSIS/system_stm32wlxx.o
                0x080087d0                AHBPrescTable
 .rodata.UARTPrescTable
                0x08008810       0x18 ./Drivers/STM32WLxx_HAL_Driver/stm32wlxx_hal_uart.o
                0x08008810                UARTPrescTable
 .rodata.denominator.0
                0x08008828        0x8 ./Drivers/STM32WLxx_HAL_Driver/stm32wlxx_hal_uart_ex.o
 .rodata.numerator.1
                0x08008830        0x8 ./Drivers/STM32WLxx_HAL_Driver/stm32wlxx_hal_uart_ex.o
 .rodata.RadioIrqProcess.str1.4
                0x08008838       0x54 ./Middlewares/SubGHz_Phy/radio.o
 .rodata.RadioSend.str1.4
                0x0800888c       0x15 ./Middlewares/SubGHz_Phy/radio.o
 *fill*         0x080088a1        0x3 
 .rodata.Bandwidths
                0x080088a4        0x3 ./Middlewares/SubGHz_Phy/radio.o
                0x080088a4                Bandwidths
 *fill*         0x080088a7        0x1 
 .rodata.Radio  0x080088a8       0x8c ./Middlewares/SubGHz_Phy/radio.o
                0x080088a8                Radio
 .rodata.FskBandwidths
                0x08008934       0xb0 ./Middlewares/SubGHz_Phy/radio_driver.o
 .rodata.SEQ_clz_table_4bit
                0x080089e4       0x10 ./Utilities/stm32_seq.o
                0x080089e4                SEQ_clz_table_4bit
 .rodata.ee_number.str1.4
                0x080089f4       0x4d ./Utilities/stm32_tiny_vsnprintf.o
 *fill*         0x08008a41        0x3 
 .rodata.tiny_vsnprintf_like.str1.4
                0x08008a44        0x7 ./Utilities/stm32_tiny_vsnprintf.o
                0x08008a50                        . = ALIGN (0x8)
 *fill*         0x08008a4b        0x5 

.ARM.extab      0x08008a50        0x0
                0x08008a50                        . = ALIGN (0x8)
 *(.ARM.extab* .gnu.linkonce.armextab.*)
                0x08008a50                        . = ALIGN (0x8)

.ARM            0x08008a50        0x8
                0x08008a50                        . = ALIGN (0x8)
                0x08008a50                        __exidx_start = .
 *(.ARM.exidx*)
 .ARM.exidx     0x08008a50        0x8 C:/ST/STM32CubeIDE_1.17.0/STM32CubeIDE/plugins/com.st.stm32cube.ide.mcu.externaltools.gnu-tools-for-stm32.12.3.rel1.win32_1.1.0.202410251130/tools/bin/../lib/gcc/arm-none-eabi/12.3.1/../../../../arm-none-eabi/lib/thumb/v7e-m/nofp\libc_nano.a(libc_a-strlen.o)
 .ARM.exidx     0x08008a58        0x0 C:/ST/STM32CubeIDE_1.17.0/STM32CubeIDE/plugins/com.st.stm32cube.ide.mcu.externaltools.gnu-tools-for-stm32.12.3.rel1.win32_1.1.0.202410251130/tools/bin/../lib/gcc/arm-none-eabi/12.3.1/thumb/v7e-m/nofp\libgcc.a(_udivmoddi4.o)
                                  0x8 (size before relaxing)
                0x08008a58                        __exidx_end = .
                0x08008a58                        . = ALIGN (0x8)

.rel.dyn        0x08008a58        0x0
 .rel.iplt      0x08008a58        0x0 C:/ST/STM32CubeIDE_1.17.0/STM32CubeIDE/plugins/com.st.stm32cube.ide.mcu.externaltools.gnu-tools-for-stm32.12.3.rel1.win32_1.1.0.202410251130/tools/bin/../lib/gcc/arm-none-eabi/12.3.1/thumb/v7e-m/nofp/crtbegin.o

.preinit_array  0x08008a58        0x0
                0x08008a58                        . = ALIGN (0x8)
                0x08008a58                        PROVIDE (__preinit_array_start = .)
 *(.preinit_array*)
                0x08008a58                        PROVIDE (__preinit_array_end = .)
                0x08008a58                        . = ALIGN (0x8)

.init_array     0x08008a58        0x8
                0x08008a58                        . = ALIGN (0x8)
                0x08008a58                        PROVIDE (__init_array_start = .)
 *(SORT_BY_NAME(.init_array.*))
 *(.init_array*)
 .init_array    0x08008a58        0x4 C:/ST/STM32CubeIDE_1.17.0/STM32CubeIDE/plugins/com.st.stm32cube.ide.mcu.externaltools.gnu-tools-for-stm32.12.3.rel1.win32_1.1.0.202410251130/tools/bin/../lib/gcc/arm-none-eabi/12.3.1/thumb/v7e-m/nofp/crtbegin.o
                0x08008a5c                        PROVIDE (__init_array_end = .)
                0x08008a60                        . = ALIGN (0x8)
 *fill*         0x08008a5c        0x4 

.fini_array     0x08008a60        0x8
                0x08008a60                        . = ALIGN (0x8)
                [!provide]                        PROVIDE (__fini_array_start = .)
 *(SORT_BY_NAME(.fini_array.*))
 *(.fini_array*)
 .fini_array    0x08008a60        0x4 C:/ST/STM32CubeIDE_1.17.0/STM32CubeIDE/plugins/com.st.stm32cube.ide.mcu.externaltools.gnu-tools-for-stm32.12.3.rel1.win32_1.1.0.202410251130/tools/bin/../lib/gcc/arm-none-eabi/12.3.1/thumb/v7e-m/nofp/crtbegin.o
                [!provide]                        PROVIDE (__fini_array_end = .)
                0x08008a68                        . = ALIGN (0x8)
 *fill*         0x08008a64        0x4 
                0x08008a68                        _sidata = LOADADDR (.data)

.data           0x20000000       0x18 load address 0x08008a68
                0x20000000                        . = ALIGN (0x8)
                0x20000000                        _sdata = .
 *(.data)
 *(.data*)
 .data.SystemCoreClock
                0x20000000        0x4 ./Drivers/CMSIS/system_stm32wlxx.o
                0x20000000                SystemCoreClock
 .data.uwTickPrio
                0x20000004        0x4 ./Drivers/STM32WLxx_HAL_Driver/stm32wlxx_hal.o
                0x20000004                uwTickPrio
 .data.MaxPayloadLength
                0x20000008        0x1 ./Middlewares/SubGHz_Phy/radio.o
 *fill*         0x20000009        0x3 
 .data.SuperMask
                0x2000000c        0x4 ./Utilities/stm32_seq.o
 .data.TaskMask
                0x20000010        0x4 ./Utilities/stm32_seq.o
 *(.RamFunc)
 *(.RamFunc*)
                0x20000018                        . = ALIGN (0x8)
 *fill*         0x20000014        0x4 
                0x20000018                        _edata = .

.igot.plt       0x20000018        0x0 load address 0x08008a80
 .igot.plt      0x20000018        0x0 C:/ST/STM32CubeIDE_1.17.0/STM32CubeIDE/plugins/com.st.stm32cube.ide.mcu.externaltools.gnu-tools-for-stm32.12.3.rel1.win32_1.1.0.202410251130/tools/bin/../lib/gcc/arm-none-eabi/12.3.1/thumb/v7e-m/nofp/crtbegin.o
                0x20000018                        . = ALIGN (0x8)

.bss            0x20000018      0x730 load address 0x08008a80
                0x20000018                        _sbss = .
                0x20000018                        __bss_start__ = _sbss
 *(.bss)
 .bss           0x20000018       0x1c C:/ST/STM32CubeIDE_1.17.0/STM32CubeIDE/plugins/com.st.stm32cube.ide.mcu.externaltools.gnu-tools-for-stm32.12.3.rel1.win32_1.1.0.202410251130/tools/bin/../lib/gcc/arm-none-eabi/12.3.1/thumb/v7e-m/nofp/crtbegin.o
 *(.bss*)
 .bss.hadc      0x20000034       0x64 ./Application/User/Core/adc.o
                0x20000034                hadc
 .bss.hrtc      0x20000098       0x38 ./Application/User/Core/rtc.o
                0x20000098                hrtc
 .bss.hsubghz   0x200000d0        0xc ./Application/User/Core/subghz.o
                0x200000d0                hsubghz
 .bss.SYS_TimerInitialisedFlag
                0x200000dc        0x1 ./Application/User/Core/sys_app.o
 *fill*         0x200000dd        0x3 
 .bss.RtcTimerContext
                0x200000e0        0x4 ./Application/User/Core/timer_if.o
 .bss.RTC_Initialized
                0x200000e4        0x1 ./Application/User/Core/timer_if.o
 *fill*         0x200000e5        0x3 
 .bss.hdma_usart2_tx
                0x200000e8       0x60 ./Application/User/Core/usart.o
                0x200000e8                hdma_usart2_tx
 .bss.huart2    0x20000148       0x94 ./Application/User/Core/usart.o
                0x20000148                huart2
 .bss.RxCpltCallback
                0x200001dc        0x4 ./Application/User/Core/usart_if.o
 .bss.TxCpltCallback
                0x200001e0        0x4 ./Application/User/Core/usart_if.o
 .bss.charRx    0x200001e4        0x1 ./Application/User/Core/usart_if.o
                0x200001e4                charRx
 *fill*         0x200001e5        0x3 
 .bss.RadioEvents
                0x200001e8       0x1c ./Application/User/SubGHz_Phy/App/subghz_phy_app.o
 .bss.BufferTx  0x20000204       0x64 ./Application/User/SubGHz_Phy/App/subghz_phy_app.o
                0x20000204                BufferTx
 .bss.RxTimeoutTimer
                0x20000268       0x18 ./Middlewares/SubGHz_Phy/radio.o
                0x20000268                RxTimeoutTimer
 .bss.TxTimeoutTimer
                0x20000280       0x18 ./Middlewares/SubGHz_Phy/radio.o
                0x20000280                TxTimeoutTimer
 .bss.SubgRf    0x20000298       0x5c ./Middlewares/SubGHz_Phy/radio.o
                0x20000298                SubgRf
 .bss.RadioEvents
                0x200002f4        0x4 ./Middlewares/SubGHz_Phy/radio.o
 .bss.RadioBuffer
                0x200002f8       0xff ./Middlewares/SubGHz_Phy/radio.o
 *fill*         0x200003f7        0x1 
 .bss.RadioOnDioIrqCb
                0x200003f8        0x4 ./Middlewares/SubGHz_Phy/radio_driver.o
 .bss.ImageCalibrated
                0x200003fc        0x1 ./Middlewares/SubGHz_Phy/radio_driver.o
 *fill*         0x200003fd        0x3 
 .bss.FrequencyError
                0x20000400        0x4 ./Middlewares/SubGHz_Phy/radio_driver.o
                0x20000400                FrequencyError
 .bss.LoRaHeaderType
                0x20000404        0x1 ./Middlewares/SubGHz_Phy/radio_driver.o
 .bss.PacketType
                0x20000405        0x1 ./Middlewares/SubGHz_Phy/radio_driver.o
 .bss.OperatingMode
                0x20000406        0x1 ./Middlewares/SubGHz_Phy/radio_driver.o
 *fill*         0x20000407        0x1 
 .bss.sztmp     0x20000408      0x100 ./Utilities/stm32_adv_trace.o
 .bss.ADV_TRACE_Buffer
                0x20000508      0x200 ./Utilities/stm32_adv_trace.o
 .bss.ADV_TRACE_Ctx
                0x20000708       0x18 ./Utilities/stm32_adv_trace.o
 .bss.OffModeDisable
                0x20000720        0x4 ./Utilities/stm32_lpm.o
 .bss.StopModeDisable
                0x20000724        0x4 ./Utilities/stm32_lpm.o
 .bss.TaskPrio  0x20000728        0x8 ./Utilities/stm32_seq.o
 .bss.TaskCb    0x20000730        0x4 ./Utilities/stm32_seq.o
 .bss.CurrentTaskIdx
                0x20000734        0x4 ./Utilities/stm32_seq.o
 .bss.EvtWaited
                0x20000738        0x4 ./Utilities/stm32_seq.o
 .bss.EvtSet    0x2000073c        0x4 ./Utilities/stm32_seq.o
 .bss.TaskSet   0x20000740        0x4 ./Utilities/stm32_seq.o
 .bss.TimerListHead
                0x20000744        0x4 ./Utilities/stm32_timer.o
 *(COMMON)
                0x20000748                        . = ALIGN (0x8)
                0x20000748                        _ebss = .
                0x20000748                        __bss_end__ = _ebss
                0x20000748                        . = ALIGN (0x8)

RAM1_region     0x20000748        0x0 load address 0x08008a80
                0x20000748                        _sRAM1_region = .
 *(.RAM1_region)
                0x20000748                        . = ALIGN (0x8)
                0x20000748                        _eRAM1_region = .
                0x20000748                        . = ALIGN (0x8)

RAM2_region     0x20008000        0x0
                0x20008000                        _sRAM2_region = .
 *(.RAM2_region)
                0x20008000                        . = ALIGN (0x8)
                0x20008000                        _eRAM2_region = .

._user_heap_stack
                0x20000748      0xa00
                0x20000748                        . = ALIGN (0x8)
                [!provide]                        PROVIDE (end = .)
                0x20000748                        PROVIDE (_end = .)
                0x20000948                        . = (. + _Min_Heap_Size)
 *fill*         0x20000748      0x200 
                0x20001148                        . = (. + _Min_Stack_Size)
 *fill*         0x20000948      0x800 
                0x20001148                        . = ALIGN (0x8)

/DISCARD/
 libc.a(*)
 libm.a(*)
 libgcc.a(*)

.ARM.attributes
                0x00000000       0x2a
 *(.ARM.attributes)
 .ARM.attributes
                0x00000000       0x1e C:/ST/STM32CubeIDE_1.17.0/STM32CubeIDE/plugins/com.st.stm32cube.ide.mcu.externaltools.gnu-tools-for-stm32.12.3.rel1.win32_1.1.0.202410251130/tools/bin/../lib/gcc/arm-none-eabi/12.3.1/thumb/v7e-m/nofp/crti.o
 .ARM.attributes
                0x0000001e       0x2e C:/ST/STM32CubeIDE_1.17.0/STM32CubeIDE/plugins/com.st.stm32cube.ide.mcu.externaltools.gnu-tools-for-stm32.12.3.rel1.win32_1.1.0.202410251130/tools/bin/../lib/gcc/arm-none-eabi/12.3.1/thumb/v7e-m/nofp/crtbegin.o
 .ARM.attributes
                0x0000004c       0x2e ./Application/User/Core/adc.o
 .ARM.attributes
                0x0000007a       0x2e ./Application/User/Core/dma.o
 .ARM.attributes
                0x000000a8       0x2e ./Application/User/Core/gpio.o
 .ARM.attributes
                0x000000d6       0x2e ./Application/User/Core/main.o
 .ARM.attributes
                0x00000104       0x2e ./Application/User/Core/rtc.o
 .ARM.attributes
                0x00000132       0x2e ./Application/User/Core/stm32_lpm_if.o
 .ARM.attributes
                0x00000160       0x2e ./Application/User/Core/stm32wlxx_hal_msp.o
 .ARM.attributes
                0x0000018e       0x2e ./Application/User/Core/stm32wlxx_it.o
 .ARM.attributes
                0x000001bc       0x2e ./Application/User/Core/subghz.o
 .ARM.attributes
                0x000001ea       0x2e ./Application/User/Core/sys_app.o
 .ARM.attributes
                0x00000218       0x2e ./Application/User/Core/sys_debug.o
 .ARM.attributes
                0x00000246       0x2e ./Application/User/Core/timer_if.o
 .ARM.attributes
                0x00000274       0x2e ./Application/User/Core/usart.o
 .ARM.attributes
                0x000002a2       0x2e ./Application/User/Core/usart_if.o
 .ARM.attributes
                0x000002d0       0x21 ./Application/User/Startup/startup_stm32wl55jcix.o
 .ARM.attributes
                0x000002f1       0x2e ./Application/User/SubGHz_Phy/App/app_subghz_phy.o
 .ARM.attributes
                0x0000031f       0x2e ./Application/User/SubGHz_Phy/App/subghz_phy_app.o
 .ARM.attributes
                0x0000034d       0x2e ./Application/User/SubGHz_Phy/Target/radio_board_if.o
 .ARM.attributes
                0x0000037b       0x2e ./Drivers/BSP/STM32WLxx_Nucleo/stm32wlxx_nucleo_radio.o
 .ARM.attributes
                0x000003a9       0x2e ./Drivers/CMSIS/system_stm32wlxx.o
 .ARM.attributes
                0x000003d7       0x2e ./Drivers/STM32WLxx_HAL_Driver/stm32wlxx_hal.o
 .ARM.attributes
                0x00000405       0x2e ./Drivers/STM32WLxx_HAL_Driver/stm32wlxx_hal_adc.o
 .ARM.attributes
                0x00000433       0x2e ./Drivers/STM32WLxx_HAL_Driver/stm32wlxx_hal_adc_ex.o
 .ARM.attributes
                0x00000461       0x2e ./Drivers/STM32WLxx_HAL_Driver/stm32wlxx_hal_cortex.o
 .ARM.attributes
                0x0000048f       0x2e ./Drivers/STM32WLxx_HAL_Driver/stm32wlxx_hal_dma.o
 .ARM.attributes
                0x000004bd       0x2e ./Drivers/STM32WLxx_HAL_Driver/stm32wlxx_hal_gpio.o
 .ARM.attributes
                0x000004eb       0x2e ./Drivers/STM32WLxx_HAL_Driver/stm32wlxx_hal_pwr.o
 .ARM.attributes
                0x00000519       0x2e ./Drivers/STM32WLxx_HAL_Driver/stm32wlxx_hal_pwr_ex.o
 .ARM.attributes
                0x00000547       0x2e ./Drivers/STM32WLxx_HAL_Driver/stm32wlxx_hal_rcc.o
 .ARM.attributes
                0x00000575       0x2e ./Drivers/STM32WLxx_HAL_Driver/stm32wlxx_hal_rcc_ex.o
 .ARM.attributes
                0x000005a3       0x2e ./Drivers/STM32WLxx_HAL_Driver/stm32wlxx_hal_rtc.o
 .ARM.attributes
                0x000005d1       0x2e ./Drivers/STM32WLxx_HAL_Driver/stm32wlxx_hal_rtc_ex.o
 .ARM.attributes
                0x000005ff       0x2e ./Drivers/STM32WLxx_HAL_Driver/stm32wlxx_hal_subghz.o
 .ARM.attributes
                0x0000062d       0x2e ./Drivers/STM32WLxx_HAL_Driver/stm32wlxx_hal_uart.o
 .ARM.attributes
                0x0000065b       0x2e ./Drivers/STM32WLxx_HAL_Driver/stm32wlxx_hal_uart_ex.o
 .ARM.attributes
                0x00000689       0x2e ./Middlewares/SubGHz_Phy/radio.o
 .ARM.attributes
                0x000006b7       0x2e ./Middlewares/SubGHz_Phy/radio_driver.o
 .ARM.attributes
                0x000006e5       0x2e ./Middlewares/SubGHz_Phy/radio_fw.o
 .ARM.attributes
                0x00000713       0x2e ./Utilities/stm32_adv_trace.o
 .ARM.attributes
                0x00000741       0x2e ./Utilities/stm32_lpm.o
 .ARM.attributes
                0x0000076f       0x2e ./Utilities/stm32_mem.o
 .ARM.attributes
                0x0000079d       0x2e ./Utilities/stm32_seq.o
 .ARM.attributes
                0x000007cb       0x2e ./Utilities/stm32_systime.o
 .ARM.attributes
                0x000007f9       0x2e ./Utilities/stm32_timer.o
 .ARM.attributes
                0x00000827       0x2e ./Utilities/stm32_tiny_vsnprintf.o
 .ARM.attributes
                0x00000855       0x2e C:/ST/STM32CubeIDE_1.17.0/STM32CubeIDE/plugins/com.st.stm32cube.ide.mcu.externaltools.gnu-tools-for-stm32.12.3.rel1.win32_1.1.0.202410251130/tools/bin/../lib/gcc/arm-none-eabi/12.3.1/../../../../arm-none-eabi/lib/thumb/v7e-m/nofp\libc_nano.a(libc_a-memset.o)
 .ARM.attributes
                0x00000883       0x2e C:/ST/STM32CubeIDE_1.17.0/STM32CubeIDE/plugins/com.st.stm32cube.ide.mcu.externaltools.gnu-tools-for-stm32.12.3.rel1.win32_1.1.0.202410251130/tools/bin/../lib/gcc/arm-none-eabi/12.3.1/../../../../arm-none-eabi/lib/thumb/v7e-m/nofp\libc_nano.a(libc_a-init.o)
 .ARM.attributes