Archive member included to satisfy reference by file (symbol)

C:/ST/STM32CubeIDE_1.15.1/STM32CubeIDE/plugins/com.st.stm32cube.ide.mcu.externaltools.gnu-tools-for-stm32.12.3.rel1.win32_1.0.100.202403111256/tools/bin/../lib/gcc/arm-none-eabi/12.3.1/../../../../arm-none-eabi/lib/thumb/v7e-m/nofp\libc_nano.a(libc_a-exit.o)
                              C:/ST/STM32CubeIDE_1.15.1/STM32CubeIDE/plugins/com.st.stm32cube.ide.mcu.externaltools.gnu-tools-for-stm32.12.3.rel1.win32_1.0.100.202403111256/tools/bin/../lib/gcc/arm-none-eabi/12.3.1/../../../../arm-none-eabi/lib/thumb/v7e-m/nofp/crt0.o (exit)
C:/ST/STM32CubeIDE_1.15.1/STM32CubeIDE/plugins/com.st.stm32cube.ide.mcu.externaltools.gnu-tools-for-stm32.12.3.rel1.win32_1.0.100.202403111256/tools/bin/../lib/gcc/arm-none-eabi/12.3.1/../../../../arm-none-eabi/lib/thumb/v7e-m/nofp\libc_nano.a(libc_a-findfp.o)
                              C:/ST/STM32CubeIDE_1.15.1/STM32CubeIDE/plugins/com.st.stm32cube.ide.mcu.externaltools.gnu-tools-for-stm32.12.3.rel1.win32_1.0.100.202403111256/tools/bin/../lib/gcc/arm-none-eabi/12.3.1/../../../../arm-none-eabi/lib/thumb/v7e-m/nofp\libc_nano.a(libc_a-exit.o) (__stdio_exit_handler)
C:/ST/STM32CubeIDE_1.15.1/STM32CubeIDE/plugins/com.st.stm32cube.ide.mcu.externaltools.gnu-tools-for-stm32.12.3.rel1.win32_1.0.100.202403111256/tools/bin/../lib/gcc/arm-none-eabi/12.3.1/../../../../arm-none-eabi/lib/thumb/v7e-m/nofp\libc_nano.a(libc_a-fwalk.o)
                              C:/ST/STM32CubeIDE_1.15.1/STM32CubeIDE/plugins/com.st.stm32cube.ide.mcu.externaltools.gnu-tools-for-stm32.12.3.rel1.win32_1.0.100.202403111256/tools/bin/../lib/gcc/arm-none-eabi/12.3.1/../../../../arm-none-eabi/lib/thumb/v7e-m/nofp\libc_nano.a(libc_a-findfp.o) (_fwalk_sglue)
C:/ST/STM32CubeIDE_1.15.1/STM32CubeIDE/plugins/com.st.stm32cube.ide.mcu.externaltools.gnu-tools-for-stm32.12.3.rel1.win32_1.0.100.202403111256/tools/bin/../lib/gcc/arm-none-eabi/12.3.1/../../../../arm-none-eabi/lib/thumb/v7e-m/nofp\libc_nano.a(libc_a-stdio.o)
                              C:/ST/STM32CubeIDE_1.15.1/STM32CubeIDE/plugins/com.st.stm32cube.ide.mcu.externaltools.gnu-tools-for-stm32.12.3.rel1.win32_1.0.100.202403111256/tools/bin/../lib/gcc/arm-none-eabi/12.3.1/../../../../arm-none-eabi/lib/thumb/v7e-m/nofp\libc_nano.a(libc_a-findfp.o) (__sread)
C:/ST/STM32CubeIDE_1.15.1/STM32CubeIDE/plugins/com.st.stm32cube.ide.mcu.externaltools.gnu-tools-for-stm32.12.3.rel1.win32_1.0.100.202403111256/tools/bin/../lib/gcc/arm-none-eabi/12.3.1/../../../../arm-none-eabi/lib/thumb/v7e-m/nofp\libc_nano.a(libc_a-memset.o)
                              C:/ST/STM32CubeIDE_1.15.1/STM32CubeIDE/plugins/com.st.stm32cube.ide.mcu.externaltools.gnu-tools-for-stm32.12.3.rel1.win32_1.0.100.202403111256/tools/bin/../lib/gcc/arm-none-eabi/12.3.1/../../../../arm-none-eabi/lib/thumb/v7e-m/nofp/crt0.o (memset)
C:/ST/STM32CubeIDE_1.15.1/STM32CubeIDE/plugins/com.st.stm32cube.ide.mcu.externaltools.gnu-tools-for-stm32.12.3.rel1.win32_1.0.100.202403111256/tools/bin/../lib/gcc/arm-none-eabi/12.3.1/../../../../arm-none-eabi/lib/thumb/v7e-m/nofp\libc_nano.a(libc_a-strncmp.o)
                              ./Application/User/SubGHz_Phy/App/subghz_phy_app.o (strncmp)
C:/ST/STM32CubeIDE_1.15.1/STM32CubeIDE/plugins/com.st.stm32cube.ide.mcu.externaltools.gnu-tools-for-stm32.12.3.rel1.win32_1.0.100.202403111256/tools/bin/../lib/gcc/arm-none-eabi/12.3.1/../../../../arm-none-eabi/lib/thumb/v7e-m/nofp\libc_nano.a(libc_a-closer.o)
                              C:/ST/STM32CubeIDE_1.15.1/STM32CubeIDE/plugins/com.st.stm32cube.ide.mcu.externaltools.gnu-tools-for-stm32.12.3.rel1.win32_1.0.100.202403111256/tools/bin/../lib/gcc/arm-none-eabi/12.3.1/../../../../arm-none-eabi/lib/thumb/v7e-m/nofp\libc_nano.a(libc_a-stdio.o) (_close_r)
C:/ST/STM32CubeIDE_1.15.1/STM32CubeIDE/plugins/com.st.stm32cube.ide.mcu.externaltools.gnu-tools-for-stm32.12.3.rel1.win32_1.0.100.202403111256/tools/bin/../lib/gcc/arm-none-eabi/12.3.1/../../../../arm-none-eabi/lib/thumb/v7e-m/nofp\libc_nano.a(libc_a-reent.o)
                              C:/ST/STM32CubeIDE_1.15.1/STM32CubeIDE/plugins/com.st.stm32cube.ide.mcu.externaltools.gnu-tools-for-stm32.12.3.rel1.win32_1.0.100.202403111256/tools/bin/../lib/gcc/arm-none-eabi/12.3.1/../../../../arm-none-eabi/lib/thumb/v7e-m/nofp\libc_nano.a(libc_a-closer.o) (errno)
C:/ST/STM32CubeIDE_1.15.1/STM32CubeIDE/plugins/com.st.stm32cube.ide.mcu.externaltools.gnu-tools-for-stm32.12.3.rel1.win32_1.0.100.202403111256/tools/bin/../lib/gcc/arm-none-eabi/12.3.1/../../../../arm-none-eabi/lib/thumb/v7e-m/nofp\libc_nano.a(libc_a-impure.o)
                              C:/ST/STM32CubeIDE_1.15.1/STM32CubeIDE/plugins/com.st.stm32cube.ide.mcu.externaltools.gnu-tools-for-stm32.12.3.rel1.win32_1.0.100.202403111256/tools/bin/../lib/gcc/arm-none-eabi/12.3.1/../../../../arm-none-eabi/lib/thumb/v7e-m/nofp\libc_nano.a(libc_a-reent.o) (_impure_ptr)
[...]
Memory Configuration

Name             Origin             Length             Attributes
RAM1             0x20000000         0x00008000         xrw
RAM2             0x20008000         0x00008000         xrw
FLASH            0x08000000         0x00040000         xr
*default*        0x00000000         0xffffffff

Linker script and memory map

LOAD C:/ST/STM32CubeIDE_1.15.1/STM32CubeIDE/plugins/com.st.stm32cube.ide.mcu.externaltools.gnu-tools-for-stm32.12.3.rel1.win32_1.0.100.202403111256/tools/bin/../lib/gcc/arm-none-eabi/12.3.1/thumb/v7e-m/nofp/crti.o
LOAD C:/ST/STM32CubeIDE_1.15.1/STM32CubeIDE/plugins/com.st.stm32cube.ide.mcu.externaltools.gnu-tools-for-stm32.12.3.rel1.win32_1.0.100.202403111256/tools/bin/../lib/gcc/arm-none-eabi/12.3.1/thumb/v7e-m/nofp/crtbegin.o
LOAD C:/ST/STM32CubeIDE_1.15.1/STM32CubeIDE/plugins/com.st.stm32cube.ide.mcu.externaltools.gnu-tools-for-stm32.12.3.rel1.win32_1.0.100.202403111256/tools/bin/../lib/gcc/arm-none-eabi/12.3.1/../../../../arm-none-eabi/lib/thumb/v7e-m/nofp/crt0.o
LOAD ./Application/User/Core/dma.o
LOAD ./Application/User/Core/gpio.o
LOAD ./Application/User/Core/main.o
LOAD ./Application/User/Core/rtc.o
LOAD ./Application/User/Core/stm32_lpm_if.o
LOAD ./Application/User/Core/stm32wlxx_hal_msp.o
LOAD ./Application/User/Core/stm32wlxx_it.o
LOAD ./Application/User/Core/subghz.o
LOAD ./Application/User/Core/sys_app.o
LOAD ./Application/User/Core/sys_debug.o
LOAD ./Application/User/Core/syscalls.o
LOAD ./Application/User/Core/sysmem.o
LOAD ./Application/User/Core/timer_if.o
LOAD ./Application/User/Core/usart.o
LOAD ./Application/User/Core/usart_if.o
LOAD ./Application/User/Startup/startup_stm32wl55jcix.o
LOAD ./Application/User/SubGHz_Phy/App/app_subghz_phy.o
LOAD ./Application/User/SubGHz_Phy/App/subghz_phy_app.o
LOAD ./Application/User/SubGHz_Phy/Target/radio_board_if.o
LOAD ./Drivers/BSP/STM32WLxx_Nucleo/stm32wlxx_nucleo.o
LOAD ./Drivers/BSP/STM32WLxx_Nucleo/stm32wlxx_nucleo_radio.o
LOAD ./Drivers/CMSIS/system_stm32wlxx.o
LOAD ./Drivers/STM32WLxx_HAL_Driver/stm32wlxx_hal.o
LOAD ./Drivers/STM32WLxx_HAL_Driver/stm32wlxx_hal_cortex.o
LOAD ./Drivers/STM32WLxx_HAL_Driver/stm32wlxx_hal_dma.o
LOAD ./Drivers/STM32WLxx_HAL_Driver/stm32wlxx_hal_dma_ex.o
LOAD ./Drivers/STM32WLxx_HAL_Driver/stm32wlxx_hal_exti.o
LOAD ./Drivers/STM32WLxx_HAL_Driver/stm32wlxx_hal_flash.o
LOAD ./Drivers/STM32WLxx_HAL_Driver/stm32wlxx_hal_flash_ex.o
LOAD ./Drivers/STM32WLxx_HAL_Driver/stm32wlxx_hal_gpio.o
LOAD ./Drivers/STM32WLxx_HAL_Driver/stm32wlxx_hal_pwr.o
LOAD ./Drivers/STM32WLxx_HAL_Driver/stm32wlxx_hal_pwr_ex.o
LOAD ./Drivers/STM32WLxx_HAL_Driver/stm32wlxx_hal_rcc.o
LOAD ./Drivers/STM32WLxx_HAL_Driver/stm32wlxx_hal_rcc_ex.o
LOAD ./Drivers/STM32WLxx_HAL_Driver/stm32wlxx_hal_rtc.o
LOAD ./Drivers/STM32WLxx_HAL_Driver/stm32wlxx_hal_rtc_ex.o
LOAD ./Drivers/STM32WLxx_HAL_Driver/stm32wlxx_hal_subghz.o
LOAD ./Drivers/STM32WLxx_HAL_Driver/stm32wlxx_hal_tim.o
LOAD ./Drivers/STM32WLxx_HAL_Driver/stm32wlxx_hal_tim_ex.o
LOAD ./Drivers/STM32WLxx_HAL_Driver/stm32wlxx_hal_uart.o
LOAD ./Drivers/STM32WLxx_HAL_Driver/stm32wlxx_hal_uart_ex.o
LOAD ./Middlewares/SubGHz_Phy/lr_fhss_mac.o
LOAD ./Middlewares/SubGHz_Phy/radio.o
LOAD ./Middlewares/SubGHz_Phy/radio_driver.o
LOAD ./Middlewares/SubGHz_Phy/radio_fw.o
LOAD ./Middlewares/SubGHz_Phy/wl_lr_fhss.o
LOAD ./Utilities/stm32_adv_trace.o
LOAD ./Utilities/stm32_lpm.o
LOAD ./Utilities/stm32_mem.o
LOAD ./Utilities/stm32_seq.o
LOAD ./Utilities/stm32_systime.o
LOAD ./Utilities/stm32_timer.o
LOAD ./Utilities/stm32_tiny_sscanf.o
LOAD ./Utilities/stm32_tiny_vsnprintf.o
START GROUP
LOAD C:/ST/STM32CubeIDE_1.15.1/STM32CubeIDE/plugins/com.st.stm32cube.ide.mcu.externaltools.gnu-tools-for-stm32.12.3.rel1.win32_1.0.100.202403111256/tools/bin/../lib/gcc/arm-none-eabi/12.3.1/../../../../arm-none-eabi/lib/thumb/v7e-m/nofp\libc_nano.a
LOAD C:/ST/STM32CubeIDE_1.15.1/STM32CubeIDE/plugins/com.st.stm32cube.ide.mcu.externaltools.gnu-tools-for-stm32.12.3.rel1.win32_1.0.100.202403111256/tools/bin/../lib/gcc/arm-none-eabi/12.3.1/../../../../arm-none-eabi/lib/thumb/v7e-m/nofp\libm.a
END GROUP
START GROUP
LOAD C:/ST/STM32CubeIDE_1.15.1/STM32CubeIDE/plugins/com.st.stm32cube.ide.mcu.externaltools.gnu-tools-for-stm32.12.3.rel1.win32_1.0.100.202403111256/tools/bin/../lib/gcc/arm-none-eabi/12.3.1/thumb/v7e-m/nofp\libgcc.a
LOAD C:/ST/STM32CubeIDE_1.15.1/STM32CubeIDE/plugins/com.st.stm32cube.ide.mcu.externaltools.gnu-tools-for-stm32.12.3.rel1.win32_1.0.100.202403111256/tools/bin/../lib/gcc/arm-none-eabi/12.3.1/../../../../arm-none-eabi/lib/thumb/v7e-m/nofp\libc_nano.a
END GROUP
START GROUP
LOAD C:/ST/STM32CubeIDE_1.15.1/STM32CubeIDE/plugins/com.st.stm32cube.ide.mcu.externaltools.gnu-tools-for-stm32.12.3.rel1.win32_1.0.100.202403111256/tools/bin/../lib/gcc/arm-none-eabi/12.3.1/thumb/v7e-m/nofp\libgcc.a
LOAD C:/ST/STM32CubeIDE_1.15.1/STM32CubeIDE/plugins/com.st.stm32cube.ide.mcu.externaltools.gnu-tools-for-stm32.12.3.rel1.win32_1.0.100.202403111256/tools/bin/../lib/gcc/arm-none-eabi/12.3.1/../../../../arm-none-eabi/lib/thumb/v7e-m/nofp\libc_nano.a
LOAD C:/ST/STM32CubeIDE_1.15.1/STM32CubeIDE/plugins/com.st.stm32cube.ide.mcu.externaltools.gnu-tools-for-stm32.12.3.rel1.win32_1.0.100.202403111256/tools/bin/../lib/gcc/arm-none-eabi/12.3.1/../../../../arm-none-eabi/lib/thumb/v7e-m/nofp\libnosys.a
END GROUP
START GROUP
LOAD C:/ST/STM32CubeIDE_1.15.1/STM32CubeIDE/plugins/com.st.stm32cube.ide.mcu.externaltools.gnu-tools-for-stm32.12.3.rel1.win32_1.0.100.202403111256/tools/bin/../lib/gcc/arm-none-eabi/12.3.1/thumb/v7e-m/nofp\libgcc.a
LOAD C:/ST/STM32CubeIDE_1.15.1/STM32CubeIDE/plugins/com.st.stm32cube.ide.mcu.externaltools.gnu-tools-for-stm32.12.3.rel1.win32_1.0.100.202403111256/tools/bin/../lib/gcc/arm-none-eabi/12.3.1/../../../../arm-none-eabi/lib/thumb/v7e-m/nofp\libc_nano.a
LOAD C:/ST/STM32CubeIDE_1.15.1/STM32CubeIDE/plugins/com.st.stm32cube.ide.mcu.externaltools.gnu-tools-for-stm32.12.3.rel1.win32_1.0.100.202403111256/tools/bin/../lib/gcc/arm-none-eabi/12.3.1/../../../../arm-none-eabi/lib/thumb/v7e-m/nofp\libnosys.a
END GROUP
LOAD C:/ST/STM32CubeIDE_1.15.1/STM32CubeIDE/plugins/com.st.stm32cube.ide.mcu.externaltools.gnu-tools-for-stm32.12.3.rel1.win32_1.0.100.202403111256/tools/bin/../lib/gcc/arm-none-eabi/12.3.1/thumb/v7e-m/nofp/crtend.o
LOAD C:/ST/STM32CubeIDE_1.15.1/STM32CubeIDE/plugins/com.st.stm32cube.ide.mcu.externaltools.gnu-tools-for-stm32.12.3.rel1.win32_1.0.100.202403111256/tools/bin/../lib/gcc/arm-none-eabi/12.3.1/thumb/v7e-m/nofp/crtn.o
                0x20008000                        _estack = (ORIGIN (RAM1) + LENGTH (RAM1))
                0x00000200                        _Min_Heap_Size = 0x200
                0x00000800                        _Min_Stack_Size = 0x800

.isr_vector     0x08000000      0x138
                0x08000000                        . = ALIGN (0x8)
 *(.isr_vector)
 .isr_vector    0x08000000      0x138 ./Application/User/Startup/startup_stm32wl55jcix.o
                0x08000000                g_pfnVectors
                0x08000138                        . = ALIGN (0x8)

.text           0x08000138     0x7be0
                0x08000138                        . = ALIGN (0x8)
 *(.text)
 .text          0x08000138       0x40 C:/ST/STM32CubeIDE_1.15.1/STM32CubeIDE/plugins/com.st.stm32cube.ide.mcu.externaltools.gnu-tools-for-stm32.12.3.rel1.win32_1.0.100.202403111256/tools/bin/../lib/gcc/arm-none-eabi/12.3.1/thumb/v7e-m/nofp/crtbegin.o
 .text          0x08000178       0x10 C:/ST/STM32CubeIDE_1.15.1/STM32CubeIDE/plugins/com.st.stm32cube.ide.mcu.externaltools.gnu-tools-for-stm32.12.3.rel1.win32_1.0.100.202403111256/tools/bin/../lib/gcc/arm-none-eabi/12.3.1/../../../../arm-none-eabi/lib/thumb/v7e-m/nofp\libc_nano.a(libc_a-strlen.o)
                0x08000178                strlen
 .text          0x08000188       0x30 C:/ST/STM32CubeIDE_1.15.1/STM32CubeIDE/plugins/com.st.stm32cube.ide.mcu.externaltools.gnu-tools-for-stm32.12.3.rel1.win32_1.0.100.202403111256/tools/bin/../lib/gcc/arm-none-eabi/12.3.1/thumb/v7e-m/nofp\libgcc.a(_aeabi_uldivmod.o)
                0x08000188                __aeabi_uldivmod
 .text          0x080001b8      0x2bc C:/ST/STM32CubeIDE_1.15.1/STM32CubeIDE/plugins/com.st.stm32cube.ide.mcu.externaltools.gnu-tools-for-stm32.12.3.rel1.win32_1.0.100.202403111256/tools/bin/../lib/gcc/arm-none-eabi/12.3.1/thumb/v7e-m/nofp\libgcc.a(_udivmoddi4.o)
                0x080001b8                __udivmoddi4
 .text          0x08000474        0x4 C:/ST/STM32CubeIDE_1.15.1/STM32CubeIDE/plugins/com.st.stm32cube.ide.mcu.externaltools.gnu-tools-for-stm32.12.3.rel1.win32_1.0.100.202403111256/tools/bin/../lib/gcc/arm-none-eabi/12.3.1/thumb/v7e-m/nofp\libgcc.a(_dvmd_tls.o)
                0x08000474                __aeabi_idiv0
                0x08000474                __aeabi_ldiv0
 *(.text*)
 .text.MX_DMA_Init
                0x08000478       0x42 ./Application/User/Core/dma.o
                0x08000478                MX_DMA_Init
 *fill*         0x080004ba        0x2 
 .text.MX_GPIO_Init
                0x080004bc       0xc0 ./Application/User/Core/gpio.o
                0x080004bc                MX_GPIO_Init
 .text.Error_Handler
                0x0800057c        0x4 ./Application/User/Core/main.o
                0x0800057c                Error_Handler
 .text.SystemClock_Config
                0x08000580       0x8e ./Application/User/Core/main.o
                0x08000580                SystemClock_Config
 .text.main     0x0800060e       0x18 ./Application/User/Core/main.o
                0x0800060e                main
 *fill*         0x08000626        0x2 
 .text.MX_RTC_Init
                0x08000628       0x7c ./Application/User/Core/rtc.o
                0x08000628                MX_RTC_Init
 .text.HAL_RTC_MspInit
                0x080006a4       0x80 ./Application/User/Core/rtc.o
                0x080006a4                HAL_RTC_MspInit
 .text.PWR_EnterOffMode
                0x08000724        0x2 ./Application/User/Core/stm32_lpm_if.o
                0x08000724                PWR_EnterOffMode
 .text.PWR_ExitOffMode
                0x08000726        0x2 ./Application/User/Core/stm32_lpm_if.o
                0x08000726                PWR_ExitOffMode
 .text.PWR_EnterStopMode
                0x08000728       0x18 ./Application/User/Core/stm32_lpm_if.o
                0x08000728                PWR_EnterStopMode
 .text.PWR_ExitSleepMode
                0x08000740        0x8 ./Application/User/Core/stm32_lpm_if.o
                0x08000740                PWR_ExitSleepMode
 .text.PWR_ExitStopMode
                0x08000748        0xc ./Application/User/Core/stm32_lpm_if.o
                0x08000748                PWR_ExitStopMode
 .text.PWR_EnterSleepMode
                0x08000754       0x10 ./Application/User/Core/stm32_lpm_if.o
                0x08000754                PWR_EnterSleepMode
 .text.HAL_MspInit
                0x08000764        0x2 ./Application/User/Core/stm32wlxx_hal_msp.o
                0x08000764                HAL_MspInit
 .text.NMI_Handler
                0x08000766        0x2 ./Application/User/Core/stm32wlxx_it.o
                0x08000766                NMI_Handler
 .text.HardFault_Handler
                0x08000768        0x2 ./Application/User/Core/stm32wlxx_it.o
                0x08000768                HardFault_Handler
 .text.MemManage_Handler
                0x0800076a        0x2 ./Application/User/Core/stm32wlxx_it.o
                0x0800076a                MemManage_Handler
 .text.BusFault_Handler
                0x0800076c        0x2 ./Application/User/Core/stm32wlxx_it.o
                0x0800076c                BusFault_Handler
 .text.UsageFault_Handler
                0x0800076e        0x2 ./Application/User/Core/stm32wlxx_it.o
                0x0800076e                UsageFault_Handler
 .text.SVC_Handler
                0x08000770        0x2 ./Application/User/Core/stm32wlxx_it.o
                0x08000770                SVC_Handler
 .text.DebugMon_Handler
                0x08000772        0x2 ./Application/User/Core/stm32wlxx_it.o
                0x08000772                DebugMon_Handler
 .text.PendSV_Handler
                0x08000774        0x2 ./Application/User/Core/stm32wlxx_it.o
                0x08000774                PendSV_Handler
 .text.SysTick_Handler
                0x08000776        0x2 ./Application/User/Core/stm32wlxx_it.o
                0x08000776                SysTick_Handler
 .text.TAMP_STAMP_LSECSS_SSRU_IRQHandler
                0x08000778       0x10 ./Application/User/Core/stm32wlxx_it.o
                0x08000778                TAMP_STAMP_LSECSS_SSRU_IRQHandler
 .text.DMA1_Channel5_IRQHandler
                0x08000788       0x10 ./Application/User/Core/stm32wlxx_it.o
                0x08000788                DMA1_Channel5_IRQHandler
 .text.USART2_IRQHandler
                0x08000798       0x10 ./Application/User/Core/stm32wlxx_it.o
                0x08000798                USART2_IRQHandler
 .text.RTC_Alarm_IRQHandler
                0x080007a8       0x10 ./Application/User/Core/stm32wlxx_it.o
                0x080007a8                RTC_Alarm_IRQHandler
 .text.SUBGHZ_Radio_IRQHandler
                0x080007b8       0x10 ./Application/User/Core/stm32wlxx_it.o
                0x080007b8                SUBGHZ_Radio_IRQHandler
 .text.MX_SUBGHZ_Init
                0x080007c8       0x1c ./Application/User/Core/subghz.o
                0x080007c8                MX_SUBGHZ_Init
 .text.HAL_SUBGHZ_MspInit
                0x080007e4       0x30 ./Application/User/Core/subghz.o
                0x080007e4                HAL_SUBGHZ_MspInit
 .text.tiny_snprintf_like
                0x08000814       0x1c ./Application/User/Core/sys_app.o
 .text.TimestampNow
                0x08000830       0x30 ./Application/User/Core/sys_app.o
 .text.SystemApp_Init
                0x08000860       0x44 ./Application/User/Core/sys_app.o
                0x08000860                SystemApp_Init
 .text.UTIL_SEQ_Idle
                0x080008a4        0x8 ./Application/User/Core/sys_app.o
                0x080008a4                UTIL_SEQ_Idle
 .text.UTIL_ADV_TRACE_PreSendHook
                0x080008ac        0xc ./Application/User/Core/sys_app.o
                0x080008ac                UTIL_ADV_TRACE_PreSendHook
 .text.UTIL_ADV_TRACE_PostSendHook
                0x080008b8        0xc ./Application/User/Core/sys_app.o
                0x080008b8                UTIL_ADV_TRACE_PostSendHook
 .text.HAL_InitTick
                0x080008c4        0x4 ./Application/User/Core/sys_app.o
                0x080008c4                HAL_InitTick
 .text.HAL_GetTick
                0x080008c8       0x18 ./Application/User/Core/sys_app.o
                0x080008c8                HAL_GetTick
 .text.HAL_Delay
                0x080008e0       0x12 ./Application/User/Core/sys_app.o
                0x080008e0                HAL_Delay
 *fill*         0x080008f2        0x2 
 .text.DBG_Init
                0x080008f4       0x88 ./Application/User/Core/sys_debug.o
                0x080008f4                DBG_Init
 .text.TIMER_IF_SetTimerContext
                0x0800097c       0x24 ./Application/User/Core/timer_if.o
                0x0800097c                TIMER_IF_SetTimerContext
 .text.TIMER_IF_GetTimerContext
                0x080009a0        0xc ./Application/User/Core/timer_if.o
                0x080009a0                TIMER_IF_GetTimerContext
 .text.TIMER_IF_GetTimerElapsedTime
                0x080009ac       0x24 ./Application/User/Core/timer_if.o
                0x080009ac                TIMER_IF_GetTimerElapsedTime
 .text.TIMER_IF_GetTimerValue
                0x080009d0       0x28 ./Application/User/Core/timer_if.o
                0x080009d0                TIMER_IF_GetTimerValue
 .text.TIMER_IF_GetMinimumTimeout
                0x080009f8        0x4 ./Application/User/Core/timer_if.o
                0x080009f8                TIMER_IF_GetMinimumTimeout
 .text.TIMER_IF_Convert_ms2Tick
                0x080009fc       0x14 ./Application/User/Core/timer_if.o
                0x080009fc                TIMER_IF_Convert_ms2Tick
 .text.TIMER_IF_Convert_Tick2ms
                0x08000a10       0x28 ./Application/User/Core/timer_if.o
                0x08000a10                TIMER_IF_Convert_Tick2ms
 .text.TIMER_IF_StopTimer
                0x08000a38       0x28 ./Application/User/Core/timer_if.o
                0x08000a38                TIMER_IF_StopTimer
 .text.TIMER_IF_BkUp_Write_MSBticks
                0x08000a60       0x14 ./Application/User/Core/timer_if.o
 .text.TIMER_IF_Init
                0x08000a74       0x48 ./Application/User/Core/timer_if.o
                0x08000a74                TIMER_IF_Init
 .text.TIMER_IF_BkUp_Write_Seconds
                0x08000abc       0x14 ./Application/User/Core/timer_if.o
                0x08000abc                TIMER_IF_BkUp_Write_Seconds
 .text.TIMER_IF_BkUp_Write_SubSeconds
                0x08000ad0       0x14 ./Application/User/Core/timer_if.o
                0x08000ad0                TIMER_IF_BkUp_Write_SubSeconds
 .text.TIMER_IF_StartTimer
                0x08000ae4       0x50 ./Application/User/Core/timer_if.o
                0x08000ae4                TIMER_IF_StartTimer
 .text.TIMER_IF_BkUp_Read_MSBticks
                0x08000b34       0x10 ./Application/User/Core/timer_if.o
 .text.TIMER_IF_GetTime
                0x08000b44       0x38 ./Application/User/Core/timer_if.o
                0x08000b44                TIMER_IF_GetTime
 .text.TIMER_IF_BkUp_Read_Seconds
                0x08000b7c       0x10 ./Application/User/Core/timer_if.o
                0x08000b7c                TIMER_IF_BkUp_Read_Seconds
 .text.TIMER_IF_BkUp_Read_SubSeconds
                0x08000b8c       0x10 ./Application/User/Core/timer_if.o
                0x08000b8c                TIMER_IF_BkUp_Read_SubSeconds
 .text.TIMER_IF_DelayMs
                0x08000b9c       0x40 ./Application/User/Core/timer_if.o
                0x08000b9c                TIMER_IF_DelayMs
 .text.HAL_RTC_AlarmAEventCallback
                0x08000bdc        0x8 ./Application/User/Core/timer_if.o
                0x08000bdc                HAL_RTC_AlarmAEventCallback
 .text.HAL_RTCEx_SSRUEventCallback
                0x08000be4        0xe ./Application/User/Core/timer_if.o
                0x08000be4                HAL_RTCEx_SSRUEventCallback
 *fill*         0x08000bf2        0x2 
 .text.MX_USART2_UART_Init
                0x08000bf4       0x68 ./Application/User/Core/usart.o
                0x08000bf4                MX_USART2_UART_Init
 .text.HAL_UART_MspInit
                0x08000c5c       0xe4 ./Application/User/Core/usart.o
                0x08000c5c                HAL_UART_MspInit
 .text.HAL_UART_MspDeInit
                0x08000d40       0x38 ./Application/User/Core/usart.o
                0x08000d40                HAL_UART_MspDeInit
 .text.vcom_Init
                0x08000d78       0x28 ./Application/User/Core/usart_if.o
                0x08000d78                vcom_Init
 .text.vcom_DeInit
                0x08000da0       0x2c ./Application/User/Core/usart_if.o
                0x08000da0                vcom_DeInit
 .text.vcom_Trace_DMA
                0x08000dcc       0x14 ./Application/User/Core/usart_if.o
                0x08000dcc                vcom_Trace_DMA
 .text.vcom_ReceiveInit
                0x08000de0       0x5c ./Application/User/Core/usart_if.o
                0x08000de0                vcom_ReceiveInit
 .text.vcom_Resume
                0x08000e3c       0x28 ./Application/User/Core/usart_if.o
                0x08000e3c                vcom_Resume
 .text.HAL_UART_TxCpltCallback
                0x08000e64       0x20 ./Application/User/Core/usart_if.o
                0x08000e64                HAL_UART_TxCpltCallback
 .text.HAL_UART_RxCpltCallback
                0x08000e84       0x38 ./Application/User/Core/usart_if.o
                0x08000e84                HAL_UART_RxCpltCallback
 .text.Reset_Handler
                0x08000ebc       0x50 ./Application/User/Startup/startup_stm32wl55jcix.o
                0x08000ebc                Reset_Handler
 .text.Default_Handler
                0x08000f0c        0x2 ./Application/User/Startup/startup_stm32wl55jcix.o
                0x08000f0c                EXTI2_IRQHandler
                0x08000f0c                TIM1_CC_IRQHandler
                0x08000f0c                EXTI3_IRQHandler
                0x08000f0c                LPTIM2_IRQHandler
                0x08000f0c                I2C3_ER_IRQHandler
                0x08000f0c                LPTIM3_IRQHandler
                0x08000f0c                EXTI0_IRQHandler
                0x08000f0c                I2C2_EV_IRQHandler
                0x08000f0c                SPI1_IRQHandler
                0x08000f0c                DMA2_Channel2_IRQHandler
                0x08000f0c                DMA1_Channel4_IRQHandler
                0x08000f0c                PKA_IRQHandler
                0x08000f0c                TIM17_IRQHandler
                0x08000f0c                DMA1_Channel7_IRQHandler
                0x08000f0c                SUBGHZSPI_IRQHandler
                0x08000f0c                IPCC_C1_TX_IRQHandler
                0x08000f0c                DMA2_Channel1_IRQHandler
                0x08000f0c                I2C1_EV_IRQHandler
                0x08000f0c                DMAMUX1_OVR_IRQHandler
                0x08000f0c                DMA1_Channel6_IRQHandler
                0x08000f0c                TIM16_IRQHandler
                0x08000f0c                DMA2_Channel4_IRQHandler
                0x08000f0c                RCC_IRQHandler
                0x08000f0c                TIM1_TRG_COM_IRQHandler
                0x08000f0c                DMA1_Channel1_IRQHandler
                0x08000f0c                Default_Handler
                0x08000f0c                DMA2_Channel7_IRQHandler
                0x08000f0c                EXTI15_10_IRQHandler
                0x08000f0c                IPCC_C1_RX_IRQHandler
                0x08000f0c                ADC_IRQHandler
                0x08000f0c                C2SEV_PWR_C2H_IRQHandler
                0x08000f0c                I2C3_EV_IRQHandler
                0x08000f0c                EXTI9_5_IRQHandler
                0x08000f0c                RTC_WKUP_IRQHandler
                0x08000f0c                PVD_PVM_IRQHandler
                0x08000f0c                SPI2_IRQHandler
                0x08000f0c                DMA2_Channel5_IRQHandler
                0x08000f0c                EXTI4_IRQHandler
                0x08000f0c                RNG_IRQHandler
                0x08000f0c                DMA1_Channel3_IRQHandler
                0x08000f0c                COMP_IRQHandler
                0x08000f0c                HSEM_IRQHandler
                0x08000f0c                TIM1_UP_IRQHandler
                0x08000f0c                WWDG_IRQHandler
                0x08000f0c                LPUART1_IRQHandler
                0x08000f0c                DMA2_Channel6_IRQHandler
                0x08000f0c                TIM2_IRQHandler
                0x08000f0c                TIM1_BRK_IRQHandler
                0x08000f0c                DAC_IRQHandler
                0x08000f0c                EXTI1_IRQHandler
                0x08000f0c                AES_IRQHandler
                0x08000f0c                I2C2_ER_IRQHandler
                0x08000f0c                DMA1_Channel2_IRQHandler
                0x08000f0c                FLASH_IRQHandler
                0x08000f0c                USART1_IRQHandler
                0x08000f0c                I2C1_ER_IRQHandler
                0x08000f0c                LPTIM1_IRQHandler
                0x08000f0c                DMA2_Channel3_IRQHandler
 .text.MX_SubGHz_Phy_Init
                0x08000f0e        0xc ./Application/User/SubGHz_Phy/App/app_subghz_phy.o
                0x08000f0e                MX_SubGHz_Phy_Init
 .text.MX_SubGHz_Phy_Process
                0x08000f1a        0xc ./Application/User/SubGHz_Phy/App/app_subghz_phy.o
                0x08000f1a                MX_SubGHz_Phy_Process
 *fill*         0x08000f26        0x2 
 .text.OnledEvent
                0x08000f28       0x28 ./Application/User/SubGHz_Phy/App/subghz_phy_app.o
 .text.PingPong_Process
                0x08000f50      0x220 ./Application/User/SubGHz_Phy/App/subghz_phy_app.o
 .text.OnRxError
                0x08001170       0x28 ./Application/User/SubGHz_Phy/App/subghz_phy_app.o
 .text.OnRxTimeout
                0x08001198       0x24 ./Application/User/SubGHz_Phy/App/subghz_phy_app.o
 .text.OnTxTimeout
                0x080011bc       0x28 ./Application/User/SubGHz_Phy/App/subghz_phy_app.o
 .text.OnRxDone
                0x080011e4       0xdc ./Application/User/SubGHz_Phy/App/subghz_phy_app.o
 .text.OnTxDone
                0x080012c0       0x28 ./Application/User/SubGHz_Phy/App/subghz_phy_app.o
 .text.SubghzApp_Init
                0x080012e8      0x19c ./Application/User/SubGHz_Phy/App/subghz_phy_app.o
                0x080012e8                SubghzApp_Init
 .text.RBI_Init
                0x08001484        0x8 ./Application/User/SubGHz_Phy/Target/radio_board_if.o
                0x08001484                RBI_Init
 .text.RBI_ConfigRFSwitch
                0x0800148c        0x8 ./Application/User/SubGHz_Phy/Target/radio_board_if.o
                0x0800148c                RBI_ConfigRFSwitch
 .text.RBI_GetTxConfig
                0x08001494        0x8 ./Application/User/SubGHz_Phy/Target/radio_board_if.o
                0x08001494                RBI_GetTxConfig
 .text.RBI_IsTCXO
                0x0800149c        0x8 ./Application/User/SubGHz_Phy/Target/radio_board_if.o
                0x0800149c                RBI_IsTCXO
 .text.RBI_IsDCDC
                0x080014a4        0x8 ./Application/User/SubGHz_Phy/Target/radio_board_if.o
                0x080014a4                RBI_IsDCDC
 .text.RBI_GetRFOMaxPowerConfig
                0x080014ac        0x8 ./Application/User/SubGHz_Phy/Target/radio_board_if.o
                0x080014ac                RBI_GetRFOMaxPowerConfig
 .text.BSP_RADIO_Init
                0x080014b4       0x84 ./Drivers/BSP/STM32WLxx_Nucleo/stm32wlxx_nucleo_radio.o
                0x080014b4                BSP_RADIO_Init
 .text.BSP_RADIO_ConfigRFSwitch
                0x08001538       0x9c ./Drivers/BSP/STM32WLxx_Nucleo/stm32wlxx_nucleo_radio.o
                0x08001538                BSP_RADIO_ConfigRFSwitch
 .text.BSP_RADIO_GetTxConfig
                0x080015d4        0x4 ./Drivers/BSP/STM32WLxx_Nucleo/stm32wlxx_nucleo_radio.o
                0x080015d4                BSP_RADIO_GetTxConfig
 .text.BSP_RADIO_IsTCXO
                0x080015d8        0x4 ./Drivers/BSP/STM32WLxx_Nucleo/stm32wlxx_nucleo_radio.o
                0x080015d8                BSP_RADIO_IsTCXO
 .text.BSP_RADIO_IsDCDC
                0x080015dc        0x4 ./Drivers/BSP/STM32WLxx_Nucleo/stm32wlxx_nucleo_radio.o
                0x080015dc                BSP_RADIO_IsDCDC
 .text.BSP_RADIO_GetRFOMaxPowerConfig
                0x080015e0        0xa ./Drivers/BSP/STM32WLxx_Nucleo/stm32wlxx_nucleo_radio.o
                0x080015e0                BSP_RADIO_GetRFOMaxPowerConfig
 .text.SystemInit
                0x080015ea        0x2 ./Drivers/CMSIS/system_stm32wlxx.o
                0x080015ea                SystemInit
 .text.HAL_Init
                0x080015ec       0x2c ./Drivers/STM32WLxx_HAL_Driver/stm32wlxx_hal.o
                0x080015ec                HAL_Init
 .text.HAL_SuspendTick
                0x08001618        0xe ./Drivers/STM32WLxx_HAL_Driver/stm32wlxx_hal.o
                0x08001618                HAL_SuspendTick
 .text.HAL_ResumeTick
                0x08001626        0xe ./Drivers/STM32WLxx_HAL_Driver/stm32wlxx_hal.o
                0x08001626                HAL_ResumeTick
 .text.HAL_DBGMCU_DisableDBGSleepMode
                0x08001634       0x10 ./Drivers/STM32WLxx_HAL_Driver/stm32wlxx_hal.o
                0x08001634                HAL_DBGMCU_DisableDBGSleepMode
 .text.HAL_DBGMCU_DisableDBGStopMode
                0x08001644       0x10 ./Drivers/STM32WLxx_HAL_Driver/stm32wlxx_hal.o
                0x08001644                HAL_DBGMCU_DisableDBGStopMode
 .text.HAL_DBGMCU_DisableDBGStandbyMode
                0x08001654       0x10 ./Drivers/STM32WLxx_HAL_Driver/stm32wlxx_hal.o
                0x08001654                HAL_DBGMCU_DisableDBGStandbyMode
 .text.__NVIC_EnableIRQ
                0x08001664       0x1c ./Drivers/STM32WLxx_HAL_Driver/stm32wlxx_hal_cortex.o
 .text.__NVIC_DisableIRQ
                0x08001680       0x24 ./Drivers/STM32WLxx_HAL_Driver/stm32wlxx_hal_cortex.o
 .text.__NVIC_SetPriority
                0x080016a4       0x28 ./Drivers/STM32WLxx_HAL_Driver/stm32wlxx_hal_cortex.o
 .text.NVIC_EncodePriority
                0x080016cc       0x3e ./Drivers/STM32WLxx_HAL_Driver/stm32wlxx_hal_cortex.o
 *fill*         0x0800170a        0x2 
 .text.HAL_NVIC_SetPriorityGrouping
                0x0800170c       0x24 ./Drivers/STM32WLxx_HAL_Driver/stm32wlxx_hal_cortex.o
                0x0800170c                HAL_NVIC_SetPriorityGrouping
 .text.HAL_NVIC_SetPriority
                0x08001730       0x20 ./Drivers/STM32WLxx_HAL_Driver/stm32wlxx_hal_cortex.o
                0x08001730                HAL_NVIC_SetPriority
 .text.HAL_NVIC_EnableIRQ
                0x08001750        0x8 ./Drivers/STM32WLxx_HAL_Driver/stm32wlxx_hal_cortex.o
                0x08001750                HAL_NVIC_EnableIRQ
 .text.HAL_NVIC_DisableIRQ
                0x08001758        0x8 ./Drivers/STM32WLxx_HAL_Driver/stm32wlxx_hal_cortex.o
                0x08001758                HAL_NVIC_DisableIRQ
 .text.DMA_SetConfig
                0x08001760       0x4e ./Drivers/STM32WLxx_HAL_Driver/stm32wlxx_hal_dma.o
 *fill*         0x080017ae        0x2 
 .text.DMA_CalcDMAMUXChannelBaseAndMask
                0x080017b0       0x64 ./Drivers/STM32WLxx_HAL_Driver/stm32wlxx_hal_dma.o
 .text.DMA_CalcDMAMUXRequestGenBaseAndMask
                0x08001814       0x2c ./Drivers/STM32WLxx_HAL_Driver/stm32wlxx_hal_dma.o
 .text.HAL_DMA_Init
                0x08001840       0xe4 ./Drivers/STM32WLxx_HAL_Driver/stm32wlxx_hal_dma.o
                0x08001840                HAL_DMA_Init
 .text.HAL_DMA_DeInit
                0x08001924       0xb8 ./Drivers/STM32WLxx_HAL_Driver/stm32wlxx_hal_dma.o
                0x08001924                HAL_DMA_DeInit
 .text.HAL_DMA_Start_IT
                0x080019dc       0x98 ./Drivers/STM32WLxx_HAL_Driver/stm32wlxx_hal_dma.o
                0x080019dc                HAL_DMA_Start_IT
 .text.HAL_DMA_Abort
                0x08001a74       0x74 ./Drivers/STM32WLxx_HAL_Driver/stm32wlxx_hal_dma.o
                0x08001a74                HAL_DMA_Abort
 .text.HAL_DMA_Abort_IT
                0x08001ae8       0x72 ./Drivers/STM32WLxx_HAL_Driver/stm32wlxx_hal_dma.o
                0x08001ae8                HAL_DMA_Abort_IT
 *fill*         0x08001b5a        0x2 
 .text.HAL_DMA_IRQHandler
                0x08001b5c       0xe8 ./Drivers/STM32WLxx_HAL_Driver/stm32wlxx_hal_dma.o
                0x08001b5c                HAL_DMA_IRQHandler
 .text.HAL_DMA_ConfigChannelAttributes
                0x08001c44       0x26 ./Drivers/STM32WLxx_HAL_Driver/stm32wlxx_hal_dma.o
                0x08001c44                HAL_DMA_ConfigChannelAttributes
 *fill*         0x08001c6a        0x2 
 .text.HAL_GPIO_Init
                0x08001c6c      0x1a4 ./Drivers/STM32WLxx_HAL_Driver/stm32wlxx_hal_gpio.o
                0x08001c6c                HAL_GPIO_Init
 .text.HAL_GPIO_DeInit
                0x08001e10       0xfc ./Drivers/STM32WLxx_HAL_Driver/stm32wlxx_hal_gpio.o
                0x08001e10                HAL_GPIO_DeInit
 .text.HAL_GPIO_WritePin
                0x08001f0c        0xa ./Drivers/STM32WLxx_HAL_Driver/stm32wlxx_hal_gpio.o
                0x08001f0c                HAL_GPIO_WritePin
 .text.HAL_GPIO_TogglePin
                0x08001f16       0x12 ./Drivers/STM32WLxx_HAL_Driver/stm32wlxx_hal_gpio.o
                0x08001f16                HAL_GPIO_TogglePin
 .text.HAL_PWR_EnableBkUpAccess
                0x08001f28       0x10 ./Drivers/STM32WLxx_HAL_Driver/stm32wlxx_hal_pwr.o
                0x08001f28                HAL_PWR_EnableBkUpAccess
 .text.HAL_PWR_EnterSLEEPMode
                0x08001f38       0x4c ./Drivers/STM32WLxx_HAL_Driver/stm32wlxx_hal_pwr.o
                0x08001f38                HAL_PWR_EnterSLEEPMode
 .text.HAL_PWREx_GetVoltageRange
                0x08001f84       0x10 ./Drivers/STM32WLxx_HAL_Driver/stm32wlxx_hal_pwr_ex.o
                0x08001f84                HAL_PWREx_GetVoltageRange
 .text.HAL_PWREx_EnableLowPowerRunMode
                0x08001f94       0x10 ./Drivers/STM32WLxx_HAL_Driver/stm32wlxx_hal_pwr_ex.o
                0x08001f94                HAL_PWREx_EnableLowPowerRunMode
 .text.HAL_PWREx_DisableLowPowerRunMode
                0x08001fa4       0x4c ./Drivers/STM32WLxx_HAL_Driver/stm32wlxx_hal_pwr_ex.o
                0x08001fa4                HAL_PWREx_DisableLowPowerRunMode
 .text.HAL_PWREx_EnterSTOP2Mode
                0x08001ff0       0x3c ./Drivers/STM32WLxx_HAL_Driver/stm32wlxx_hal_pwr_ex.o
                0x08001ff0                HAL_PWREx_EnterSTOP2Mode
 .text.RCC_SetFlashLatency
                0x0800202c       0xbc ./Drivers/STM32WLxx_HAL_Driver/stm32wlxx_hal_rcc.o
 .text.RCC_SetFlashLatencyFromMSIRange
                0x080020e8       0x44 ./Drivers/STM32WLxx_HAL_Driver/stm32wlxx_hal_rcc.o
 .text.HAL_RCC_GetSysClockFreq
                0x0800212c      0x110 ./Drivers/STM32WLxx_HAL_Driver/stm32wlxx_hal_rcc.o
                0x0800212c                HAL_RCC_GetSysClockFreq
 .text.HAL_RCC_GetHCLKFreq
                0x0800223c       0x20 ./Drivers/STM32WLxx_HAL_Driver/stm32wlxx_hal_rcc.o
                0x0800223c                HAL_RCC_GetHCLKFreq
 .text.HAL_RCC_OscConfig
                0x0800225c      0x664 ./Drivers/STM32WLxx_HAL_Driver/stm32wlxx_hal_rcc.o
                0x0800225c                HAL_RCC_OscConfig
 .text.HAL_RCC_ClockConfig
                0x080028c0      0x268 ./Drivers/STM32WLxx_HAL_Driver/stm32wlxx_hal_rcc.o
                0x080028c0                HAL_RCC_ClockConfig
 .text.HAL_RCC_GetPCLK1Freq
                0x08002b28       0x20 ./Drivers/STM32WLxx_HAL_Driver/stm32wlxx_hal_rcc.o
                0x08002b28                HAL_RCC_GetPCLK1Freq
 .text.HAL_RCC_GetPCLK2Freq
                0x08002b48       0x20 ./Drivers/STM32WLxx_HAL_Driver/stm32wlxx_hal_rcc.o
                0x08002b48                HAL_RCC_GetPCLK2Freq
 .text.LL_RCC_SetI2CClockSource
                0x08002b68       0x20 ./Drivers/STM32WLxx_HAL_Driver/stm32wlxx_hal_rcc_ex.o
 .text.HAL_RCCEx_PeriphCLKConfig
                0x08002b88      0x244 ./Drivers/STM32WLxx_HAL_Driver/stm32wlxx_hal_rcc_ex.o
                0x08002b88                HAL_RCCEx_PeriphCLKConfig
 .text.HAL_RTC_DeactivateAlarm
                0x08002dcc       0x80 ./Drivers/STM32WLxx_HAL_Driver/stm32wlxx_hal_rtc.o
                0x08002dcc                HAL_RTC_DeactivateAlarm
 .text.HAL_RTC_AlarmIRQHandler
                0x08002e4c       0x40 ./Drivers/STM32WLxx_HAL_Driver/stm32wlxx_hal_rtc.o
                0x08002e4c                HAL_RTC_AlarmIRQHandler
 .text.HAL_RTC_WaitForSynchro
                0x08002e8c       0x34 ./Drivers/STM32WLxx_HAL_Driver/stm32wlxx_hal_rtc.o
                0x08002e8c                HAL_RTC_WaitForSynchro
 .text.RTC_EnterInitMode
                0x08002ec0       0x4c ./Drivers/STM32WLxx_HAL_Driver/stm32wlxx_hal_rtc.o
                0x08002ec0                RTC_EnterInitMode
 .text.RTC_ExitInitMode
                0x08002f0c       0x4c ./Drivers/STM32WLxx_HAL_Driver/stm32wlxx_hal_rtc.o
                0x08002f0c                RTC_ExitInitMode
 .text.HAL_RTC_Init
                0x08002f58       0xb8 ./Drivers/STM32WLxx_HAL_Driver/stm32wlxx_hal_rtc.o
                0x08002f58                HAL_RTC_Init
 .text.RTC_ByteToBcd2
                0x08003010       0x16 ./Drivers/STM32WLxx_HAL_Driver/stm32wlxx_hal_rtc.o
                0x08003010                RTC_ByteToBcd2
 *fill*         0x08003026        0x2 
 .text.HAL_RTC_SetAlarm_IT
                0x08003028      0x178 ./Drivers/STM32WLxx_HAL_Driver/stm32wlxx_hal_rtc.o
                0x08003028                HAL_RTC_SetAlarm_IT
 .text.HAL_RTCEx_EnableBypassShadow
                0x080031a0       0x40 ./Drivers/STM32WLxx_HAL_Driver/stm32wlxx_hal_rtc_ex.o
                0x080031a0                HAL_RTCEx_EnableBypassShadow
 .text.HAL_RTCEx_SetSSRU_IT
                0x080031e0       0x58 ./Drivers/STM32WLxx_HAL_Driver/stm32wlxx_hal_rtc_ex.o
                0x080031e0                HAL_RTCEx_SetSSRU_IT
 .text.HAL_RTCEx_SSRUIRQHandler
                0x08003238       0x28 ./Drivers/STM32WLxx_HAL_Driver/stm32wlxx_hal_rtc_ex.o
                0x08003238                HAL_RTCEx_SSRUIRQHandler
 .text.HAL_RTCEx_AlarmBEventCallback
                0x08003260        0x2 ./Drivers/STM32WLxx_HAL_Driver/stm32wlxx_hal_rtc_ex.o
                0x08003260                HAL_RTCEx_AlarmBEventCallback
 .text.HAL_RTCEx_BKUPWrite
                0x08003262        0xe ./Drivers/STM32WLxx_HAL_Driver/stm32wlxx_hal_rtc_ex.o
                0x08003262                HAL_RTCEx_BKUPWrite
 .text.HAL_RTCEx_BKUPRead
                0x08003270        0xe ./Drivers/STM32WLxx_HAL_Driver/stm32wlxx_hal_rtc_ex.o
                0x08003270                HAL_RTCEx_BKUPRead
 *fill*         0x0800327e        0x2 
 .text.SUBGHZSPI_Init
                0x08003280       0x24 ./Drivers/STM32WLxx_HAL_Driver/stm32wlxx_hal_subghz.o
                0x08003280                SUBGHZSPI_Init
 .text.HAL_SUBGHZ_Init
                0x080032a4       0xd4 ./Drivers/STM32WLxx_HAL_Driver/stm32wlxx_hal_subghz.o
                0x080032a4                HAL_SUBGHZ_Init
 .text.SUBGHZSPI_Transmit
                0x08003378       0x78 ./Drivers/STM32WLxx_HAL_Driver/stm32wlxx_hal_subghz.o
                0x08003378                SUBGHZSPI_Transmit
 .text.SUBGHZSPI_Receive
                0x080033f0       0x80 ./Drivers/STM32WLxx_HAL_Driver/stm32wlxx_hal_subghz.o
                0x080033f0                SUBGHZSPI_Receive
 .text.SUBGHZ_WaitOnBusy
                0x08003470       0x58 ./Drivers/STM32WLxx_HAL_Driver/stm32wlxx_hal_subghz.o
                0x08003470                SUBGHZ_WaitOnBusy
 .text.SUBGHZ_CheckDeviceReady
                0x080034c8       0x54 ./Drivers/STM32WLxx_HAL_Driver/stm32wlxx_hal_subghz.o
                0x080034c8                SUBGHZ_CheckDeviceReady
 .text.HAL_SUBGHZ_WriteRegisters
                0x0800351c       0xa0 ./Drivers/STM32WLxx_HAL_Driver/stm32wlxx_hal_subghz.o
                0x0800351c                HAL_SUBGHZ_WriteRegisters
 .text.HAL_SUBGHZ_ReadRegisters
                0x080035bc       0xa8 ./Drivers/STM32WLxx_HAL_Driver/stm32wlxx_hal_subghz.o
                0x080035bc                HAL_SUBGHZ_ReadRegisters
 .text.HAL_SUBGHZ_ExecSetCmd
                0x08003664       0xac ./Drivers/STM32WLxx_HAL_Driver/stm32wlxx_hal_subghz.o
                0x08003664                HAL_SUBGHZ_ExecSetCmd
 .text.HAL_SUBGHZ_ExecGetCmd
                0x08003710       0x98 ./Drivers/STM32WLxx_HAL_Driver/stm32wlxx_hal_subghz.o
                0x08003710                HAL_SUBGHZ_ExecGetCmd
 .text.HAL_SUBGHZ_IRQHandler
                0x080037a8       0xd0 ./Drivers/STM32WLxx_HAL_Driver/stm32wlxx_hal_subghz.o
                0x080037a8                HAL_SUBGHZ_IRQHandler
 .text.HAL_SUBGHZ_WriteBuffer
                0x08003878       0x94 ./Drivers/STM32WLxx_HAL_Driver/stm32wlxx_hal_subghz.o
                0x08003878                HAL_SUBGHZ_WriteBuffer
 .text.HAL_SUBGHZ_ReadBuffer
                0x0800390c       0xa0 ./Drivers/STM32WLxx_HAL_Driver/stm32wlxx_hal_subghz.o
                0x0800390c                HAL_SUBGHZ_ReadBuffer
 .text.UART_EndTxTransfer
                0x080039ac       0x32 ./Drivers/STM32WLxx_HAL_Driver/stm32wlxx_hal_uart.o
 .text.UART_EndRxTransfer
                0x080039de       0x56 ./Drivers/STM32WLxx_HAL_Driver/stm32wlxx_hal_uart.o
 .text.HAL_UART_Transmit_DMA
                0x08003a34       0xa0 ./Drivers/STM32WLxx_HAL_Driver/stm32wlxx_hal_uart.o
                0x08003a34                HAL_UART_Transmit_DMA
 .text.UART_DMATransmitCplt
                0x08003ad4       0x48 ./Drivers/STM32WLxx_HAL_Driver/stm32wlxx_hal_uart.o
 .text.UART_EndTransmit_IT
                0x08003b1c       0x24 ./Drivers/STM32WLxx_HAL_Driver/stm32wlxx_hal_uart.o
 .text.HAL_UART_TxHalfCpltCallback
                0x08003b40        0x2 ./Drivers/STM32WLxx_HAL_Driver/stm32wlxx_hal_uart.o
                0x08003b40                HAL_UART_TxHalfCpltCallback
 .text.UART_DMATxHalfCplt
                0x08003b42        0xa ./Drivers/STM32WLxx_HAL_Driver/stm32wlxx_hal_uart.o
 .text.HAL_UART_ErrorCallback
                0x08003b4c        0x2 ./Drivers/STM32WLxx_HAL_Driver/stm32wlxx_hal_uart.o
                0x08003b4c                HAL_UART_ErrorCallback
 .text.UART_DMAError
                0x08003b4e       0x58 ./Drivers/STM32WLxx_HAL_Driver/stm32wlxx_hal_uart.o
 .text.UART_DMAAbortOnError
                0x08003ba6       0x14 ./Drivers/STM32WLxx_HAL_Driver/stm32wlxx_hal_uart.o
 .text.HAL_UARTEx_RxEventCallback
                0x08003bba        0x2 ./Drivers/STM32WLxx_HAL_Driver/stm32wlxx_hal_uart.o
                0x08003bba                HAL_UARTEx_RxEventCallback
 .text.HAL_UART_IRQHandler
                0x08003bbc      0x344 ./Drivers/STM32WLxx_HAL_Driver/stm32wlxx_hal_uart.o
                0x08003bbc                HAL_UART_IRQHandler
 .text.UART_RxISR_8BIT
                0x08003f00       0xdc ./Drivers/STM32WLxx_HAL_Driver/stm32wlxx_hal_uart.o
 .text.UART_RxISR_16BIT
                0x08003fdc       0xd8 ./Drivers/STM32WLxx_HAL_Driver/stm32wlxx_hal_uart.o
 .text.UART_RxISR_8BIT_FIFOEN
                0x080040b4      0x1cc ./Drivers/STM32WLxx_HAL_Driver/stm32wlxx_hal_uart.o
 .text.UART_RxISR_16BIT_FIFOEN
                0x08004280      0x1c8 ./Drivers/STM32WLxx_HAL_Driver/stm32wlxx_hal_uart.o
 .text.UART_SetConfig
                0x08004448      0x2cc ./Drivers/STM32WLxx_HAL_Driver/stm32wlxx_hal_uart.o
                0x08004448                UART_SetConfig
 .text.UART_AdvFeatureConfig
                0x08004714       0xca ./Drivers/STM32WLxx_HAL_Driver/stm32wlxx_hal_uart.o
                0x08004714                UART_AdvFeatureConfig
 .text.UART_WaitOnFlagUntilTimeout
                0x080047de       0xd8 ./Drivers/STM32WLxx_HAL_Driver/stm32wlxx_hal_uart.o
                0x080047de                UART_WaitOnFlagUntilTimeout
 .text.UART_CheckIdleState
                0x080048b6       0x76 ./Drivers/STM32WLxx_HAL_Driver/stm32wlxx_hal_uart.o
                0x080048b6                UART_CheckIdleState
 .text.HAL_UART_Init
                0x0800492c       0x66 ./Drivers/STM32WLxx_HAL_Driver/stm32wlxx_hal_uart.o
                0x0800492c                HAL_UART_Init
 *fill*         0x08004992        0x2 
 .text.UART_Start_Receive_IT
                0x08004994      0x13c ./Drivers/STM32WLxx_HAL_Driver/stm32wlxx_hal_uart.o
                0x08004994                UART_Start_Receive_IT
 .text.HAL_UART_Receive_IT
                0x08004ad0       0x4c ./Drivers/STM32WLxx_HAL_Driver/stm32wlxx_hal_uart.o
                0x08004ad0                HAL_UART_Receive_IT
 .text.UARTEx_Wakeup_AddressConfig
                0x08004b1c       0x2e ./Drivers/STM32WLxx_HAL_Driver/stm32wlxx_hal_uart_ex.o
 *fill*         0x08004b4a        0x2 
 .text.UARTEx_SetNbDataToProcess
                0x08004b4c       0x4c ./Drivers/STM32WLxx_HAL_Driver/stm32wlxx_hal_uart_ex.o
 .text.HAL_UARTEx_WakeupCallback
                0x08004b98        0x2 ./Drivers/STM32WLxx_HAL_Driver/stm32wlxx_hal_uart_ex.o
                0x08004b98                HAL_UARTEx_WakeupCallback
 .text.HAL_UARTEx_RxFifoFullCallback
                0x08004b9a        0x2 ./Drivers/STM32WLxx_HAL_Driver/stm32wlxx_hal_uart_ex.o
                0x08004b9a                HAL_UARTEx_RxFifoFullCallback
 .text.HAL_UARTEx_TxFifoEmptyCallback
                0x08004b9c        0x2 ./Drivers/STM32WLxx_HAL_Driver/stm32wlxx_hal_uart_ex.o
                0x08004b9c                HAL_UARTEx_TxFifoEmptyCallback
 .text.HAL_UARTEx_StopModeWakeUpSourceConfig
                0x08004b9e       0x82 ./Drivers/STM32WLxx_HAL_Driver/stm32wlxx_hal_uart_ex.o
                0x08004b9e                HAL_UARTEx_StopModeWakeUpSourceConfig
 .text.HAL_UARTEx_EnableStopMode
                0x08004c20       0x2e ./Drivers/STM32WLxx_HAL_Driver/stm32wlxx_hal_uart_ex.o
                0x08004c20                HAL_UARTEx_EnableStopMode
 .text.HAL_UARTEx_EnableFifoMode
                0x08004c4e       0x48 ./Drivers/STM32WLxx_HAL_Driver/stm32wlxx_hal_uart_ex.o
                0x08004c4e                HAL_UARTEx_EnableFifoMode
 .text.HAL_UARTEx_SetTxFifoThreshold
                0x08004c96       0x4a ./Drivers/STM32WLxx_HAL_Driver/stm32wlxx_hal_uart_ex.o
                0x08004c96                HAL_UARTEx_SetTxFifoThreshold
 .text.HAL_UARTEx_SetRxFifoThreshold
                0x08004ce0       0x4a ./Drivers/STM32WLxx_HAL_Driver/stm32wlxx_hal_uart_ex.o
                0x08004ce0                HAL_UARTEx_SetRxFifoThreshold
 .text.RadioCheckRfFrequency
                0x08004d2a        0x4 ./Middlewares/SubGHz_Phy/radio.o
 *fill*         0x08004d2e        0x2 
 .text.RadioGetLoRaBandwidthInHz
                0x08004d30       0x5c ./Middlewares/SubGHz_Phy/radio.o
 .text.RadioGetGfskTimeOnAirNumerator
                0x08004d8c       0x26 ./Middlewares/SubGHz_Phy/radio.o
 .text.RadioGetLoRaTimeOnAirNumerator
                0x08004db2       0xa2 ./Middlewares/SubGHz_Phy/radio.o
 .text.RadioTimeOnAir
                0x08004e54       0x74 ./Middlewares/SubGHz_Phy/radio.o
 .text.RadioOnTxTimeoutProcess
                0x08004ec8       0x20 ./Middlewares/SubGHz_Phy/radio.o
 .text.RadioOnTxTimeoutIrq
                0x08004ee8        0x8 ./Middlewares/SubGHz_Phy/radio.o
 .text.RadioOnRxTimeoutProcess
                0x08004ef0       0x20 ./Middlewares/SubGHz_Phy/radio.o
 .text.RadioOnRxTimeoutIrq
                0x08004f10        0x8 ./Middlewares/SubGHz_Phy/radio.o
 .text.payload_integration
                0x08004f18       0xac ./Middlewares/SubGHz_Phy/radio.o
 .text.RadioLrFhssSetCfg
                0x08004fc4        0x4 ./Middlewares/SubGHz_Phy/radio.o
 .text.RadioLrFhssGetTimeOnAirInMs
                0x08004fc8        0x4 ./Middlewares/SubGHz_Phy/radio.o
 .text.RadioSetMaxPayloadLength
                0x08004fcc       0x38 ./Middlewares/SubGHz_Phy/radio.o
 .text.RadioRead
                0x08005004        0x8 ./Middlewares/SubGHz_Phy/radio.o
 .text.RadioWrite
                0x0800500c        0x8 ./Middlewares/SubGHz_Phy/radio.o
 .text.RadioTxCw
                0x08005014       0x20 ./Middlewares/SubGHz_Phy/radio.o
 .text.RadioTxPrbs
                0x08005034       0x2c ./Middlewares/SubGHz_Phy/radio.o
 .text.RadioSetRxDutyCycle
                0x08005060       0x34 ./Middlewares/SubGHz_Phy/radio.o
 .text.RadioRxBoosted
                0x08005094       0x70 ./Middlewares/SubGHz_Phy/radio.o
 .text.RadioStandby
                0x08005104        0xa ./Middlewares/SubGHz_Phy/radio.o
 .text.RadioGetStatus
                0x0800510e       0x22 ./Middlewares/SubGHz_Phy/radio.o
 .text.RadioIrqProcess
                0x08005130      0x348 ./Middlewares/SubGHz_Phy/radio.o
 .text.RadioOnDioIrq
                0x08005478       0x14 ./Middlewares/SubGHz_Phy/radio.o
 .text.RadioGetWakeupTime
                0x0800548c        0xa ./Middlewares/SubGHz_Phy/radio.o
 .text.RadioReadRegisters
                0x08005496        0x8 ./Middlewares/SubGHz_Phy/radio.o
 .text.RadioWriteRegisters
                0x0800549e        0x8 ./Middlewares/SubGHz_Phy/radio.o
 .text.RadioRssi
                0x080054a6        0x8 ./Middlewares/SubGHz_Phy/radio.o
 *fill*         0x080054ae        0x2 
 .text.RadioSetTxContinuousWave
                0x080054b0       0x44 ./Middlewares/SubGHz_Phy/radio.o
 .text.RadioSetChannel
                0x080054f4        0x8 ./Middlewares/SubGHz_Phy/radio.o
 .text.RadioStartCad
                0x080054fc       0x28 ./Middlewares/SubGHz_Phy/radio.o
 .text.RadioRx  0x08005524       0x70 ./Middlewares/SubGHz_Phy/radio.o
 .text.RadioSleep
                0x08005594       0x12 ./Middlewares/SubGHz_Phy/radio.o
 *fill*         0x080055a6        0x2 
 .text.RadioSend
                0x080055a8      0x1a4 ./Middlewares/SubGHz_Phy/radio.o
 .text.RadioRandom
                0x0800574c       0x14 ./Middlewares/SubGHz_Phy/radio.o
 .text.RadioSetModem
                0x08005760       0x7c ./Middlewares/SubGHz_Phy/radio.o
 .text.RadioSetTxGenericConfig
                0x080057dc      0x310 ./Middlewares/SubGHz_Phy/radio.o
 .text.RadioSetRxGenericConfig
                0x08005aec      0x280 ./Middlewares/SubGHz_Phy/radio.o
 .text.RadioSetPublicNetwork
                0x08005d6c       0x44 ./Middlewares/SubGHz_Phy/radio.o
 .text.RadioSetTxConfig
                0x08005db0      0x1ac ./Middlewares/SubGHz_Phy/radio.o
 .text.RadioSetRxConfig
                0x08005f5c      0x2f8 ./Middlewares/SubGHz_Phy/radio.o
 .text.RadioIsChannelFree
                0x08006254       0x7c ./Middlewares/SubGHz_Phy/radio.o
 .text.RadioInit
                0x080062d0       0x98 ./Middlewares/SubGHz_Phy/radio.o
 .text.SUBGRF_GetOperatingMode
                0x08006368        0xc ./Middlewares/SubGHz_Phy/radio_driver.o
                0x08006368                SUBGRF_GetOperatingMode
 .text.SUBGRF_GetPacketType
                0x08006374        0xc ./Middlewares/SubGHz_Phy/radio_driver.o
                0x08006374                SUBGRF_GetPacketType
 .text.SUBGRF_WriteRegister
                0x08006380       0x20 ./Middlewares/SubGHz_Phy/radio_driver.o
                0x08006380                SUBGRF_WriteRegister
 .text.SUBGRF_ReadRegister
                0x080063a0       0x20 ./Middlewares/SubGHz_Phy/radio_driver.o
                0x080063a0                SUBGRF_ReadRegister
 .text.Radio_SMPS_Set
                0x080063c0       0x26 ./Middlewares/SubGHz_Phy/radio_driver.o
 .text.SUBGRF_SetWhiteningSeed
                0x080063e6       0x32 ./Middlewares/SubGHz_Phy/radio_driver.o
                0x080063e6                SUBGRF_SetWhiteningSeed
 .text.SUBGRF_WriteRegisters
                0x08006418       0x20 ./Middlewares/SubGHz_Phy/radio_driver.o
                0x08006418                SUBGRF_WriteRegisters
 .text.SUBGRF_SetSyncWord
                0x08006438       0x12 ./Middlewares/SubGHz_Phy/radio_driver.o
                0x08006438                SUBGRF_SetSyncWord
 .text.SUBGRF_SetCrcSeed
                0x0800644a       0x28 ./Middlewares/SubGHz_Phy/radio_driver.o
                0x0800644a                SUBGRF_SetCrcSeed
 .text.SUBGRF_SetCrcPolynomial
                0x08006472       0x28 ./Middlewares/SubGHz_Phy/radio_driver.o
                0x08006472                SUBGRF_SetCrcPolynomial
 *fill*         0x0800649a        0x2 
 .text.SUBGRF_ReadRegisters
                0x0800649c       0x20 ./Middlewares/SubGHz_Phy/radio_driver.o
                0x0800649c                SUBGRF_ReadRegisters
 .text.SUBGRF_WriteBuffer
                0x080064bc       0x20 ./Middlewares/SubGHz_Phy/radio_driver.o
                0x080064bc                SUBGRF_WriteBuffer
 .text.SUBGRF_SetPayload
                0x080064dc        0xe ./Middlewares/SubGHz_Phy/radio_driver.o
                0x080064dc                SUBGRF_SetPayload
 *fill*         0x080064ea        0x2 
 .text.SUBGRF_ReadBuffer
                0x080064ec       0x20 ./Middlewares/SubGHz_Phy/radio_driver.o
                0x080064ec                SUBGRF_ReadBuffer
 .text.SUBGRF_WriteCommand
                0x0800650c       0x20 ./Middlewares/SubGHz_Phy/radio_driver.o
                0x0800650c                SUBGRF_WriteCommand
 .text.SUBGRF_SetSleep
                0x0800652c       0x40 ./Middlewares/SubGHz_Phy/radio_driver.o
                0x0800652c                SUBGRF_SetSleep
 .text.SUBGRF_SetStandby
                0x0800656c       0x34 ./Middlewares/SubGHz_Phy/radio_driver.o
                0x0800656c                SUBGRF_SetStandby
 .text.SUBGRF_SetTx
                0x080065a0       0x34 ./Middlewares/SubGHz_Phy/radio_driver.o
                0x080065a0                SUBGRF_SetTx
 .text.SUBGRF_SendPayload
                0x080065d4       0x10 ./Middlewares/SubGHz_Phy/radio_driver.o
                0x080065d4                SUBGRF_SendPayload
 .text.SUBGRF_SetRx
                0x080065e4       0x34 ./Middlewares/SubGHz_Phy/radio_driver.o
                0x080065e4                SUBGRF_SetRx
 .text.SUBGRF_GetRandom
                0x08006618       0x6a ./Middlewares/SubGHz_Phy/radio_driver.o
                0x08006618                SUBGRF_GetRandom
 *fill*         0x08006682        0x2 
 .text.SUBGRF_SetRxBoosted
                0x08006684       0x3c ./Middlewares/SubGHz_Phy/radio_driver.o
                0x08006684                SUBGRF_SetRxBoosted
 .text.SUBGRF_SetRxDutyCycle
                0x080066c0       0x48 ./Middlewares/SubGHz_Phy/radio_driver.o
                0x080066c0                SUBGRF_SetRxDutyCycle
 .text.SUBGRF_SetCad
                0x08006708       0x18 ./Middlewares/SubGHz_Phy/radio_driver.o
                0x08006708                SUBGRF_SetCad
 .text.SUBGRF_SetTxContinuousWave
                0x08006720        0xe ./Middlewares/SubGHz_Phy/radio_driver.o
                0x08006720                SUBGRF_SetTxContinuousWave
 .text.SUBGRF_SetTxInfinitePreamble
                0x0800672e        0xe ./Middlewares/SubGHz_Phy/radio_driver.o
                0x0800672e                SUBGRF_SetTxInfinitePreamble
 .text.SUBGRF_SetStopRxTimerOnPreambleDetect
                0x0800673c       0x1a ./Middlewares/SubGHz_Phy/radio_driver.o
                0x0800673c                SUBGRF_SetStopRxTimerOnPreambleDetect
 .text.SUBGRF_SetLoRaSymbNumTimeout
                0x08006756       0x42 ./Middlewares/SubGHz_Phy/radio_driver.o
                0x08006756                SUBGRF_SetLoRaSymbNumTimeout
 .text.SUBGRF_SetRegulatorMode
                0x08006798       0x2c ./Middlewares/SubGHz_Phy/radio_driver.o
                0x08006798                SUBGRF_SetRegulatorMode
 .text.SUBGRF_Calibrate
                0x080067c4       0x42 ./Middlewares/SubGHz_Phy/radio_driver.o
                0x080067c4                SUBGRF_Calibrate
 *fill*         0x08006806        0x2 
 .text.SUBGRF_CalibrateImage
                0x08006808       0x98 ./Middlewares/SubGHz_Phy/radio_driver.o
                0x08006808                SUBGRF_CalibrateImage
 .text.SUBGRF_SetPaConfig
                0x080068a0       0x26 ./Middlewares/SubGHz_Phy/radio_driver.o
                0x080068a0                SUBGRF_SetPaConfig
 .text.SUBGRF_SetDioIrqParams
                0x080068c6       0x3e ./Middlewares/SubGHz_Phy/radio_driver.o
                0x080068c6                SUBGRF_SetDioIrqParams
 .text.SUBGRF_SetTcxoMode
                0x08006904       0x32 ./Middlewares/SubGHz_Phy/radio_driver.o
                0x08006904                SUBGRF_SetTcxoMode
 *fill*         0x08006936        0x2 
 .text.SUBGRF_Init
                0x08006938       0x74 ./Middlewares/SubGHz_Phy/radio_driver.o
                0x08006938                SUBGRF_Init
 .text.SUBGRF_SetRfFrequency
                0x080069ac       0x58 ./Middlewares/SubGHz_Phy/radio_driver.o
                0x080069ac                SUBGRF_SetRfFrequency
 .text.SUBGRF_SetPacketType
                0x08006a04       0x34 ./Middlewares/SubGHz_Phy/radio_driver.o
                0x08006a04                SUBGRF_SetPacketType
 .text.SUBGRF_SetTxParams
                0x08006a38      0x11a ./Middlewares/SubGHz_Phy/radio_driver.o
                0x08006a38                SUBGRF_SetTxParams
 *fill*         0x08006b52        0x2 
 .text.SUBGRF_SetModulationParams
                0x08006b54      0x110 ./Middlewares/SubGHz_Phy/radio_driver.o
                0x08006b54                SUBGRF_SetModulationParams
 .text.SUBGRF_SetPacketParams
                0x08006c64       0xe4 ./Middlewares/SubGHz_Phy/radio_driver.o
                0x08006c64                SUBGRF_SetPacketParams
 .text.SUBGRF_SetBufferBaseAddress
                0x08006d48       0x1c ./Middlewares/SubGHz_Phy/radio_driver.o
                0x08006d48                SUBGRF_SetBufferBaseAddress
 .text.SUBGRF_ReadCommand
                0x08006d64       0x20 ./Middlewares/SubGHz_Phy/radio_driver.o
                0x08006d64                SUBGRF_ReadCommand
 .text.SUBGRF_GetRssiInst
                0x08006d84       0x1c ./Middlewares/SubGHz_Phy/radio_driver.o
                0x08006d84                SUBGRF_GetRssiInst
 .text.SUBGRF_GetRxBufferStatus
                0x08006da0       0x44 ./Middlewares/SubGHz_Phy/radio_driver.o
                0x08006da0                SUBGRF_GetRxBufferStatus
 .text.SUBGRF_GetPayload
                0x08006de4       0x34 ./Middlewares/SubGHz_Phy/radio_driver.o
                0x08006de4                SUBGRF_GetPayload
 .text.SUBGRF_GetPacketStatus
                0x08006e18       0x78 ./Middlewares/SubGHz_Phy/radio_driver.o
                0x08006e18                SUBGRF_GetPacketStatus
 .text.SUBGRF_SetSwitch
                0x08006e90       0x28 ./Middlewares/SubGHz_Phy/radio_driver.o
                0x08006e90                SUBGRF_SetSwitch
 .text.SUBGRF_SetRfTxPower
                0x08006eb8       0x2e ./Middlewares/SubGHz_Phy/radio_driver.o
                0x08006eb8                SUBGRF_SetRfTxPower
 .text.SUBGRF_GetRadioWakeUpTime
                0x08006ee6        0x4 ./Middlewares/SubGHz_Phy/radio_driver.o
                0x08006ee6                SUBGRF_GetRadioWakeUpTime
 *fill*         0x08006eea        0x2 
 .text.HAL_SUBGHZ_TxCpltCallback
                0x08006eec       0x10 ./Middlewares/SubGHz_Phy/radio_driver.o
                0x08006eec                HAL_SUBGHZ_TxCpltCallback
 .text.HAL_SUBGHZ_RxCpltCallback
                0x08006efc       0x10 ./Middlewares/SubGHz_Phy/radio_driver.o
                0x08006efc                HAL_SUBGHZ_RxCpltCallback
 .text.HAL_SUBGHZ_CRCErrorCallback
                0x08006f0c       0x10 ./Middlewares/SubGHz_Phy/radio_driver.o
                0x08006f0c                HAL_SUBGHZ_CRCErrorCallback
 .text.HAL_SUBGHZ_CADStatusCallback
                0x08006f1c       0x24 ./Middlewares/SubGHz_Phy/radio_driver.o
                0x08006f1c                HAL_SUBGHZ_CADStatusCallback
 .text.HAL_SUBGHZ_RxTxTimeoutCallback
                0x08006f40       0x14 ./Middlewares/SubGHz_Phy/radio_driver.o
                0x08006f40                HAL_SUBGHZ_RxTxTimeoutCallback
 .text.HAL_SUBGHZ_HeaderErrorCallback
                0x08006f54       0x10 ./Middlewares/SubGHz_Phy/radio_driver.o
                0x08006f54                HAL_SUBGHZ_HeaderErrorCallback
 .text.HAL_SUBGHZ_PreambleDetectedCallback
                0x08006f64       0x10 ./Middlewares/SubGHz_Phy/radio_driver.o
                0x08006f64                HAL_SUBGHZ_PreambleDetectedCallback
 .text.HAL_SUBGHZ_SyncWordValidCallback
                0x08006f74       0x10 ./Middlewares/SubGHz_Phy/radio_driver.o
                0x08006f74                HAL_SUBGHZ_SyncWordValidCallback
 .text.HAL_SUBGHZ_HeaderValidCallback
                0x08006f84       0x10 ./Middlewares/SubGHz_Phy/radio_driver.o
                0x08006f84                HAL_SUBGHZ_HeaderValidCallback
 .text.HAL_SUBGHZ_LrFhssHopCallback
                0x08006f94       0x14 ./Middlewares/SubGHz_Phy/radio_driver.o
                0x08006f94                HAL_SUBGHZ_LrFhssHopCallback
 .text.SUBGRF_GetFskBandwidthRegValue
                0x08006fa8       0x30 ./Middlewares/SubGHz_Phy/radio_driver.o
                0x08006fa8                SUBGRF_GetFskBandwidthRegValue
 .text.SUBGRF_GetCFO
                0x08006fd8       0x88 ./Middlewares/SubGHz_Phy/radio_driver.o
                0x08006fd8                SUBGRF_GetCFO
 .text.RFW_TransmitLongPacket
                0x08007060        0x6 ./Middlewares/SubGHz_Phy/radio_fw.o
                0x08007060                RFW_TransmitLongPacket
 .text.RFW_ReceiveLongPacket
                0x08007066        0x6 ./Middlewares/SubGHz_Phy/radio_fw.o
                0x08007066                RFW_ReceiveLongPacket
 .text.RFW_Init
                0x0800706c        0x6 ./Middlewares/SubGHz_Phy/radio_fw.o
                0x0800706c                RFW_Init
 .text.RFW_DeInit
                0x08007072        0x2 ./Middlewares/SubGHz_Phy/radio_fw.o
                0x08007072                RFW_DeInit
 .text.RFW_Is_Init
                0x08007074        0x4 ./Middlewares/SubGHz_Phy/radio_fw.o
                0x08007074                RFW_Is_Init
 .text.RFW_Is_LongPacketModeEnabled
                0x08007078        0x4 ./Middlewares/SubGHz_Phy/radio_fw.o
                0x08007078                RFW_Is_LongPacketModeEnabled
 .text.RFW_SetAntSwitch
                0x0800707c        0x2 ./Middlewares/SubGHz_Phy/radio_fw.o
                0x0800707c                RFW_SetAntSwitch
 .text.RFW_TransmitInit
                0x0800707e        0x6 ./Middlewares/SubGHz_Phy/radio_fw.o
                0x0800707e                RFW_TransmitInit
 .text.RFW_ReceiveInit
                0x08007084        0x6 ./Middlewares/SubGHz_Phy/radio_fw.o
                0x08007084                RFW_ReceiveInit
 .text.RFW_DeInit_TxLongPacket
                0x0800708a        0x2 ./Middlewares/SubGHz_Phy/radio_fw.o
                0x0800708a                RFW_DeInit_TxLongPacket
 .text.RFW_ReceivePayload
                0x0800708c        0x2 ./Middlewares/SubGHz_Phy/radio_fw.o
                0x0800708c                RFW_ReceivePayload
 .text.RFW_SetRadioModem
                0x0800708e        0x2 ./Middlewares/SubGHz_Phy/radio_fw.o
                0x0800708e                RFW_SetRadioModem
 .text.TRACE_AllocateBufer
                0x08007090       0x88 ./Utilities/stm32_adv_trace.o
 .text.TRACE_Lock
                0x08007118       0x18 ./Utilities/stm32_adv_trace.o
 .text.TRACE_UnLock
                0x08007130       0x18 ./Utilities/stm32_adv_trace.o
 .text.TRACE_IsLocked
                0x08007148       0x10 ./Utilities/stm32_adv_trace.o
 .text.UTIL_ADV_TRACE_Init
                0x08007158       0x34 ./Utilities/stm32_adv_trace.o
                0x08007158                UTIL_ADV_TRACE_Init
 .text.UTIL_ADV_TRACE_RegisterTimeStampFunction
                0x0800718c        0xc ./Utilities/stm32_adv_trace.o
                0x0800718c                UTIL_ADV_TRACE_RegisterTimeStampFunction
 .text.UTIL_ADV_TRACE_SetVerboseLevel
                0x08007198        0xc ./Utilities/stm32_adv_trace.o
                0x08007198                UTIL_ADV_TRACE_SetVerboseLevel
 .text.TRACE_Send
                0x080071a4       0x9c ./Utilities/stm32_adv_trace.o
 .text.UTIL_ADV_TRACE_COND_FSend
                0x08007240       0xc8 ./Utilities/stm32_adv_trace.o
                0x08007240                UTIL_ADV_TRACE_COND_FSend
 .text.TRACE_TxCpltCallback
                0x08007308       0xb0 ./Utilities/stm32_adv_trace.o
 .text.UTIL_LPM_Init
                0x080073b8       0x14 ./Utilities/stm32_lpm.o
                0x080073b8                UTIL_LPM_Init
 .text.UTIL_LPM_SetStopMode
                0x080073cc       0x2c ./Utilities/stm32_lpm.o
                0x080073cc                UTIL_LPM_SetStopMode
 .text.UTIL_LPM_SetOffMode
                0x080073f8       0x2c ./Utilities/stm32_lpm.o
                0x080073f8                UTIL_LPM_SetOffMode
 .text.UTIL_LPM_EnterLowPower
                0x08007424       0x48 ./Utilities/stm32_lpm.o
                0x08007424                UTIL_LPM_EnterLowPower
 .text.UTIL_MEM_cpy_8
                0x0800746c       0x16 ./Utilities/stm32_mem.o
                0x0800746c                UTIL_MEM_cpy_8
 .text.UTIL_MEM_set_8
                0x08007482       0x12 ./Utilities/stm32_mem.o
                0x08007482                UTIL_MEM_set_8
 .text.UTIL_SEQ_SetTask
                0x08007494       0x28 ./Utilities/stm32_seq.o
                0x08007494                UTIL_SEQ_SetTask
 .text.UTIL_SEQ_PreIdle
                0x080074bc        0x2 ./Utilities/stm32_seq.o
                0x080074bc                UTIL_SEQ_PreIdle
 .text.UTIL_SEQ_PostIdle
                0x080074be        0x2 ./Utilities/stm32_seq.o
                0x080074be                UTIL_SEQ_PostIdle
 .text.SEQ_BitPosition
                0x080074c0       0x3c ./Utilities/stm32_seq.o
                0x080074c0                SEQ_BitPosition
 .text.UTIL_SEQ_Run
                0x080074fc      0x12c ./Utilities/stm32_seq.o
                0x080074fc                UTIL_SEQ_Run
 .text.UTIL_SEQ_RegTask
                0x08007628       0x20 ./Utilities/stm32_seq.o
                0x08007628                UTIL_SEQ_RegTask
 .text.SysTimeAdd
                0x08007648       0x3e ./Utilities/stm32_systime.o
                0x08007648                SysTimeAdd
 *fill*         0x08007686        0x2 
 .text.SysTimeGet
                0x08007688       0x44 ./Utilities/stm32_systime.o
                0x08007688                SysTimeGet
 .text.UTIL_TIMER_Init
                0x080076cc       0x18 ./Utilities/stm32_timer.o
                0x080076cc                UTIL_TIMER_Init
 .text.UTIL_TIMER_Create
                0x080076e4       0x3c ./Utilities/stm32_timer.o
                0x080076e4                UTIL_TIMER_Create
 .text.UTIL_TIMER_GetCurrentTime
                0x08007720       0x14 ./Utilities/stm32_timer.o
                0x08007720                UTIL_TIMER_GetCurrentTime
 .text.UTIL_TIMER_GetElapsedTime
                0x08007734       0x20 ./Utilities/stm32_timer.o
                0x08007734                UTIL_TIMER_GetElapsedTime
 .text.TimerExists
                0x08007754       0x1c ./Utilities/stm32_timer.o
                0x08007754                TimerExists
 .text.TimerSetTimeout
                0x08007770       0x30 ./Utilities/stm32_timer.o
                0x08007770                TimerSetTimeout
 .text.UTIL_TIMER_Stop
                0x080077a0       0x6c ./Utilities/stm32_timer.o
                0x080077a0                UTIL_TIMER_Stop
 .text.TimerInsertTimer
                0x0800780c       0x2c ./Utilities/stm32_timer.o
                0x0800780c                TimerInsertTimer
 .text.TimerInsertNewHeadTimer
                0x08007838       0x1c ./Utilities/stm32_timer.o
                0x08007838                TimerInsertNewHeadTimer
 .text.UTIL_TIMER_Start
                0x08007854       0x8c ./Utilities/stm32_timer.o
                0x08007854                UTIL_TIMER_Start
 .text.UTIL_TIMER_SetPeriod
                0x080078e0       0x34 ./Utilities/stm32_timer.o
                0x080078e0                UTIL_TIMER_SetPeriod
 .text.UTIL_TIMER_IRQ_Handler
                0x08007914       0x8c ./Utilities/stm32_timer.o
                0x08007914                UTIL_TIMER_IRQ_Handler
 .text.ee_skip_atoi
                0x080079a0       0x26 ./Utilities/stm32_tiny_vsnprintf.o
 *fill*         0x080079c6        0x2 
 .text.ee_number
                0x080079c8      0x114 ./Utilities/stm32_tiny_vsnprintf.o
 .text.tiny_vsnprintf_like
                0x08007adc      0x188 ./Utilities/stm32_tiny_vsnprintf.o
                0x08007adc                tiny_vsnprintf_like
 .text.memset   0x08007c64       0x10 C:/ST/STM32CubeIDE_1.15.1/STM32CubeIDE/plugins/com.st.stm32cube.ide.mcu.externaltools.gnu-tools-for-stm32.12.3.rel1.win32_1.0.100.202403111256/tools/bin/../lib/gcc/arm-none-eabi/12.3.1/../../../../arm-none-eabi/lib/thumb/v7e-m/nofp\libc_nano.a(libc_a-memset.o)
                0x08007c64                memset
 .text.strncmp  0x08007c74       0x24 C:/ST/STM32CubeIDE_1.15.1/STM32CubeIDE/plugins/com.st.stm32cube.ide.mcu.externaltools.gnu-tools-for-stm32.12.3.rel1.win32_1.0.100.202403111256/tools/bin/../lib/gcc/arm-none-eabi/12.3.1/../../../../arm-none-eabi/lib/thumb/v7e-m/nofp\libc_nano.a(libc_a-strncmp.o)
                0x08007c74                strncmp
 .text.__libc_init_array
                0x08007c98       0x48 C:/ST/STM32CubeIDE_1.15.1/STM32CubeIDE/plugins/com.st.stm32cube.ide.mcu.externaltools.gnu-tools-for-stm32.12.3.rel1.win32_1.0.100.202403111256/tools/bin/../lib/gcc/arm-none-eabi/12.3.1/../../../../arm-none-eabi/lib/thumb/v7e-m/nofp\libc_nano.a(libc_a-init.o)
                0x08007c98                __libc_init_array
 .text.memcpy   0x08007ce0       0x1c C:/ST/STM32CubeIDE_1.15.1/STM32CubeIDE/plugins/com.st.stm32cube.ide.mcu.externaltools.gnu-tools-for-stm32.12.3.rel1.win32_1.0.100.202403111256/tools/bin/../lib/gcc/arm-none-eabi/12.3.1/../../../../arm-none-eabi/lib/thumb/v7e-m/nofp\libc_nano.a(libc_a-memcpy-stub.o)
                0x08007ce0                memcpy
 *(.glue_7)
 .glue_7        0x08007cfc        0x0 linker stubs
 *(.glue_7t)
 .glue_7t       0x08007cfc        0x0 linker stubs
 *(.eh_frame)
 .eh_frame      0x08007cfc        0x0 C:/ST/STM32CubeIDE_1.15.1/STM32CubeIDE/plugins/com.st.stm32cube.ide.mcu.externaltools.gnu-tools-for-stm32.12.3.rel1.win32_1.0.100.202403111256/tools/bin/../lib/gcc/arm-none-eabi/12.3.1/thumb/v7e-m/nofp/crtbegin.o
 *(.init)
 .init          0x08007cfc        0x4 C:/ST/STM32CubeIDE_1.15.1/STM32CubeIDE/plugins/com.st.stm32cube.ide.mcu.externaltools.gnu-tools-for-stm32.12.3.rel1.win32_1.0.100.202403111256/tools/bin/../lib/gcc/arm-none-eabi/12.3.1/thumb/v7e-m/nofp/crti.o
                0x08007cfc                _init
 .init          0x08007d00        0x8 C:/ST/STM32CubeIDE_1.15.1/STM32CubeIDE/plugins/com.st.stm32cube.ide.mcu.externaltools.gnu-tools-for-stm32.12.3.rel1.win32_1.0.100.202403111256/tools/bin/../lib/gcc/arm-none-eabi/12.3.1/thumb/v7e-m/nofp/crtn.o
 *(.fini)
 .fini          0x08007d08        0x4 C:/ST/STM32CubeIDE_1.15.1/STM32CubeIDE/plugins/com.st.stm32cube.ide.mcu.externaltools.gnu-tools-for-stm32.12.3.rel1.win32_1.0.100.202403111256/tools/bin/../lib/gcc/arm-none-eabi/12.3.1/thumb/v7e-m/nofp/crti.o
                0x08007d08                _fini
 .fini          0x08007d0c        0x8 C:/ST/STM32CubeIDE_1.15.1/STM32CubeIDE/plugins/com.st.stm32cube.ide.mcu.externaltools.gnu-tools-for-stm32.12.3.rel1.win32_1.0.100.202403111256/tools/bin/../lib/gcc/arm-none-eabi/12.3.1/thumb/v7e-m/nofp/crtn.o
                0x08007d18                        . = ALIGN (0x8)
 *fill*         0x08007d14        0x4 
                0x08007d18                        _etext = .

.vfp11_veneer   0x08007d18        0x0
 .vfp11_veneer  0x08007d18        0x0 linker stubs

.v4_bx          0x08007d18        0x0
 .v4_bx         0x08007d18        0x0 linker stubs

.iplt           0x08007d18        0x0
 .iplt          0x08007d18        0x0 C:/ST/STM32CubeIDE_1.15.1/STM32CubeIDE/plugins/com.st.stm32cube.ide.mcu.externaltools.gnu-tools-for-stm32.12.3.rel1.win32_1.0.100.202403111256/tools/bin/../lib/gcc/arm-none-eabi/12.3.1/thumb/v7e-m/nofp/crtbegin.o

.rodata         0x08007d18      0x548
                0x08007d18                        . = ALIGN (0x8)
 *(.rodata)
 .rodata        0x08007d18       0x1c ./Drivers/STM32WLxx_HAL_Driver/stm32wlxx_hal_rcc.o
 .rodata        0x08007d34       0x10 ./Middlewares/SubGHz_Phy/radio.o
 .rodata        0x08007d44       0x11 ./Middlewares/SubGHz_Phy/radio_driver.o
 *(.rodata*)
 *fill*         0x08007d55        0x3 
 .rodata.UTIL_PowerDriver
                0x08007d58       0x18 ./Application/User/Core/stm32_lpm_if.o
                0x08007d58                UTIL_PowerDriver
 .rodata.TimestampNow.str1.4
                0x08007d70        0x9 ./Application/User/Core/sys_app.o
 *fill*         0x08007d79        0x3 
 .rodata.UTIL_SYSTIMDriver
                0x08007d7c       0x14 ./Application/User/Core/timer_if.o
                0x08007d7c                UTIL_SYSTIMDriver
 .rodata.UTIL_TimerDriver
                0x08007d90       0x2c ./Application/User/Core/timer_if.o
                0x08007d90                UTIL_TimerDriver
 .rodata.UTIL_TraceDriver
                0x08007dbc       0x10 ./Application/User/Core/usart_if.o
                0x08007dbc                UTIL_TraceDriver
 .rodata.PingPong_Process.str1.4
                0x08007dcc       0x83 ./Application/User/SubGHz_Phy/App/subghz_phy_app.o
 *fill*         0x08007e4f        0x1 
 .rodata.OnRxError.str1.4
                0x08007e50        0xc ./Application/User/SubGHz_Phy/App/subghz_phy_app.o
 .rodata.OnRxTimeout.str1.4
                0x08007e5c        0xe ./Application/User/SubGHz_Phy/App/subghz_phy_app.o
 *fill*         0x08007e6a        0x2 
 .rodata.OnTxTimeout.str1.4
                0x08007e6c        0xe ./Application/User/SubGHz_Phy/App/subghz_phy_app.o
 *fill*         0x08007e7a        0x2 
 .rodata.OnRxDone.str1.4
                0x08007e7c       0x49 ./Application/User/SubGHz_Phy/App/subghz_phy_app.o
                                 0x4f (size before relaxing)
 *fill*         0x08007ec5        0x3 
 .rodata.OnTxDone.str1.4
                0x08007ec8        0xb ./Application/User/SubGHz_Phy/App/subghz_phy_app.o
 *fill*         0x08007ed3        0x1 
 .rodata.SubghzApp_Init.str1.4
                0x08007ed4       0xae ./Application/User/SubGHz_Phy/App/subghz_phy_app.o
 *fill*         0x08007f82        0x2 
 .rodata.MSIRangeTable
                0x08007f84       0x40 ./Drivers/CMSIS/system_stm32wlxx.o
                0x08007f84                MSIRangeTable
 .rodata.APBPrescTable
                0x08007fc4       0x20 ./Drivers/CMSIS/system_stm32wlxx.o
                0x08007fc4                APBPrescTable
 .rodata.AHBPrescTable
                0x08007fe4       0x40 ./Drivers/CMSIS/system_stm32wlxx.o
                0x08007fe4                AHBPrescTable
 .rodata.UARTPrescTable
                0x08008024       0x18 ./Drivers/STM32WLxx_HAL_Driver/stm32wlxx_hal_uart.o
                0x08008024                UARTPrescTable
 .rodata.denominator.0
                0x0800803c        0x8 ./Drivers/STM32WLxx_HAL_Driver/stm32wlxx_hal_uart_ex.o
 .rodata.numerator.1
                0x08008044        0x8 ./Drivers/STM32WLxx_HAL_Driver/stm32wlxx_hal_uart_ex.o
 .rodata.RadioIrqProcess.str1.4
                0x0800804c       0x54 ./Middlewares/SubGHz_Phy/radio.o
 .rodata.RadioSend.str1.4
                0x080080a0       0x15 ./Middlewares/SubGHz_Phy/radio.o
 *fill*         0x080080b5        0x3 
 .rodata.Bandwidths
                0x080080b8        0x3 ./Middlewares/SubGHz_Phy/radio.o
                0x080080b8                Bandwidths
 *fill*         0x080080bb        0x1 
 .rodata.Radio  0x080080bc       0x8c ./Middlewares/SubGHz_Phy/radio.o
                0x080080bc                Radio
 .rodata.FskBandwidths
                0x08008148       0xb0 ./Middlewares/SubGHz_Phy/radio_driver.o
 .rodata.SEQ_clz_table_4bit
                0x080081f8       0x10 ./Utilities/stm32_seq.o
                0x080081f8                SEQ_clz_table_4bit
 .rodata.ee_number.str1.4
                0x08008208       0x4d ./Utilities/stm32_tiny_vsnprintf.o
 *fill*         0x08008255        0x3 
 .rodata.tiny_vsnprintf_like.str1.4
                0x08008258        0x7 ./Utilities/stm32_tiny_vsnprintf.o
                0x08008260                        . = ALIGN (0x8)
 *fill*         0x0800825f        0x1 

.ARM.extab      0x08008260        0x0
                0x08008260                        . = ALIGN (0x8)
 *(.ARM.extab* .gnu.linkonce.armextab.*)
                0x08008260                        . = ALIGN (0x8)

.ARM            0x08008260        0x8
                0x08008260                        . = ALIGN (0x8)
                0x08008260                        __exidx_start = .
 *(.ARM.exidx*)
 .ARM.exidx     0x08008260        0x8 C:/ST/STM32CubeIDE_1.15.1/STM32CubeIDE/plugins/com.st.stm32cube.ide.mcu.externaltools.gnu-tools-for-stm32.12.3.rel1.win32_1.0.100.202403111256/tools/bin/../lib/gcc/arm-none-eabi/12.3.1/../../../../arm-none-eabi/lib/thumb/v7e-m/nofp\libc_nano.a(libc_a-strlen.o)
 .ARM.exidx     0x08008268        0x0 C:/ST/STM32CubeIDE_1.15.1/STM32CubeIDE/plugins/com.st.stm32cube.ide.mcu.externaltools.gnu-tools-for-stm32.12.3.rel1.win32_1.0.100.202403111256/tools/bin/../lib/gcc/arm-none-eabi/12.3.1/thumb/v7e-m/nofp\libgcc.a(_udivmoddi4.o)
                                  0x8 (size before relaxing)
                0x08008268                        __exidx_end = .
                0x08008268                        . = ALIGN (0x8)

.rel.dyn        0x08008268        0x0
 .rel.iplt      0x08008268        0x0 C:/ST/STM32CubeIDE_1.15.1/STM32CubeIDE/plugins/com.st.stm32cube.ide.mcu.externaltools.gnu-tools-for-stm32.12.3.rel1.win32_1.0.100.202403111256/tools/bin/../lib/gcc/arm-none-eabi/12.3.1/thumb/v7e-m/nofp/crtbegin.o

.preinit_array  0x08008268        0x0
                0x08008268                        . = ALIGN (0x8)
                0x08008268                        PROVIDE (__preinit_array_start = .)
 *(.preinit_array*)
                0x08008268                        PROVIDE (__preinit_array_end = .)
                0x08008268                        . = ALIGN (0x8)

.init_array     0x08008268        0x8
                0x08008268                        . = ALIGN (0x8)
                0x08008268                        PROVIDE (__init_array_start = .)
 *(SORT_BY_NAME(.init_array.*))
 *(.init_array*)
 .init_array    0x08008268        0x4 C:/ST/STM32CubeIDE_1.15.1/STM32CubeIDE/plugins/com.st.stm32cube.ide.mcu.externaltools.gnu-tools-for-stm32.12.3.rel1.win32_1.0.100.202403111256/tools/bin/../lib/gcc/arm-none-eabi/12.3.1/thumb/v7e-m/nofp/crtbegin.o
                0x0800826c                        PROVIDE (__init_array_end = .)
                0x08008270                        . = ALIGN (0x8)
 *fill*         0x0800826c        0x4 

.fini_array     0x08008270        0x8
                0x08008270                        . = ALIGN (0x8)
                [!provide]                        PROVIDE (__fini_array_start = .)
 *(SORT_BY_NAME(.fini_array.*))
 *(.fini_array*)
 .fini_array    0x08008270        0x4 C:/ST/STM32CubeIDE_1.15.1/STM32CubeIDE/plugins/com.st.stm32cube.ide.mcu.externaltools.gnu-tools-for-stm32.12.3.rel1.win32_1.0.100.202403111256/tools/bin/../lib/gcc/arm-none-eabi/12.3.1/thumb/v7e-m/nofp/crtbegin.o
                [!provide]                        PROVIDE (__fini_array_end = .)
                0x08008278                        . = ALIGN (0x8)
 *fill*         0x08008274        0x4 
                0x08008278                        _sidata = LOADADDR (.data)

.data           0x20000000       0x18 load address 0x08008278
                0x20000000                        . = ALIGN (0x8)
                0x20000000                        _sdata = .
 *(.data)
 *(.data*)
 .data.isMaster
                0x20000000        0x1 ./Application/User/SubGHz_Phy/App/subghz_phy_app.o
                0x20000000                isMaster
 *fill*         0x20000001        0x3 
 .data.SystemCoreClock
                0x20000004        0x4 ./Drivers/CMSIS/system_stm32wlxx.o
                0x20000004                SystemCoreClock
 .data.uwTickPrio
                0x20000008        0x4 ./Drivers/STM32WLxx_HAL_Driver/stm32wlxx_hal.o
                0x20000008                uwTickPrio
 .data.MaxPayloadLength
                0x2000000c        0x1 ./Middlewares/SubGHz_Phy/radio.o
 *fill*         0x2000000d        0x3 
 .data.SuperMask
                0x20000010        0x4 ./Utilities/stm32_seq.o
 .data.TaskMask
                0x20000014        0x4 ./Utilities/stm32_seq.o
 *(.RamFunc)
 *(.RamFunc*)
                0x20000018                        . = ALIGN (0x8)
                0x20000018                        _edata = .

.igot.plt       0x20000018        0x0 load address 0x08008290
 .igot.plt      0x20000018        0x0 C:/ST/STM32CubeIDE_1.15.1/STM32CubeIDE/plugins/com.st.stm32cube.ide.mcu.externaltools.gnu-tools-for-stm32.12.3.rel1.win32_1.0.100.202403111256/tools/bin/../lib/gcc/arm-none-eabi/12.3.1/thumb/v7e-m/nofp/crtbegin.o
                0x20000018                        . = ALIGN (0x8)

.bss            0x20000018      0x888 load address 0x08008290
                0x20000018                        _sbss = .
                0x20000018                        __bss_start__ = _sbss
 *(.bss)
 .bss           0x20000018       0x1c C:/ST/STM32CubeIDE_1.15.1/STM32CubeIDE/plugins/com.st.stm32cube.ide.mcu.externaltools.gnu-tools-for-stm32.12.3.rel1.win32_1.0.100.202403111256/tools/bin/../lib/gcc/arm-none-eabi/12.3.1/thumb/v7e-m/nofp/crtbegin.o
 *(.bss*)
 .bss.hrtc      0x20000034       0x38 ./Application/User/Core/rtc.o
                0x20000034                hrtc
 .bss.hsubghz   0x2000006c        0xc ./Application/User/Core/subghz.o
                0x2000006c                hsubghz
 .bss.SYS_TimerInitialisedFlag
                0x20000078        0x1 ./Application/User/Core/sys_app.o
 *fill*         0x20000079        0x3 
 .bss.RtcTimerContext
                0x2000007c        0x4 ./Application/User/Core/timer_if.o
 .bss.RTC_Initialized
                0x20000080        0x1 ./Application/User/Core/timer_if.o
 *fill*         0x20000081        0x3 
 .bss.hdma_usart2_tx
                0x20000084       0x60 ./Application/User/Core/usart.o
                0x20000084                hdma_usart2_tx
 .bss.huart2    0x200000e4       0x94 ./Application/User/Core/usart.o
                0x200000e4                huart2
 .bss.RxCpltCallback
                0x20000178        0x4 ./Application/User/Core/usart_if.o
 .bss.TxCpltCallback
                0x2000017c        0x4 ./Application/User/Core/usart_if.o
 .bss.charRx    0x20000180        0x1 ./Application/User/Core/usart_if.o
                0x20000180                charRx
 *fill*         0x20000181        0x3 
 .bss.random_delay
                0x20000184        0x4 ./Application/User/SubGHz_Phy/App/subghz_phy_app.o
 .bss.timerLed  0x20000188       0x18 ./Application/User/SubGHz_Phy/App/subghz_phy_app.o
 .bss.SnrValue  0x200001a0        0x1 ./Application/User/SubGHz_Phy/App/subghz_phy_app.o
                0x200001a0                SnrValue
 .bss.RssiValue
                0x200001a1        0x1 ./Application/User/SubGHz_Phy/App/subghz_phy_app.o
                0x200001a1                RssiValue
 .bss.RxBufferSize
                0x200001a2        0x2 ./Application/User/SubGHz_Phy/App/subghz_phy_app.o
                0x200001a2                RxBufferSize
 .bss.BufferTx  0x200001a4       0xff ./Application/User/SubGHz_Phy/App/subghz_phy_app.o
 *fill*         0x200002a3        0x1 
 .bss.BufferRx  0x200002a4       0xff ./Application/User/SubGHz_Phy/App/subghz_phy_app.o
 .bss.State     0x200003a3        0x1 ./Application/User/SubGHz_Phy/App/subghz_phy_app.o
 .bss.RadioEvents
                0x200003a4       0x1c ./Application/User/SubGHz_Phy/App/subghz_phy_app.o
 .bss.RxTimeoutTimer
                0x200003c0       0x18 ./Middlewares/SubGHz_Phy/radio.o
                0x200003c0                RxTimeoutTimer
 .bss.TxTimeoutTimer
                0x200003d8       0x18 ./Middlewares/SubGHz_Phy/radio.o
                0x200003d8                TxTimeoutTimer
 .bss.SubgRf    0x200003f0       0x5c ./Middlewares/SubGHz_Phy/radio.o
                0x200003f0                SubgRf
 .bss.RadioEvents
                0x2000044c        0x4 ./Middlewares/SubGHz_Phy/radio.o
 .bss.RadioBuffer
                0x20000450       0xff ./Middlewares/SubGHz_Phy/radio.o
 *fill*         0x2000054f        0x1 
 .bss.RadioOnDioIrqCb
                0x20000550        0x4 ./Middlewares/SubGHz_Phy/radio_driver.o
 .bss.ImageCalibrated
                0x20000554        0x1 ./Middlewares/SubGHz_Phy/radio_driver.o
 *fill*         0x20000555        0x3 
 .bss.FrequencyError
                0x20000558        0x4 ./Middlewares/SubGHz_Phy/radio_driver.o
                0x20000558                FrequencyError
 .bss.LoRaHeaderType
                0x2000055c        0x1 ./Middlewares/SubGHz_Phy/radio_driver.o
 .bss.PacketType
                0x2000055d        0x1 ./Middlewares/SubGHz_Phy/radio_driver.o
 .bss.OperatingMode
                0x2000055e        0x1 ./Middlewares/SubGHz_Phy/radio_driver.o
 *fill*         0x2000055f        0x1 
 .bss.sztmp     0x20000560      0x100 ./Utilities/stm32_adv_trace.o
 .bss.ADV_TRACE_Buffer
                0x20000660      0x200 ./Utilities/stm32_adv_trace.o
 .bss.ADV_TRACE_Ctx
                0x20000860       0x18 ./Utilities/stm32_adv_trace.o
 .bss.OffModeDisable
                0x20000878        0x4 ./Utilities/stm32_lpm.o
 .bss.StopModeDisable
                0x2000087c        0x4 ./Utilities/stm32_lpm.o
 .bss.TaskPrio  0x20000880        0x8 ./Utilities/stm32_seq.o
 .bss.TaskCb    0x20000888        0x4 ./Utilities/stm32_seq.o
 .bss.CurrentTaskIdx
                0x2000088c        0x4 ./Utilities/stm32_seq.o
 .bss.EvtWaited
                0x20000890        0x4 ./Utilities/stm32_seq.o
 .bss.EvtSet    0x20000894        0x4 ./Utilities/stm32_seq.o
 .bss.TaskSet   0x20000898        0x4 ./Utilities/stm32_seq.o
 .bss.TimerListHead
                0x2000089c        0x4 ./Utilities/stm32_timer.o
 *(COMMON)
                0x200008a0                        . = ALIGN (0x8)
                0x200008a0                        _ebss = .
                0x200008a0                        __bss_end__ = _ebss
                0x200008a0                        . = ALIGN (0x8)

RAM1_region     0x200008a0        0x0 load address 0x08008290
                0x200008a0                        _sRAM1_region = .
 *(.RAM1_region)
                0x200008a0                        . = ALIGN (0x8)
                0x200008a0                        _eRAM1_region = .
                0x200008a0                        . = ALIGN (0x8)

RAM2_region     0x20008000        0x0
                0x20008000                        _sRAM2_region = .
 *(.RAM2_region)
                0x20008000                        . = ALIGN (0x8)
                0x20008000                        _eRAM2_region = .

._user_heap_stack
                0x200008a0      0xa00
                0x200008a0                        . = ALIGN (0x8)
                [!provide]                        PROVIDE (end = .)
                0x200008a0                        PROVIDE (_end = .)
                0x20000aa0                        . = (. + _Min_Heap_Size)
 *fill*         0x200008a0      0x200 
                0x200012a0                        . = (. + _Min_Stack_Size)
 *fill*         0x20000aa0      0x800 
                0x200012a0                        . = ALIGN (0x8)

/DISCARD/
 libc.a(*)
 libm.a(*)
 libgcc.a(*)

.ARM.attributes
                0x00000000       0x2a
 *(.ARM.attributes)
 .ARM.attributes
                0x00000000       0x1e C:/ST/STM32CubeIDE_1.15.1/STM32CubeIDE/plugins/com.st.stm32cube.ide.mcu.externaltools.gnu-tools-for-stm32.12.3.rel1.win32_1.0.100.202403111256/tools/bin/../lib/gcc/arm-none-eabi/12.3.1/thumb/v7e-m/nofp/crti.o
 .ARM.attributes
                0x0000001e       0x2e C:/ST/STM32CubeIDE_1.15.1/STM32CubeIDE/plugins/com.st.stm32cube.ide.mcu.externaltools.gnu-tools-for-stm32.12.3.rel1.win32_1.0.100.202403111256/tools/bin/../lib/gcc/arm-none-eabi/12.3.1/thumb/v7e-m/nofp/crtbegin.o
 .ARM.attributes
                0x0000004c       0x2e ./Application/User/Core/dma.o
 .ARM.attributes
                0x0000007a       0x2e ./Application/User/Core/gpio.o
 .ARM.attributes
                0x000000a8       0x2e ./Application/User/Core/main.o
 .ARM.attributes
                0x000000d6       0x2e ./Application/User/Core/rtc.o
 .ARM.attributes
                0x00000104       0x2e ./Application/User/Core/stm32_lpm_if.o
 .ARM.attributes
                0x00000132       0x2e ./Application/User/Core/stm32wlxx_hal_msp.o
 .ARM.attributes
                0x00000160       0x2e ./Application/User/Core/stm32wlxx_it.o
 .ARM.attributes
                0x0000018e       0x2e ./Application/User/Core/subghz.o
 .ARM.attributes
                0x000001bc       0x2e ./Application/User/Core/sys_app.o
 .ARM.attributes
                0x000001ea       0x2e ./Application/User/Core/sys_debug.o
 .ARM.attributes
                0x00000218       0x2e ./Application/User/Core/timer_if.o
 .ARM.attributes
                0x00000246       0x2e ./Application/User/Core/usart.o
 .ARM.attributes
                0x00000274       0x2e ./Application/User/Core/usart_if.o
 .ARM.attributes
                0x000002a2       0x21 ./Application/User/Startup/startup_stm32wl55jcix.o
 .ARM.attributes
                0x000002c3       0x2e ./Application/User/SubGHz_Phy/App/app_subghz_phy.o
 .ARM.attributes
                0x000002f1       0x2e ./Application/User/SubGHz_Phy/App/subghz_phy_app.o
 .ARM.attributes
                0x0000031f       0x2e ./Application/User/SubGHz_Phy/Target/radio_board_if.o
 .ARM.attributes
                0x0000034d       0x2e ./Drivers/BSP/STM32WLxx_Nucleo/stm32wlxx_nucleo_radio.o
 .ARM.attributes
                0x0000037b       0x2e ./Drivers/CMSIS/system_stm32wlxx.o
 .ARM.attributes
                0x000003a9       0x2e ./Drivers/STM32WLxx_HAL_Driver/stm32wlxx_hal.o
 .ARM.attributes
                0x000003d7       0x2e ./Drivers/STM32WLxx_HAL_Driver/stm32wlxx_hal_cortex.o
 .ARM.attributes
                0x00000405       0x2e ./Drivers/STM32WLxx_HAL_Driver/stm32wlxx_hal_dma.o
 .ARM.attributes
                0x00000433       0x2e ./Drivers/STM32WLxx_HAL_Driver/stm32wlxx_hal_gpio.o
 .ARM.attributes
                0x00000461       0x2e ./Drivers/STM32WLxx_HAL_Driver/stm32wlxx_hal_pwr.o
 .ARM.attributes
                0x0000048f       0x2e ./Drivers/STM32WLxx_HAL_Driver/stm32wlxx_hal_pwr_ex.o
 .ARM.attributes
                0x000004bd       0x2e ./Drivers/STM32WLxx_HAL_Driver/stm32wlxx_hal_rcc.o
 .ARM.attributes
                0x000004eb       0x2e ./Drivers/STM32WLxx_HAL_Driver/stm32wlxx_hal_rcc_ex.o
 .ARM.attributes
                0x00000519       0x2e ./Drivers/STM32WLxx_HAL_Driver/stm32wlxx_hal_rtc.o
 .ARM.attributes
                0x00000547       0x2e ./Drivers/STM32WLxx_HAL_Driver/stm32wlxx_hal_rtc_ex.o
 .ARM.attributes
                0x00000575       0x2e ./Drivers/STM32WLxx_HAL_Driver/stm32wlxx_hal_subghz.o
 .ARM.attributes
                0x000005a3       0x2e ./Drivers/STM32WLxx_HAL_Driver/stm32wlxx_hal_uart.o
 .ARM.attributes
                0x000005d1       0x2e ./Drivers/STM32WLxx_HAL_Driver/stm32wlxx_hal_uart_ex.o
 .ARM.attributes
                0x000005ff       0x2e ./Middlewares/SubGHz_Phy/radio.o
 .ARM.attributes
                0x0000062d       0x2e ./Middlewares/SubGHz_Phy/radio_driver.o
 .ARM.attributes
                0x0000065b       0x2e ./Middlewares/SubGHz_Phy/radio_fw.o
 .ARM.attributes
                0x00000689       0x2e ./Utilities/stm32_adv_trace.o
 .ARM.attributes
                0x000006b7       0x2e ./Utilities/stm32_lpm.o
 .ARM.attributes
                0x000006e5       0x2e ./Utilities/stm32_mem.o
 .ARM.attributes
                0x00000713       0x2e ./Utilities/stm32_seq.o
 .ARM.attributes
                0x00000741       0x2e ./Utilities/stm32_systime.o
 .ARM.attributes
                0x0000076f       0x2e ./Utilities/stm32_timer.o
 .ARM.attributes
                0x0000079d       0x2e ./Utilities/stm32_tiny_vsnprintf.o
 .ARM.attributes
                0x000007cb       0x2e C:/ST/STM32CubeIDE_1.15.1/STM32CubeIDE/plugins/com.st.stm32cube.ide.mcu.externaltools.gnu-tools-for-stm32.12.3.rel1.win32_1.0.100.202403111256/tools/bin/../lib/gcc/arm-none-eabi/12.3.1/../../../../arm-none-eabi/lib/thumb/v7e-m/nofp\libc_nano.a(libc_a-memset.o)
 .ARM.attributes
                0x000007f9       0x2e C:/ST/STM32CubeIDE_1.15.1/STM32CubeIDE/plugins/com.st.stm32cube.ide.mcu.externaltools.gnu-tools-for-stm32.12.3.rel1.win32_1.0.100.202403111256/tools/bin/../lib/gcc/arm-none-eabi/12.3.1/../../../../arm-none-eabi/lib/thumb/v7e-m/nofp\libc_nano.a(libc_a-strncmp.o)
 .ARM.attributes
                0x00000827       0x2e C:/ST/STM32CubeIDE_1.15.1/STM32CubeIDE/plugins/com.st.stm32cube.ide.mcu.externaltools.gnu-tools-for-stm32.12.3.rel1.win32_1.0.100.202403111256/tools/bin/../lib/gcc/arm-none-eabi/12.3.1/../../../../arm-none-eabi/lib/thumb/v7e-m/nofp\libc_nano.a(libc_a-init.o)
 .ARM.attributes
                0x00000855       0x2e C:/ST/STM32CubeIDE_1.15.1/STM32CubeIDE/plugins/com.st.stm32cube.ide.mcu.externaltools.gnu-tools-for-stm32.12.3.rel1.win32_1.0.100.202403111256/tools/bin/../lib/gcc/arm-none-eabi/12.3.1/../../../../arm-none-eabi/lib/thumb/v7e-m/nofp\libc_nano.a(libc_a-memcpy-stub.o)
 .ARM.attributes
                0x00000883       0x17 C:/ST/STM32CubeIDE_1.15.1/STM32CubeIDE/plugins/com.st.stm32cube.ide.mcu.externaltools.gnu-tools-for-stm32.12.3.rel1.win32_1.0.100.202403111256/tools/bin/../lib/gcc/arm-none-eabi/12.3.1/../../../../arm-none-eabi/lib/thumb/v7e-m/nofp\libc_nano.a(libc_a-strlen.o)
 .ARM.attributes
                0x0000089a       0x1e C:/ST/STM32CubeIDE_1.15.1/STM32CubeIDE/plugins/com.st.stm32cube.ide.mcu.externaltools.gnu-tools-for-stm32.12.3.rel1.win32_1.0.100.202403111256/tools/bin/../lib/gcc/arm-none-eabi/12.3.1/thumb/v7e-m/nofp\libgcc.a(_aeabi_uldivmod.o)
 .ARM.attributes
                0x000008b8       0x2e C:/ST/STM32CubeIDE_1.15.1/STM32CubeIDE/plugins/com.st.stm32cube.ide.mcu.externaltools.gnu-tools-for-stm32.12.3.rel1.win32_1.0.100.202403111256/tools/bin/../lib/gcc/arm-none-eabi/12.3.1/thumb/v7e-m/nofp\libgcc.a(_udivmoddi4.o)
 .ARM.attributes
                0x000008e6       0x1e C:/ST/STM32CubeIDE_1.15.1/STM32CubeIDE/plugins/com.st.stm32cube.ide.mcu.externaltools.gnu-tools-for-stm32.12.3.rel1.win32_1.0.100.202403111256/tools/bin/../lib/gcc/arm-none-eabi/12.3.1/thumb/v7e-m/nofp\libgcc.a(_dvmd_tls.o)
 .ARM.attributes
                0x00000904       0x1e C:/ST/STM32CubeIDE_1.15.1/STM32CubeIDE/plugins/com.st.stm32cube.ide.mcu.externaltools.gnu-tools-for-stm32.12.3.rel1.win32_1.0.100.202403111256/tools/bin/../lib/gcc/arm-none-eabi/12.3.1/thumb/v7e-m/nofp/crtn.o
OUTPUT(SubGHz_Phy_PingPong.elf elf32-littlearm)
LOAD linker stubs
LOAD C:/ST/STM32CubeIDE_1.15.1/STM32CubeIDE/plugins/com.st.stm32cube.ide.mcu.externaltools.gnu-tools-for-stm32.12.3.rel1.win32_1.0.100.202403111256/tools/bin/../lib/gcc/arm-none-eabi/12.3.1/../../../../arm-none-eabi/lib/thumb/v7e-m/nofp\libc.a
LOAD C:/ST/STM32CubeIDE_1.15.1/STM32CubeIDE/plugins/com.st.stm32cube.ide.mcu.externaltools.gnu-tools-for-stm32.12.3.rel1.win32_1.0.100.202403111256/tools/bin/../lib/gcc/arm-none-eabi/12.3.1/../../../../arm-none-eabi/lib/thumb/v7e-m/nofp\libm.a
LOAD C:/ST/STM32CubeIDE_1.15.1/STM32CubeIDE/plugins/com.st.stm32cube.ide.mcu.externaltools.gnu-tools-for-stm32.12.3.rel1.win32_1.0.100.202403111256/tools/bin/../lib/gcc/arm-none-eabi/12.3.1/thumb/v7e-m/nofp\libgcc.a

.debug_info     0x00000000    0x2c191
 .debug_info    0x00000000      0x6c0 ./Application/User/Core/dma.o
 .debug_info    0x000006c0      0x6d8 ./Application/User/Core/gpio.o