Archive member included to satisfy reference by file (symbol)

C:/ST/STM32CubeIDE_1.17.0/STM32CubeIDE/plugins/com.st.stm32cube.ide.mcu.externaltools.gnu-tools-for-stm32.12.3.rel1.win32_1.1.0.202410251130/tools/bin/../lib/gcc/arm-none-eabi/12.3.1/../../../../arm-none-eabi/lib/thumb/v7e-m/nofp\libc_nano.a(libc_a-exit.o)
                              C:/ST/STM32CubeIDE_1.17.0/STM32CubeIDE/plugins/com.st.stm32cube.ide.mcu.externaltools.gnu-tools-for-stm32.12.3.rel1.win32_1.1.0.202410251130/tools/bin/../lib/gcc/arm-none-eabi/12.3.1/../../../../arm-none-eabi/lib/thumb/v7e-m/nofp/crt0.o (exit)
C:/ST/STM32CubeIDE_1.17.0/STM32CubeIDE/plugins/com.st.stm32cube.ide.mcu.externaltools.gnu-tools-for-stm32.12.3.rel1.win32_1.1.0.202410251130/tools/bin/../lib/gcc/arm-none-eabi/12.3.1/../../../../arm-none-eabi/lib/thumb/v7e-m/nofp\libc_nano.a(libc_a-findfp.o)
                              C:/ST/STM32CubeIDE_1.17.0/STM32CubeIDE/plugins/com.st.stm32cube.ide.mcu.externaltools.gnu-tools-for-stm32.12.3.rel1.win32_1.1.0.202410251130/tools/bin/../lib/gcc/arm-none-eabi/12.3.1/../../../../arm-none-eabi/lib/thumb/v7e-m/nofp\libc_nano.a(libc_a-exit.o) (__stdio_exit_handler)
C:/ST/STM32CubeIDE_1.17.0/STM32CubeIDE/plugins/com.st.stm32cube.ide.mcu.externaltools.gnu-tools-for-stm32.12.3.rel1.win32_1.1.0.202410251130/tools/bin/../lib/gcc/arm-none-eabi/12.3.1/../../../../arm-none-eabi/lib/thumb/v7e-m/nofp\libc_nano.a(libc_a-fwalk.o)
                              C:/ST/STM32CubeIDE_1.17.0/STM32CubeIDE/plugins/com.st.stm32cube.ide.mcu.externaltools.gnu-tools-for-stm32.12.3.rel1.win32_1.1.0.202410251130/tools/bin/../lib/gcc/arm-none-eabi/12.3.1/../../../../arm-none-eabi/lib/thumb/v7e-m/nofp\libc_nano.a(libc_a-findfp.o) (_fwalk_sglue)
C:/ST/STM32CubeIDE_1.17.0/STM32CubeIDE/plugins/com.st.stm32cube.ide.mcu.externaltools.gnu-tools-for-stm32.12.3.rel1.win32_1.1.0.202410251130/tools/bin/../lib/gcc/arm-none-eabi/12.3.1/../../../../arm-none-eabi/lib/thumb/v7e-m/nofp\libc_nano.a(libc_a-stdio.o)
                              C:/ST/STM32CubeIDE_1.17.0/STM32CubeIDE/plugins/com.st.stm32cube.ide.mcu.externaltools.gnu-tools-for-stm32.12.3.rel1.win32_1.1.0.202410251130/tools/bin/../lib/gcc/arm-none-eabi/12.3.1/../../../../arm-none-eabi/lib/thumb/v7e-m/nofp\libc_nano.a(libc_a-findfp.o) (__sread)
C:/ST/STM32CubeIDE_1.17.0/STM32CubeIDE/plugins/com.st.stm32cube.ide.mcu.externaltools.gnu-tools-for-stm32.12.3.rel1.win32_1.1.0.202410251130/tools/bin/../lib/gcc/arm-none-eabi/12.3.1/../../../../arm-none-eabi/lib/thumb/v7e-m/nofp\libc_nano.a(libc_a-vsnprintf.o)
                              ./Application/Core/sys_app.o (vsnprintf)
C:/ST/STM32CubeIDE_1.17.0/STM32CubeIDE/plugins/com.st.stm32cube.ide.mcu.externaltools.gnu-tools-for-stm32.12.3.rel1.win32_1.1.0.202410251130/tools/bin/../lib/gcc/arm-none-eabi/12.3.1/../../../../arm-none-eabi/lib/thumb/v7e-m/nofp\libc_nano.a(libc_a-memset.o)
                              C:/ST/STM32CubeIDE_1.17.0/STM32CubeIDE/plugins/com.st.stm32cube.ide.mcu.externaltools.gnu-tools-for-stm32.12.3.rel1.win32_1.1.0.202410251130/tools/bin/../lib/gcc/arm-none-eabi/12.3.1/../../../../arm-none-eabi/lib/thumb/v7e-m/nofp/crt0.o (memset)
C:/ST/STM32CubeIDE_1.17.0/STM32CubeIDE/plugins/com.st.stm32cube.ide.mcu.externaltools.gnu-tools-for-stm32.12.3.rel1.win32_1.1.0.202410251130/tools/bin/../lib/gcc/arm-none-eabi/12.3.1/../../../../arm-none-eabi/lib/thumb/v7e-m/nofp\libc_nano.a(libc_a-closer.o)
                              C:/ST/STM32CubeIDE_1.17.0/STM32CubeIDE/plugins/com.st.stm32cube.ide.mcu.externaltools.gnu-tools-for-stm32.12.3.rel1.win32_1.1.0.202410251130/tools/bin/../lib/gcc/arm-none-eabi/12.3.1/../../../../arm-none-eabi/lib/thumb/v7e-m/nofp\libc_nano.a(libc_a-stdio.o) (_close_r)
C:/ST/STM32CubeIDE_1.17.0/STM32CubeIDE/plugins/com.st.stm32cube.ide.mcu.externaltools.gnu-tools-for-stm32.12.3.rel1.win32_1.1.0.202410251130/tools/bin/../lib/gcc/arm-none-eabi/12.3.1/../../../../arm-none-eabi/lib/thumb/v7e-m/nofp\libc_nano.a(libc_a-reent.o)
                              C:/ST/STM32CubeIDE_1.17.0/STM32CubeIDE/plugins/com.st.stm32cube.ide.mcu.externaltools.gnu-tools-for-stm32.12.3.rel1.win32_1.1.0.202410251130/tools/bin/../lib/gcc/arm-none-eabi/12.3.1/../../../../arm-none-eabi/lib/thumb/v7e-m/nofp\libc_nano.a(libc_a-closer.o) (errno)
C:/ST/STM32CubeIDE_1.17.0/STM32CubeIDE/plugins/com.st.stm32cube.ide.mcu.externaltools.gnu-tools-for-stm32.12.3.rel1.win32_1.1.0.202410251130/tools/bin/../lib/gcc/arm-none-eabi/12.3.1/../../../../arm-none-eabi/lib/thumb/v7e-m/nofp\libc_nano.a(libc_a-impure.o)
                              C:/ST/STM32CubeIDE_1.17.0/STM32CubeIDE/plugins/com.st.stm32cube.ide.mcu.externaltools.gnu-tools-for-stm32.12.3.rel1.win32_1.1.0.202410251130/tools/bin/../lib/gcc/arm-none-eabi/12.3.1/../../../../arm-none-eabi/lib/thumb/v7e-m/nofp\libc_nano.a(libc_a-vsnprintf.o) (_impure_ptr)
[...]
Memory Configuration

Name             Origin             Length             Attributes
ROM              0x08000000         0x00040000         xr
RAM1             0x20000000         0x00008000         xrw
RAM2             0x20008000         0x00008000         xrw
*default*        0x00000000         0xffffffff

Linker script and memory map

LOAD C:/ST/STM32CubeIDE_1.17.0/STM32CubeIDE/plugins/com.st.stm32cube.ide.mcu.externaltools.gnu-tools-for-stm32.12.3.rel1.win32_1.1.0.202410251130/tools/bin/../lib/gcc/arm-none-eabi/12.3.1/thumb/v7e-m/nofp/crti.o
LOAD C:/ST/STM32CubeIDE_1.17.0/STM32CubeIDE/plugins/com.st.stm32cube.ide.mcu.externaltools.gnu-tools-for-stm32.12.3.rel1.win32_1.1.0.202410251130/tools/bin/../lib/gcc/arm-none-eabi/12.3.1/thumb/v7e-m/nofp/crtbegin.o
LOAD C:/ST/STM32CubeIDE_1.17.0/STM32CubeIDE/plugins/com.st.stm32cube.ide.mcu.externaltools.gnu-tools-for-stm32.12.3.rel1.win32_1.1.0.202410251130/tools/bin/../lib/gcc/arm-none-eabi/12.3.1/../../../../arm-none-eabi/lib/thumb/v7e-m/nofp/crt0.o
LOAD ./Application/App/demo_sensor.o
LOAD ./Application/Common/demo_radio_utils.o
LOAD ./Application/Common/demo_regions.o
LOAD ./Application/Common/demo_utils.o
LOAD ./Application/Core/adc.o
LOAD ./Application/Core/adc_if.o
LOAD ./Application/Core/dma.o
LOAD ./Application/Core/gpio.o
LOAD ./Application/Core/main.o
LOAD ./Application/Core/rtc.o
LOAD ./Application/Core/stm32_lpm_if.o
LOAD ./Application/Core/stm32wlxx_hal_msp.o
LOAD ./Application/Core/stm32wlxx_it.o
LOAD ./Application/Core/subghz.o
LOAD ./Application/Core/sys_app.o
LOAD ./Application/Core/sys_debug.o
LOAD ./Application/Core/syscalls.o
LOAD ./Application/Core/sysmem.o
LOAD ./Application/Core/timer_if.o
LOAD ./Application/Core/usart.o
LOAD ./Application/Core/usart_if.o
LOAD ./Application/Startup/startup_stm32wl55xx_cm4.o
LOAD ./Application/Target/radio_board_if.o
LOAD ./Drivers/CMSIS/system_stm32wlxx.o
LOAD ./Drivers/STM32WLxx_HAL_Driver/stm32wlxx_hal.o
LOAD ./Drivers/STM32WLxx_HAL_Driver/stm32wlxx_hal_adc.o
LOAD ./Drivers/STM32WLxx_HAL_Driver/stm32wlxx_hal_adc_ex.o
LOAD ./Drivers/STM32WLxx_HAL_Driver/stm32wlxx_hal_cortex.o
LOAD ./Drivers/STM32WLxx_HAL_Driver/stm32wlxx_hal_dma.o
LOAD ./Drivers/STM32WLxx_HAL_Driver/stm32wlxx_hal_dma_ex.o
LOAD ./Drivers/STM32WLxx_HAL_Driver/stm32wlxx_hal_exti.o
LOAD ./Drivers/STM32WLxx_HAL_Driver/stm32wlxx_hal_gpio.o
LOAD ./Drivers/STM32WLxx_HAL_Driver/stm32wlxx_hal_pwr.o
LOAD ./Drivers/STM32WLxx_HAL_Driver/stm32wlxx_hal_pwr_ex.o
LOAD ./Drivers/STM32WLxx_HAL_Driver/stm32wlxx_hal_rcc.o
LOAD ./Drivers/STM32WLxx_HAL_Driver/stm32wlxx_hal_rcc_ex.o
LOAD ./Drivers/STM32WLxx_HAL_Driver/stm32wlxx_hal_rtc.o
LOAD ./Drivers/STM32WLxx_HAL_Driver/stm32wlxx_hal_rtc_ex.o
LOAD ./Drivers/STM32WLxx_HAL_Driver/stm32wlxx_hal_subghz.o
LOAD ./Drivers/STM32WLxx_HAL_Driver/stm32wlxx_hal_tim.o
LOAD ./Drivers/STM32WLxx_HAL_Driver/stm32wlxx_hal_tim_ex.o
LOAD ./Drivers/STM32WLxx_HAL_Driver/stm32wlxx_hal_uart.o
LOAD ./Drivers/STM32WLxx_HAL_Driver/stm32wlxx_hal_uart_ex.o
LOAD ./Drivers/STM32WLxx_HAL_Driver/stm32wlxx_ll_adc.o
LOAD ./Drivers/STM32WLxx_Nucleo/stm32wlxx_nucleo.o
LOAD ./Drivers/STM32WLxx_Nucleo/stm32wlxx_nucleo_radio.o
LOAD ./Middlewares/SubGHz_Phy/radio.o
LOAD ./Middlewares/SubGHz_Phy/radio_driver.o
LOAD ./Middlewares/SubGHz_Phy/radio_fw.o
LOAD ./Utilities/stm32_adv_trace.o
LOAD ./Utilities/stm32_lpm.o
LOAD ./Utilities/stm32_mem.o
LOAD ./Utilities/stm32_seq.o
LOAD ./Utilities/stm32_systime.o
LOAD ./Utilities/stm32_timer.o
LOAD ./Utilities/stm32_tiny_sscanf.o
LOAD ./Utilities/stm32_tiny_vsnprintf.o
START GROUP
LOAD C:/ST/STM32CubeIDE_1.17.0/STM32CubeIDE/plugins/com.st.stm32cube.ide.mcu.externaltools.gnu-tools-for-stm32.12.3.rel1.win32_1.1.0.202410251130/tools/bin/../lib/gcc/arm-none-eabi/12.3.1/../../../../arm-none-eabi/lib/thumb/v7e-m/nofp\libc_nano.a
LOAD C:/ST/STM32CubeIDE_1.17.0/STM32CubeIDE/plugins/com.st.stm32cube.ide.mcu.externaltools.gnu-tools-for-stm32.12.3.rel1.win32_1.1.0.202410251130/tools/bin/../lib/gcc/arm-none-eabi/12.3.1/../../../../arm-none-eabi/lib/thumb/v7e-m/nofp\libm.a
END GROUP
START GROUP
LOAD C:/ST/STM32CubeIDE_1.17.0/STM32CubeIDE/plugins/com.st.stm32cube.ide.mcu.externaltools.gnu-tools-for-stm32.12.3.rel1.win32_1.1.0.202410251130/tools/bin/../lib/gcc/arm-none-eabi/12.3.1/thumb/v7e-m/nofp\libgcc.a
LOAD C:/ST/STM32CubeIDE_1.17.0/STM32CubeIDE/plugins/com.st.stm32cube.ide.mcu.externaltools.gnu-tools-for-stm32.12.3.rel1.win32_1.1.0.202410251130/tools/bin/../lib/gcc/arm-none-eabi/12.3.1/../../../../arm-none-eabi/lib/thumb/v7e-m/nofp\libc_nano.a
END GROUP
START GROUP
LOAD C:/ST/STM32CubeIDE_1.17.0/STM32CubeIDE/plugins/com.st.stm32cube.ide.mcu.externaltools.gnu-tools-for-stm32.12.3.rel1.win32_1.1.0.202410251130/tools/bin/../lib/gcc/arm-none-eabi/12.3.1/thumb/v7e-m/nofp\libgcc.a
LOAD C:/ST/STM32CubeIDE_1.17.0/STM32CubeIDE/plugins/com.st.stm32cube.ide.mcu.externaltools.gnu-tools-for-stm32.12.3.rel1.win32_1.1.0.202410251130/tools/bin/../lib/gcc/arm-none-eabi/12.3.1/../../../../arm-none-eabi/lib/thumb/v7e-m/nofp\libc_nano.a
LOAD C:/ST/STM32CubeIDE_1.17.0/STM32CubeIDE/plugins/com.st.stm32cube.ide.mcu.externaltools.gnu-tools-for-stm32.12.3.rel1.win32_1.1.0.202410251130/tools/bin/../lib/gcc/arm-none-eabi/12.3.1/../../../../arm-none-eabi/lib/thumb/v7e-m/nofp\libnosys.a
END GROUP
START GROUP
LOAD C:/ST/STM32CubeIDE_1.17.0/STM32CubeIDE/plugins/com.st.stm32cube.ide.mcu.externaltools.gnu-tools-for-stm32.12.3.rel1.win32_1.1.0.202410251130/tools/bin/../lib/gcc/arm-none-eabi/12.3.1/thumb/v7e-m/nofp\libgcc.a
LOAD C:/ST/STM32CubeIDE_1.17.0/STM32CubeIDE/plugins/com.st.stm32cube.ide.mcu.externaltools.gnu-tools-for-stm32.12.3.rel1.win32_1.1.0.202410251130/tools/bin/../lib/gcc/arm-none-eabi/12.3.1/../../../../arm-none-eabi/lib/thumb/v7e-m/nofp\libc_nano.a
LOAD C:/ST/STM32CubeIDE_1.17.0/STM32CubeIDE/plugins/com.st.stm32cube.ide.mcu.externaltools.gnu-tools-for-stm32.12.3.rel1.win32_1.1.0.202410251130/tools/bin/../lib/gcc/arm-none-eabi/12.3.1/../../../../arm-none-eabi/lib/thumb/v7e-m/nofp\libnosys.a
END GROUP
LOAD C:/ST/STM32CubeIDE_1.17.0/STM32CubeIDE/plugins/com.st.stm32cube.ide.mcu.externaltools.gnu-tools-for-stm32.12.3.rel1.win32_1.1.0.202410251130/tools/bin/../lib/gcc/arm-none-eabi/12.3.1/thumb/v7e-m/nofp/crtend.o
LOAD C:/ST/STM32CubeIDE_1.17.0/STM32CubeIDE/plugins/com.st.stm32cube.ide.mcu.externaltools.gnu-tools-for-stm32.12.3.rel1.win32_1.1.0.202410251130/tools/bin/../lib/gcc/arm-none-eabi/12.3.1/thumb/v7e-m/nofp/crtn.o
                0x20008000                        _estack = (ORIGIN (RAM1) + LENGTH (RAM1))
                0x00000200                        _Min_Heap_Size = 0x200
                0x00001000                        _Min_Stack_Size = 0x1000

.isr_vector     0x08000000      0x138
                0x08000000                        . = ALIGN (0x8)
 *(.isr_vector)
 .isr_vector    0x08000000      0x138 ./Application/Startup/startup_stm32wl55xx_cm4.o
                0x08000000                g_pfnVectors
                0x08000138                        . = ALIGN (0x8)

.text           0x08000140     0x9f00
                0x08000140                        . = ALIGN (0x8)
 *(.text)
 .text          0x08000140       0x40 C:/ST/STM32CubeIDE_1.17.0/STM32CubeIDE/plugins/com.st.stm32cube.ide.mcu.externaltools.gnu-tools-for-stm32.12.3.rel1.win32_1.1.0.202410251130/tools/bin/../lib/gcc/arm-none-eabi/12.3.1/thumb/v7e-m/nofp/crtbegin.o
 .text          0x08000180       0x10 C:/ST/STM32CubeIDE_1.17.0/STM32CubeIDE/plugins/com.st.stm32cube.ide.mcu.externaltools.gnu-tools-for-stm32.12.3.rel1.win32_1.1.0.202410251130/tools/bin/../lib/gcc/arm-none-eabi/12.3.1/../../../../arm-none-eabi/lib/thumb/v7e-m/nofp\libc_nano.a(libc_a-strlen.o)
                0x08000180                strlen
 .text          0x08000190       0xa0 C:/ST/STM32CubeIDE_1.17.0/STM32CubeIDE/plugins/com.st.stm32cube.ide.mcu.externaltools.gnu-tools-for-stm32.12.3.rel1.win32_1.1.0.202410251130/tools/bin/../lib/gcc/arm-none-eabi/12.3.1/../../../../arm-none-eabi/lib/thumb/v7e-m/nofp\libc_nano.a(libc_a-memchr.o)
                0x08000190                memchr
 .text          0x08000230       0x30 C:/ST/STM32CubeIDE_1.17.0/STM32CubeIDE/plugins/com.st.stm32cube.ide.mcu.externaltools.gnu-tools-for-stm32.12.3.rel1.win32_1.1.0.202410251130/tools/bin/../lib/gcc/arm-none-eabi/12.3.1/thumb/v7e-m/nofp\libgcc.a(_aeabi_uldivmod.o)
                0x08000230                __aeabi_uldivmod
 .text          0x08000260      0x2bc C:/ST/STM32CubeIDE_1.17.0/STM32CubeIDE/plugins/com.st.stm32cube.ide.mcu.externaltools.gnu-tools-for-stm32.12.3.rel1.win32_1.1.0.202410251130/tools/bin/../lib/gcc/arm-none-eabi/12.3.1/thumb/v7e-m/nofp\libgcc.a(_udivmoddi4.o)
                0x08000260                __udivmoddi4
 .text          0x0800051c        0x4 C:/ST/STM32CubeIDE_1.17.0/STM32CubeIDE/plugins/com.st.stm32cube.ide.mcu.externaltools.gnu-tools-for-stm32.12.3.rel1.win32_1.1.0.202410251130/tools/bin/../lib/gcc/arm-none-eabi/12.3.1/thumb/v7e-m/nofp\libgcc.a(_dvmd_tls.o)
                0x0800051c                __aeabi_idiv0
                0x0800051c                __aeabi_ldiv0
 *(.text*)
 .text.FhssChangeChannel
                0x08000520        0x2 ./Application/App/demo_sensor.o
 *fill*         0x08000522        0x2 
 .text.ChangeState
                0x08000524       0xa4 ./Application/App/demo_sensor.o
 .text.RxError  0x080005c8       0x14 ./Application/App/demo_sensor.o
 .text.TxTimeout
                0x080005dc       0x20 ./Application/App/demo_sensor.o
 .text.TxDone   0x080005fc       0x2c ./Application/App/demo_sensor.o
 .text.OneScan  0x08000628       0xe8 ./Application/App/demo_sensor.o
 .text.CadTimeout
                0x08000710       0x28 ./Application/App/demo_sensor.o
 .text.RxTimeout
                0x08000738       0x3c ./Application/App/demo_sensor.o
 .text.ReceiveSync
                0x08000774       0xd0 ./Application/App/demo_sensor.o
 .text.ReceiveBeacon
                0x08000844      0x124 ./Application/App/demo_sensor.o
 .text.CadDone  0x08000968       0x6c ./Application/App/demo_sensor.o
 .text.ReceiveTimeout
                0x080009d4      0x12c ./Application/App/demo_sensor.o
 .text.Transmit
                0x08000b00      0x2fc ./Application/App/demo_sensor.o
 .text.ValidReceivedBeacon
                0x08000dfc      0x164 ./Application/App/demo_sensor.o
 .text.StartScanning
                0x08000f60       0x48 ./Application/App/demo_sensor.o
 .text.ProcessCodingChanges
                0x08000fa8      0x1cc ./Application/App/demo_sensor.o
 .text.ValidReceivedSync
                0x08001174      0x18c ./Application/App/demo_sensor.o
 .text.RxDone   0x08001300      0x11c ./Application/App/demo_sensor.o
 .text.SENS_Init
                0x0800141c      0x138 ./Application/App/demo_sensor.o
                0x0800141c                SENS_Init
 .text.SENS_WriteSensorData
                0x08001554       0x30 ./Application/App/demo_sensor.o
                0x08001554                SENS_WriteSensorData
 .text.SENS_GetState
                0x08001584        0xc ./Application/App/demo_sensor.o
                0x08001584                SENS_GetState
 .text.DEMO_WaitForFreeChannel
                0x08001590       0x6c ./Application/Common/demo_radio_utils.o
                0x08001590                DEMO_WaitForFreeChannel
 .text.DEMO_GetShaping
                0x080015fc       0x28 ./Application/Common/demo_radio_utils.o
                0x080015fc                DEMO_GetShaping
 .text.DEMO_GetRampUp
                0x08001624        0x8 ./Application/Common/demo_radio_utils.o
                0x08001624                DEMO_GetRampUp
 .text.DEMO_GetSpreadingFactor
                0x0800162c        0x8 ./Application/Common/demo_radio_utils.o
                0x0800162c                DEMO_GetSpreadingFactor
 .text.DEMO_GetBandwidth
                0x08001634       0x40 ./Application/Common/demo_radio_utils.o
                0x08001634                DEMO_GetBandwidth
 .text.DEMO_GetCoderate
                0x08001674        0x8 ./Application/Common/demo_radio_utils.o
                0x08001674                DEMO_GetCoderate
 .text.CheckLimits
                0x0800167c       0x12 ./Application/Common/demo_utils.o
 *fill*         0x0800168e        0x2 
 .text.DEMO_TimeOnAirLora
                0x08001690       0x78 ./Application/Common/demo_utils.o
                0x08001690                DEMO_TimeOnAirLora
 .text.DEMO_TimeOnAirFsk
                0x08001708       0x24 ./Application/Common/demo_utils.o
                0x08001708                DEMO_TimeOnAirFsk
 .text.DEMO_DefaultCoding
                0x0800172c       0x90 ./Application/Common/demo_utils.o
                0x0800172c                DEMO_DefaultCoding
 .text.DEMO_ValidateCodingHdr
                0x080017bc       0x2e ./Application/Common/demo_utils.o
                0x080017bc                DEMO_ValidateCodingHdr
 .text.DEMO_ValidateCodingLora
                0x080017ea       0x40 ./Application/Common/demo_utils.o
                0x080017ea                DEMO_ValidateCodingLora
 *fill*         0x0800182a        0x2 
 .text.DEMO_ValidateCodingFsk
                0x0800182c       0x80 ./Application/Common/demo_utils.o
                0x0800182c                DEMO_ValidateCodingFsk
 .text.DEMO_CountFreeSlots
                0x080018ac       0x18 ./Application/Common/demo_utils.o
                0x080018ac                DEMO_CountFreeSlots
 .text.DEMO_ChooseRandomSlot
                0x080018c4       0x3e ./Application/Common/demo_utils.o
                0x080018c4                DEMO_ChooseRandomSlot
 *fill*         0x08001902        0x2 
 .text.MX_ADC_Init
                0x08001904       0x58 ./Application/Core/adc.o
                0x08001904                MX_ADC_Init
 .text.HAL_ADC_MspInit
                0x0800195c       0x2c ./Application/Core/adc.o
                0x0800195c                HAL_ADC_MspInit
 .text.HAL_ADC_MspDeInit
                0x08001988       0x1c ./Application/Core/adc.o
                0x08001988                HAL_ADC_MspDeInit
 .text.ADC_ReadChannels
                0x080019a4       0x70 ./Application/Core/adc_if.o
 .text.SYS_InitMeasurement
                0x08001a14       0x10 ./Application/Core/adc_if.o
                0x08001a14                SYS_InitMeasurement
 .text.SYS_GetBatteryLevel
                0x08001a24       0x44 ./Application/Core/adc_if.o
                0x08001a24                SYS_GetBatteryLevel
 .text.SYS_GetTemperatureLevel
                0x08001a68       0xac ./Application/Core/adc_if.o
                0x08001a68                SYS_GetTemperatureLevel
 .text.MX_DMA_Init
                0x08001b14       0x42 ./Application/Core/dma.o
                0x08001b14                MX_DMA_Init
 *fill*         0x08001b56        0x2 
 .text.MX_GPIO_Init
                0x08001b58       0xc0 ./Application/Core/gpio.o
                0x08001b58                MX_GPIO_Init
 .text.LedsOff  0x08001c18       0x30 ./Application/Core/main.o
 .text.LedBlink
                0x08001c48      0x11c ./Application/Core/main.o
 .text.WriteDataCallback
                0x08001d64       0x30 ./Application/Core/main.o
 .text.Error_Handler
                0x08001d94        0x4 ./Application/Core/main.o
                0x08001d94                Error_Handler
 .text.SystemClock_Config
                0x08001d98       0x8e ./Application/Core/main.o
                0x08001d98                SystemClock_Config
 *fill*         0x08001e26        0x2 
 .text.main     0x08001e28       0x60 ./Application/Core/main.o
                0x08001e28                main
 .text.MX_RTC_Init
                0x08001e88       0x7c ./Application/Core/rtc.o
                0x08001e88                MX_RTC_Init
 .text.HAL_RTC_MspInit
                0x08001f04       0x80 ./Application/Core/rtc.o
                0x08001f04                HAL_RTC_MspInit
 .text.PWR_EnterOffMode
                0x08001f84        0x2 ./Application/Core/stm32_lpm_if.o
                0x08001f84                PWR_EnterOffMode
 .text.PWR_ExitOffMode
                0x08001f86        0x2 ./Application/Core/stm32_lpm_if.o
                0x08001f86                PWR_ExitOffMode
 .text.PWR_EnterStopMode
                0x08001f88       0x18 ./Application/Core/stm32_lpm_if.o
                0x08001f88                PWR_EnterStopMode
 .text.PWR_ExitSleepMode
                0x08001fa0        0x8 ./Application/Core/stm32_lpm_if.o
                0x08001fa0                PWR_ExitSleepMode
 .text.PWR_ExitStopMode
                0x08001fa8        0xc ./Application/Core/stm32_lpm_if.o
                0x08001fa8                PWR_ExitStopMode
 .text.PWR_EnterSleepMode
                0x08001fb4       0x10 ./Application/Core/stm32_lpm_if.o
                0x08001fb4                PWR_EnterSleepMode
 .text.HAL_MspInit
                0x08001fc4        0x2 ./Application/Core/stm32wlxx_hal_msp.o
                0x08001fc4                HAL_MspInit
 .text.NMI_Handler
                0x08001fc6        0x2 ./Application/Core/stm32wlxx_it.o
                0x08001fc6                NMI_Handler
 .text.HardFault_Handler
                0x08001fc8        0x2 ./Application/Core/stm32wlxx_it.o
                0x08001fc8                HardFault_Handler
 .text.MemManage_Handler
                0x08001fca        0x2 ./Application/Core/stm32wlxx_it.o
                0x08001fca                MemManage_Handler
 .text.BusFault_Handler
                0x08001fcc        0x2 ./Application/Core/stm32wlxx_it.o
                0x08001fcc                BusFault_Handler
 .text.UsageFault_Handler
                0x08001fce        0x2 ./Application/Core/stm32wlxx_it.o
                0x08001fce                UsageFault_Handler
 .text.SVC_Handler
                0x08001fd0        0x2 ./Application/Core/stm32wlxx_it.o
                0x08001fd0                SVC_Handler
 .text.DebugMon_Handler
                0x08001fd2        0x2 ./Application/Core/stm32wlxx_it.o
                0x08001fd2                DebugMon_Handler
 .text.PendSV_Handler
                0x08001fd4        0x2 ./Application/Core/stm32wlxx_it.o
                0x08001fd4                PendSV_Handler
 .text.SysTick_Handler
                0x08001fd6        0x2 ./Application/Core/stm32wlxx_it.o
                0x08001fd6                SysTick_Handler
 .text.TAMP_STAMP_LSECSS_SSRU_IRQHandler
                0x08001fd8       0x10 ./Application/Core/stm32wlxx_it.o
                0x08001fd8                TAMP_STAMP_LSECSS_SSRU_IRQHandler
 .text.DMA1_Channel5_IRQHandler
                0x08001fe8       0x10 ./Application/Core/stm32wlxx_it.o
                0x08001fe8                DMA1_Channel5_IRQHandler
 .text.LPUART1_IRQHandler
                0x08001ff8       0x10 ./Application/Core/stm32wlxx_it.o
                0x08001ff8                LPUART1_IRQHandler
 .text.RTC_Alarm_IRQHandler
                0x08002008       0x10 ./Application/Core/stm32wlxx_it.o
                0x08002008                RTC_Alarm_IRQHandler
 .text.SUBGHZ_Radio_IRQHandler
                0x08002018       0x10 ./Application/Core/stm32wlxx_it.o
                0x08002018                SUBGHZ_Radio_IRQHandler
 .text.MX_SUBGHZ_Init
                0x08002028       0x1c ./Application/Core/subghz.o
                0x08002028                MX_SUBGHZ_Init
 .text.HAL_SUBGHZ_MspInit
                0x08002044       0x30 ./Application/Core/subghz.o
                0x08002044                HAL_SUBGHZ_MspInit
 .text.tiny_snprintf_like
                0x08002074       0x1c ./Application/Core/sys_app.o
 .text.TimestampNow
                0x08002090       0x30 ./Application/Core/sys_app.o
 .text.SystemApp_Init
                0x080020c0       0x48 ./Application/Core/sys_app.o
                0x080020c0                SystemApp_Init
 .text.UTIL_SEQ_Idle
                0x08002108        0x8 ./Application/Core/sys_app.o
                0x08002108                UTIL_SEQ_Idle
 .text.UTIL_ADV_TRACE_PreSendHook
                0x08002110        0xc ./Application/Core/sys_app.o
                0x08002110                UTIL_ADV_TRACE_PreSendHook
 .text.UTIL_ADV_TRACE_PostSendHook
                0x0800211c        0xc ./Application/Core/sys_app.o
                0x0800211c                UTIL_ADV_TRACE_PostSendHook
 .text.HAL_InitTick
                0x08002128        0x4 ./Application/Core/sys_app.o
                0x08002128                HAL_InitTick
 .text.HAL_GetTick
                0x0800212c       0x18 ./Application/Core/sys_app.o
                0x0800212c                HAL_GetTick
 .text.HAL_Delay
                0x08002144       0x12 ./Application/Core/sys_app.o
                0x08002144                HAL_Delay
 *fill*         0x08002156        0x2 
 .text.DBG_Init
                0x08002158       0xb8 ./Application/Core/sys_debug.o
                0x08002158                DBG_Init
 .text._sbrk    0x08002210       0x48 ./Application/Core/sysmem.o
                0x08002210                _sbrk
 .text.TIMER_IF_SetTimerContext
                0x08002258       0x24 ./Application/Core/timer_if.o
                0x08002258                TIMER_IF_SetTimerContext
 .text.TIMER_IF_GetTimerContext
                0x0800227c        0xc ./Application/Core/timer_if.o
                0x0800227c                TIMER_IF_GetTimerContext
 .text.TIMER_IF_GetTimerElapsedTime
                0x08002288       0x24 ./Application/Core/timer_if.o
                0x08002288                TIMER_IF_GetTimerElapsedTime
 .text.TIMER_IF_GetTimerValue
                0x080022ac       0x28 ./Application/Core/timer_if.o
                0x080022ac                TIMER_IF_GetTimerValue
 .text.TIMER_IF_GetMinimumTimeout
                0x080022d4        0x4 ./Application/Core/timer_if.o
                0x080022d4                TIMER_IF_GetMinimumTimeout
 .text.TIMER_IF_Convert_ms2Tick
                0x080022d8       0x14 ./Application/Core/timer_if.o
                0x080022d8                TIMER_IF_Convert_ms2Tick
 .text.TIMER_IF_Convert_Tick2ms
                0x080022ec       0x28 ./Application/Core/timer_if.o
                0x080022ec                TIMER_IF_Convert_Tick2ms
 .text.TIMER_IF_StopTimer
                0x08002314       0x28 ./Application/Core/timer_if.o
                0x08002314                TIMER_IF_StopTimer
 .text.TIMER_IF_BkUp_Write_MSBticks
                0x0800233c       0x14 ./Application/Core/timer_if.o
 .text.TIMER_IF_Init
                0x08002350       0x48 ./Application/Core/timer_if.o
                0x08002350                TIMER_IF_Init
 .text.TIMER_IF_BkUp_Write_Seconds
                0x08002398       0x14 ./Application/Core/timer_if.o
                0x08002398                TIMER_IF_BkUp_Write_Seconds
 .text.TIMER_IF_BkUp_Write_SubSeconds
                0x080023ac       0x14 ./Application/Core/timer_if.o
                0x080023ac                TIMER_IF_BkUp_Write_SubSeconds
 .text.TIMER_IF_StartTimer
                0x080023c0       0x50 ./Application/Core/timer_if.o
                0x080023c0                TIMER_IF_StartTimer
 .text.TIMER_IF_BkUp_Read_MSBticks
                0x08002410       0x10 ./Application/Core/timer_if.o
 .text.TIMER_IF_GetTime
                0x08002420       0x38 ./Application/Core/timer_if.o
                0x08002420                TIMER_IF_GetTime
 .text.TIMER_IF_BkUp_Read_Seconds
                0x08002458       0x10 ./Application/Core/timer_if.o
                0x08002458                TIMER_IF_BkUp_Read_Seconds
 .text.TIMER_IF_BkUp_Read_SubSeconds
                0x08002468       0x10 ./Application/Core/timer_if.o
                0x08002468                TIMER_IF_BkUp_Read_SubSeconds
 .text.TIMER_IF_DelayMs
                0x08002478       0x40 ./Application/Core/timer_if.o
                0x08002478                TIMER_IF_DelayMs
 .text.HAL_RTC_AlarmAEventCallback
                0x080024b8        0x8 ./Application/Core/timer_if.o
                0x080024b8                HAL_RTC_AlarmAEventCallback
 .text.HAL_RTCEx_SSRUEventCallback
                0x080024c0        0xe ./Application/Core/timer_if.o
                0x080024c0                HAL_RTCEx_SSRUEventCallback
 *fill*         0x080024ce        0x2 
 .text.MX_LPUART1_UART_Init
                0x080024d0       0x6c ./Application/Core/usart.o
                0x080024d0                MX_LPUART1_UART_Init
 .text.HAL_UART_MspInit
                0x0800253c       0xe4 ./Application/Core/usart.o
                0x0800253c                HAL_UART_MspInit
 .text.HAL_UART_MspDeInit
                0x08002620       0x38 ./Application/Core/usart.o
                0x08002620                HAL_UART_MspDeInit
 .text.vcom_Init
                0x08002658       0x28 ./Application/Core/usart_if.o
                0x08002658                vcom_Init
 .text.vcom_DeInit
                0x08002680       0x2c ./Application/Core/usart_if.o
                0x08002680                vcom_DeInit
 .text.vcom_Trace_DMA
                0x080026ac       0x14 ./Application/Core/usart_if.o
                0x080026ac                vcom_Trace_DMA
 .text.vcom_ReceiveInit
                0x080026c0       0x5c ./Application/Core/usart_if.o
                0x080026c0                vcom_ReceiveInit
 .text.vcom_Resume
                0x0800271c       0x18 ./Application/Core/usart_if.o
                0x0800271c                vcom_Resume
 .text.HAL_UART_TxCpltCallback
                0x08002734       0x20 ./Application/Core/usart_if.o
                0x08002734                HAL_UART_TxCpltCallback
 .text.HAL_UART_RxCpltCallback
                0x08002754       0x38 ./Application/Core/usart_if.o
                0x08002754                HAL_UART_RxCpltCallback
 .text.Reset_Handler
                0x0800278c       0x50 ./Application/Startup/startup_stm32wl55xx_cm4.o
                0x0800278c                Reset_Handler
 .text.Default_Handler
                0x080027dc        0x2 ./Application/Startup/startup_stm32wl55xx_cm4.o
                0x080027dc                EXTI2_IRQHandler
                0x080027dc                TIM1_CC_IRQHandler
                0x080027dc                EXTI3_IRQHandler
                0x080027dc                LPTIM2_IRQHandler
                0x080027dc                I2C3_ER_IRQHandler
                0x080027dc                LPTIM3_IRQHandler
                0x080027dc                EXTI0_IRQHandler
                0x080027dc                I2C2_EV_IRQHandler
                0x080027dc                SPI1_IRQHandler
                0x080027dc                DMA2_Channel2_IRQHandler
                0x080027dc                DMA1_Channel4_IRQHandler
                0x080027dc                PKA_IRQHandler
                0x080027dc                TIM17_IRQHandler
                0x080027dc                DMA1_Channel7_IRQHandler
                0x080027dc                SUBGHZSPI_IRQHandler
                0x080027dc                IPCC_C1_TX_IRQHandler
                0x080027dc                DMA2_Channel1_IRQHandler
                0x080027dc                I2C1_EV_IRQHandler
                0x080027dc                DMAMUX1_OVR_IRQHandler
                0x080027dc                DMA1_Channel6_IRQHandler
                0x080027dc                TIM16_IRQHandler
                0x080027dc                DMA2_Channel4_IRQHandler
                0x080027dc                RCC_IRQHandler
                0x080027dc                TIM1_TRG_COM_IRQHandler
                0x080027dc                DMA1_Channel1_IRQHandler
                0x080027dc                Default_Handler
                0x080027dc                DMA2_Channel7_IRQHandler
                0x080027dc                EXTI15_10_IRQHandler
                0x080027dc                IPCC_C1_RX_IRQHandler
                0x080027dc                ADC_IRQHandler
                0x080027dc                C2SEV_PWR_C2H_IRQHandler
                0x080027dc                I2C3_EV_IRQHandler
                0x080027dc                EXTI9_5_IRQHandler
                0x080027dc                RTC_WKUP_IRQHandler
                0x080027dc                PVD_PVM_IRQHandler
                0x080027dc                SPI2_IRQHandler
                0x080027dc                DMA2_Channel5_IRQHandler
                0x080027dc                EXTI4_IRQHandler
                0x080027dc                RNG_IRQHandler
                0x080027dc                DMA1_Channel3_IRQHandler
                0x080027dc                COMP_IRQHandler
                0x080027dc                HSEM_IRQHandler
                0x080027dc                TIM1_UP_IRQHandler
                0x080027dc                WWDG_IRQHandler
                0x080027dc                DMA2_Channel6_IRQHandler
                0x080027dc                TIM2_IRQHandler
                0x080027dc                TIM1_BRK_IRQHandler
                0x080027dc                DAC_IRQHandler
                0x080027dc                EXTI1_IRQHandler
                0x080027dc                AES_IRQHandler
                0x080027dc                USART2_IRQHandler
                0x080027dc                I2C2_ER_IRQHandler
                0x080027dc                DMA1_Channel2_IRQHandler
                0x080027dc                FLASH_IRQHandler
                0x080027dc                USART1_IRQHandler
                0x080027dc                I2C1_ER_IRQHandler
                0x080027dc                LPTIM1_IRQHandler
                0x080027dc                DMA2_Channel3_IRQHandler
 .text.RBI_Init
                0x080027de        0x8 ./Application/Target/radio_board_if.o
                0x080027de                RBI_Init
 .text.RBI_ConfigRFSwitch
                0x080027e6        0x8 ./Application/Target/radio_board_if.o
                0x080027e6                RBI_ConfigRFSwitch
 .text.RBI_GetTxConfig
                0x080027ee        0x8 ./Application/Target/radio_board_if.o
                0x080027ee                RBI_GetTxConfig
 .text.RBI_IsTCXO
                0x080027f6        0x8 ./Application/Target/radio_board_if.o
                0x080027f6                RBI_IsTCXO
 .text.RBI_IsDCDC
                0x080027fe        0x8 ./Application/Target/radio_board_if.o
                0x080027fe                RBI_IsDCDC
 .text.RBI_GetRFOMaxPowerConfig
                0x08002806        0x8 ./Application/Target/radio_board_if.o
                0x08002806                RBI_GetRFOMaxPowerConfig
 .text.SystemInit
                0x0800280e        0x2 ./Drivers/CMSIS/system_stm32wlxx.o
                0x0800280e                SystemInit
 .text.HAL_Init
                0x08002810       0x2c ./Drivers/STM32WLxx_HAL_Driver/stm32wlxx_hal.o
                0x08002810                HAL_Init
 .text.HAL_SuspendTick
                0x0800283c        0xe ./Drivers/STM32WLxx_HAL_Driver/stm32wlxx_hal.o
                0x0800283c                HAL_SuspendTick
 .text.HAL_ResumeTick
                0x0800284a        0xe ./Drivers/STM32WLxx_HAL_Driver/stm32wlxx_hal.o
                0x0800284a                HAL_ResumeTick
 .text.HAL_DBGMCU_DisableDBGSleepMode
                0x08002858       0x10 ./Drivers/STM32WLxx_HAL_Driver/stm32wlxx_hal.o
                0x08002858                HAL_DBGMCU_DisableDBGSleepMode
 .text.HAL_DBGMCU_DisableDBGStopMode
                0x08002868       0x10 ./Drivers/STM32WLxx_HAL_Driver/stm32wlxx_hal.o
                0x08002868                HAL_DBGMCU_DisableDBGStopMode
 .text.HAL_DBGMCU_DisableDBGStandbyMode
                0x08002878       0x10 ./Drivers/STM32WLxx_HAL_Driver/stm32wlxx_hal.o
                0x08002878                HAL_DBGMCU_DisableDBGStandbyMode
 .text.HAL_ADC_Init
                0x08002888      0x230 ./Drivers/STM32WLxx_HAL_Driver/stm32wlxx_hal_adc.o
                0x08002888                HAL_ADC_Init
 .text.HAL_ADC_PollForConversion
                0x08002ab8       0xbe ./Drivers/STM32WLxx_HAL_Driver/stm32wlxx_hal_adc.o
                0x08002ab8                HAL_ADC_PollForConversion
 .text.HAL_ADC_GetValue
                0x08002b76        0x6 ./Drivers/STM32WLxx_HAL_Driver/stm32wlxx_hal_adc.o
                0x08002b76                HAL_ADC_GetValue
 .text.HAL_ADC_ConfigChannel
                0x08002b7c      0x23c ./Drivers/STM32WLxx_HAL_Driver/stm32wlxx_hal_adc.o
                0x08002b7c                HAL_ADC_ConfigChannel
 .text.ADC_ConversionStop
                0x08002db8       0x66 ./Drivers/STM32WLxx_HAL_Driver/stm32wlxx_hal_adc.o
                0x08002db8                ADC_ConversionStop
 *fill*         0x08002e1e        0x2 
 .text.ADC_Enable
                0x08002e20       0xe0 ./Drivers/STM32WLxx_HAL_Driver/stm32wlxx_hal_adc.o
                0x08002e20                ADC_Enable
 .text.HAL_ADC_Start
                0x08002f00       0x64 ./Drivers/STM32WLxx_HAL_Driver/stm32wlxx_hal_adc.o
                0x08002f00                HAL_ADC_Start
 .text.ADC_Disable
                0x08002f64       0x94 ./Drivers/STM32WLxx_HAL_Driver/stm32wlxx_hal_adc.o
                0x08002f64                ADC_Disable
 .text.HAL_ADC_DeInit
                0x08002ff8       0xc0 ./Drivers/STM32WLxx_HAL_Driver/stm32wlxx_hal_adc.o
                0x08002ff8                HAL_ADC_DeInit
 .text.HAL_ADC_Stop
                0x080030b8       0x40 ./Drivers/STM32WLxx_HAL_Driver/stm32wlxx_hal_adc.o
                0x080030b8                HAL_ADC_Stop
 .text.HAL_ADCEx_Calibration_Start
                0x080030f8      0x13e ./Drivers/STM32WLxx_HAL_Driver/stm32wlxx_hal_adc_ex.o
                0x080030f8                HAL_ADCEx_Calibration_Start
 *fill*         0x08003236        0x2 
 .text.__NVIC_EnableIRQ
                0x08003238       0x1c ./Drivers/STM32WLxx_HAL_Driver/stm32wlxx_hal_cortex.o
 .text.__NVIC_DisableIRQ
                0x08003254       0x24 ./Drivers/STM32WLxx_HAL_Driver/stm32wlxx_hal_cortex.o
 .text.__NVIC_SetPriority
                0x08003278       0x28 ./Drivers/STM32WLxx_HAL_Driver/stm32wlxx_hal_cortex.o
 .text.NVIC_EncodePriority
                0x080032a0       0x3e ./Drivers/STM32WLxx_HAL_Driver/stm32wlxx_hal_cortex.o
 *fill*         0x080032de        0x2 
 .text.HAL_NVIC_SetPriorityGrouping
                0x080032e0       0x24 ./Drivers/STM32WLxx_HAL_Driver/stm32wlxx_hal_cortex.o
                0x080032e0                HAL_NVIC_SetPriorityGrouping
 .text.HAL_NVIC_SetPriority
                0x08003304       0x20 ./Drivers/STM32WLxx_HAL_Driver/stm32wlxx_hal_cortex.o
                0x08003304                HAL_NVIC_SetPriority
 .text.HAL_NVIC_EnableIRQ
                0x08003324        0x8 ./Drivers/STM32WLxx_HAL_Driver/stm32wlxx_hal_cortex.o
                0x08003324                HAL_NVIC_EnableIRQ
 .text.HAL_NVIC_DisableIRQ
                0x0800332c        0x8 ./Drivers/STM32WLxx_HAL_Driver/stm32wlxx_hal_cortex.o
                0x0800332c                HAL_NVIC_DisableIRQ
 .text.DMA_SetConfig
                0x08003334       0x4e ./Drivers/STM32WLxx_HAL_Driver/stm32wlxx_hal_dma.o
 *fill*         0x08003382        0x2 
 .text.DMA_CalcDMAMUXChannelBaseAndMask
                0x08003384       0x64 ./Drivers/STM32WLxx_HAL_Driver/stm32wlxx_hal_dma.o
 .text.DMA_CalcDMAMUXRequestGenBaseAndMask
                0x080033e8       0x2c ./Drivers/STM32WLxx_HAL_Driver/stm32wlxx_hal_dma.o
 .text.HAL_DMA_Init
                0x08003414       0xe4 ./Drivers/STM32WLxx_HAL_Driver/stm32wlxx_hal_dma.o
                0x08003414                HAL_DMA_Init
 .text.HAL_DMA_DeInit
                0x080034f8       0xb8 ./Drivers/STM32WLxx_HAL_Driver/stm32wlxx_hal_dma.o
                0x080034f8                HAL_DMA_DeInit
 .text.HAL_DMA_Start_IT
                0x080035b0       0x98 ./Drivers/STM32WLxx_HAL_Driver/stm32wlxx_hal_dma.o
                0x080035b0                HAL_DMA_Start_IT
 .text.HAL_DMA_Abort
                0x08003648       0x74 ./Drivers/STM32WLxx_HAL_Driver/stm32wlxx_hal_dma.o
                0x08003648                HAL_DMA_Abort
 .text.HAL_DMA_Abort_IT
                0x080036bc       0x72 ./Drivers/STM32WLxx_HAL_Driver/stm32wlxx_hal_dma.o
                0x080036bc                HAL_DMA_Abort_IT
 *fill*         0x0800372e        0x2 
 .text.HAL_DMA_IRQHandler
                0x08003730       0xe8 ./Drivers/STM32WLxx_HAL_Driver/stm32wlxx_hal_dma.o
                0x08003730                HAL_DMA_IRQHandler
 .text.HAL_DMA_ConfigChannelAttributes
                0x08003818       0x26 ./Drivers/STM32WLxx_HAL_Driver/stm32wlxx_hal_dma.o
                0x08003818                HAL_DMA_ConfigChannelAttributes
 *fill*         0x0800383e        0x2 
 .text.HAL_GPIO_Init
                0x08003840      0x1a4 ./Drivers/STM32WLxx_HAL_Driver/stm32wlxx_hal_gpio.o
                0x08003840                HAL_GPIO_Init
 .text.HAL_GPIO_DeInit
                0x080039e4       0xfc ./Drivers/STM32WLxx_HAL_Driver/stm32wlxx_hal_gpio.o
                0x080039e4                HAL_GPIO_DeInit
 .text.HAL_GPIO_WritePin
                0x08003ae0        0xa ./Drivers/STM32WLxx_HAL_Driver/stm32wlxx_hal_gpio.o
                0x08003ae0                HAL_GPIO_WritePin
 .text.HAL_GPIO_TogglePin
                0x08003aea       0x12 ./Drivers/STM32WLxx_HAL_Driver/stm32wlxx_hal_gpio.o
                0x08003aea                HAL_GPIO_TogglePin
 .text.HAL_PWR_EnableBkUpAccess
                0x08003afc       0x10 ./Drivers/STM32WLxx_HAL_Driver/stm32wlxx_hal_pwr.o
                0x08003afc                HAL_PWR_EnableBkUpAccess
 .text.HAL_PWR_EnterSLEEPMode
                0x08003b0c       0x4c ./Drivers/STM32WLxx_HAL_Driver/stm32wlxx_hal_pwr.o
                0x08003b0c                HAL_PWR_EnterSLEEPMode
 .text.HAL_PWREx_GetVoltageRange
                0x08003b58       0x10 ./Drivers/STM32WLxx_HAL_Driver/stm32wlxx_hal_pwr_ex.o
                0x08003b58                HAL_PWREx_GetVoltageRange
 .text.HAL_PWREx_EnableLowPowerRunMode
                0x08003b68       0x10 ./Drivers/STM32WLxx_HAL_Driver/stm32wlxx_hal_pwr_ex.o
                0x08003b68                HAL_PWREx_EnableLowPowerRunMode
 .text.HAL_PWREx_DisableLowPowerRunMode
                0x08003b78       0x4c ./Drivers/STM32WLxx_HAL_Driver/stm32wlxx_hal_pwr_ex.o
                0x08003b78                HAL_PWREx_DisableLowPowerRunMode
 .text.HAL_PWREx_EnterSTOP2Mode
                0x08003bc4       0x3c ./Drivers/STM32WLxx_HAL_Driver/stm32wlxx_hal_pwr_ex.o
                0x08003bc4                HAL_PWREx_EnterSTOP2Mode
 .text.RCC_SetFlashLatency
                0x08003c00       0xbc ./Drivers/STM32WLxx_HAL_Driver/stm32wlxx_hal_rcc.o
 .text.RCC_SetFlashLatencyFromMSIRange
                0x08003cbc       0x44 ./Drivers/STM32WLxx_HAL_Driver/stm32wlxx_hal_rcc.o
 .text.HAL_RCC_GetSysClockFreq
                0x08003d00      0x110 ./Drivers/STM32WLxx_HAL_Driver/stm32wlxx_hal_rcc.o
                0x08003d00                HAL_RCC_GetSysClockFreq
 .text.HAL_RCC_GetHCLKFreq
                0x08003e10       0x20 ./Drivers/STM32WLxx_HAL_Driver/stm32wlxx_hal_rcc.o
                0x08003e10                HAL_RCC_GetHCLKFreq
 .text.HAL_RCC_OscConfig
                0x08003e30      0x664 ./Drivers/STM32WLxx_HAL_Driver/stm32wlxx_hal_rcc.o
                0x08003e30                HAL_RCC_OscConfig
 .text.HAL_RCC_ClockConfig
                0x08004494      0x268 ./Drivers/STM32WLxx_HAL_Driver/stm32wlxx_hal_rcc.o
                0x08004494                HAL_RCC_ClockConfig
 .text.HAL_RCC_GetPCLK1Freq
                0x080046fc       0x20 ./Drivers/STM32WLxx_HAL_Driver/stm32wlxx_hal_rcc.o
                0x080046fc                HAL_RCC_GetPCLK1Freq
 .text.HAL_RCC_GetPCLK2Freq
                0x0800471c       0x20 ./Drivers/STM32WLxx_HAL_Driver/stm32wlxx_hal_rcc.o
                0x0800471c                HAL_RCC_GetPCLK2Freq
 .text.LL_RCC_SetI2CClockSource
                0x0800473c       0x20 ./Drivers/STM32WLxx_HAL_Driver/stm32wlxx_hal_rcc_ex.o
 .text.HAL_RCCEx_PeriphCLKConfig
                0x0800475c      0x244 ./Drivers/STM32WLxx_HAL_Driver/stm32wlxx_hal_rcc_ex.o
                0x0800475c                HAL_RCCEx_PeriphCLKConfig
 .text.HAL_RTC_DeactivateAlarm
                0x080049a0       0x80 ./Drivers/STM32WLxx_HAL_Driver/stm32wlxx_hal_rtc.o
                0x080049a0                HAL_RTC_DeactivateAlarm
 .text.HAL_RTC_AlarmIRQHandler
                0x08004a20       0x40 ./Drivers/STM32WLxx_HAL_Driver/stm32wlxx_hal_rtc.o
                0x08004a20                HAL_RTC_AlarmIRQHandler
 .text.HAL_RTC_WaitForSynchro
                0x08004a60       0x34 ./Drivers/STM32WLxx_HAL_Driver/stm32wlxx_hal_rtc.o
                0x08004a60                HAL_RTC_WaitForSynchro
 .text.RTC_EnterInitMode
                0x08004a94       0x4c ./Drivers/STM32WLxx_HAL_Driver/stm32wlxx_hal_rtc.o
                0x08004a94                RTC_EnterInitMode
 .text.RTC_ExitInitMode
                0x08004ae0       0x4c ./Drivers/STM32WLxx_HAL_Driver/stm32wlxx_hal_rtc.o
                0x08004ae0                RTC_ExitInitMode
 .text.HAL_RTC_Init
                0x08004b2c       0xb8 ./Drivers/STM32WLxx_HAL_Driver/stm32wlxx_hal_rtc.o
                0x08004b2c                HAL_RTC_Init
 .text.RTC_ByteToBcd2
                0x08004be4       0x16 ./Drivers/STM32WLxx_HAL_Driver/stm32wlxx_hal_rtc.o
                0x08004be4                RTC_ByteToBcd2
 *fill*         0x08004bfa        0x2 
 .text.HAL_RTC_SetAlarm_IT
                0x08004bfc      0x178 ./Drivers/STM32WLxx_HAL_Driver/stm32wlxx_hal_rtc.o
                0x08004bfc                HAL_RTC_SetAlarm_IT
 .text.HAL_RTCEx_EnableBypassShadow
                0x08004d74       0x40 ./Drivers/STM32WLxx_HAL_Driver/stm32wlxx_hal_rtc_ex.o
                0x08004d74                HAL_RTCEx_EnableBypassShadow
 .text.HAL_RTCEx_SetSSRU_IT
                0x08004db4       0x58 ./Drivers/STM32WLxx_HAL_Driver/stm32wlxx_hal_rtc_ex.o
                0x08004db4                HAL_RTCEx_SetSSRU_IT
 .text.HAL_RTCEx_SSRUIRQHandler
                0x08004e0c       0x28 ./Drivers/STM32WLxx_HAL_Driver/stm32wlxx_hal_rtc_ex.o
                0x08004e0c                HAL_RTCEx_SSRUIRQHandler
 .text.HAL_RTCEx_AlarmBEventCallback
                0x08004e34        0x2 ./Drivers/STM32WLxx_HAL_Driver/stm32wlxx_hal_rtc_ex.o
                0x08004e34                HAL_RTCEx_AlarmBEventCallback
 .text.HAL_RTCEx_BKUPWrite
                0x08004e36        0xe ./Drivers/STM32WLxx_HAL_Driver/stm32wlxx_hal_rtc_ex.o
                0x08004e36                HAL_RTCEx_BKUPWrite
 .text.HAL_RTCEx_BKUPRead
                0x08004e44        0xe ./Drivers/STM32WLxx_HAL_Driver/stm32wlxx_hal_rtc_ex.o
                0x08004e44                HAL_RTCEx_BKUPRead
 *fill*         0x08004e52        0x2 
 .text.SUBGHZSPI_Init
                0x08004e54       0x24 ./Drivers/STM32WLxx_HAL_Driver/stm32wlxx_hal_subghz.o
                0x08004e54                SUBGHZSPI_Init
 .text.HAL_SUBGHZ_Init
                0x08004e78       0xd4 ./Drivers/STM32WLxx_HAL_Driver/stm32wlxx_hal_subghz.o
                0x08004e78                HAL_SUBGHZ_Init
 .text.SUBGHZSPI_Transmit
                0x08004f4c       0x78 ./Drivers/STM32WLxx_HAL_Driver/stm32wlxx_hal_subghz.o
                0x08004f4c                SUBGHZSPI_Transmit
 .text.SUBGHZSPI_Receive
                0x08004fc4       0x80 ./Drivers/STM32WLxx_HAL_Driver/stm32wlxx_hal_subghz.o
                0x08004fc4                SUBGHZSPI_Receive
 .text.SUBGHZ_WaitOnBusy
                0x08005044       0x58 ./Drivers/STM32WLxx_HAL_Driver/stm32wlxx_hal_subghz.o
                0x08005044                SUBGHZ_WaitOnBusy
 .text.SUBGHZ_CheckDeviceReady
                0x0800509c       0x54 ./Drivers/STM32WLxx_HAL_Driver/stm32wlxx_hal_subghz.o
                0x0800509c                SUBGHZ_CheckDeviceReady
 .text.HAL_SUBGHZ_WriteRegisters
                0x080050f0       0xa0 ./Drivers/STM32WLxx_HAL_Driver/stm32wlxx_hal_subghz.o
                0x080050f0                HAL_SUBGHZ_WriteRegisters
 .text.HAL_SUBGHZ_ReadRegisters
                0x08005190       0xa8 ./Drivers/STM32WLxx_HAL_Driver/stm32wlxx_hal_subghz.o
                0x08005190                HAL_SUBGHZ_ReadRegisters
 .text.HAL_SUBGHZ_ExecSetCmd
                0x08005238       0xac ./Drivers/STM32WLxx_HAL_Driver/stm32wlxx_hal_subghz.o
                0x08005238                HAL_SUBGHZ_ExecSetCmd
 .text.HAL_SUBGHZ_ExecGetCmd
                0x080052e4       0x98 ./Drivers/STM32WLxx_HAL_Driver/stm32wlxx_hal_subghz.o
                0x080052e4                HAL_SUBGHZ_ExecGetCmd
 .text.HAL_SUBGHZ_IRQHandler
                0x0800537c       0xd0 ./Drivers/STM32WLxx_HAL_Driver/stm32wlxx_hal_subghz.o
                0x0800537c                HAL_SUBGHZ_IRQHandler
 .text.HAL_SUBGHZ_WriteBuffer
                0x0800544c       0x94 ./Drivers/STM32WLxx_HAL_Driver/stm32wlxx_hal_subghz.o
                0x0800544c                HAL_SUBGHZ_WriteBuffer
 .text.HAL_SUBGHZ_ReadBuffer
                0x080054e0       0xa0 ./Drivers/STM32WLxx_HAL_Driver/stm32wlxx_hal_subghz.o
                0x080054e0                HAL_SUBGHZ_ReadBuffer
 .text.UART_EndTxTransfer
                0x08005580       0x32 ./Drivers/STM32WLxx_HAL_Driver/stm32wlxx_hal_uart.o
 .text.UART_EndRxTransfer
                0x080055b2       0x56 ./Drivers/STM32WLxx_HAL_Driver/stm32wlxx_hal_uart.o
 .text.HAL_UART_Transmit_DMA
                0x08005608       0xa0 ./Drivers/STM32WLxx_HAL_Driver/stm32wlxx_hal_uart.o
                0x08005608                HAL_UART_Transmit_DMA
 .text.UART_DMATransmitCplt
                0x080056a8       0x48 ./Drivers/STM32WLxx_HAL_Driver/stm32wlxx_hal_uart.o
 .text.UART_EndTransmit_IT
                0x080056f0       0x24 ./Drivers/STM32WLxx_HAL_Driver/stm32wlxx_hal_uart.o
 .text.HAL_UART_TxHalfCpltCallback
                0x08005714        0x2 ./Drivers/STM32WLxx_HAL_Driver/stm32wlxx_hal_uart.o
                0x08005714                HAL_UART_TxHalfCpltCallback
 .text.UART_DMATxHalfCplt
                0x08005716        0xa ./Drivers/STM32WLxx_HAL_Driver/stm32wlxx_hal_uart.o
 .text.HAL_UART_ErrorCallback
                0x08005720        0x2 ./Drivers/STM32WLxx_HAL_Driver/stm32wlxx_hal_uart.o
                0x08005720                HAL_UART_ErrorCallback
 .text.UART_DMAError
                0x08005722       0x58 ./Drivers/STM32WLxx_HAL_Driver/stm32wlxx_hal_uart.o
 .text.UART_DMAAbortOnError
                0x0800577a       0x14 ./Drivers/STM32WLxx_HAL_Driver/stm32wlxx_hal_uart.o
 .text.HAL_UARTEx_RxEventCallback
                0x0800578e        0x2 ./Drivers/STM32WLxx_HAL_Driver/stm32wlxx_hal_uart.o
                0x0800578e                HAL_UARTEx_RxEventCallback
 .text.HAL_UART_IRQHandler
                0x08005790      0x344 ./Drivers/STM32WLxx_HAL_Driver/stm32wlxx_hal_uart.o
                0x08005790                HAL_UART_IRQHandler
 .text.UART_RxISR_8BIT
                0x08005ad4       0xdc ./Drivers/STM32WLxx_HAL_Driver/stm32wlxx_hal_uart.o
 .text.UART_RxISR_16BIT
                0x08005bb0       0xd8 ./Drivers/STM32WLxx_HAL_Driver/stm32wlxx_hal_uart.o
 .text.UART_RxISR_8BIT_FIFOEN
                0x08005c88      0x1cc ./Drivers/STM32WLxx_HAL_Driver/stm32wlxx_hal_uart.o
 .text.UART_RxISR_16BIT_FIFOEN
                0x08005e54      0x1c8 ./Drivers/STM32WLxx_HAL_Driver/stm32wlxx_hal_uart.o
 .text.UART_SetConfig
                0x0800601c      0x2cc ./Drivers/STM32WLxx_HAL_Driver/stm32wlxx_hal_uart.o
                0x0800601c                UART_SetConfig
 .text.UART_AdvFeatureConfig
                0x080062e8       0xca ./Drivers/STM32WLxx_HAL_Driver/stm32wlxx_hal_uart.o
                0x080062e8                UART_AdvFeatureConfig
 .text.UART_WaitOnFlagUntilTimeout
                0x080063b2       0xd8 ./Drivers/STM32WLxx_HAL_Driver/stm32wlxx_hal_uart.o
                0x080063b2                UART_WaitOnFlagUntilTimeout
 .text.UART_CheckIdleState
                0x0800648a       0x76 ./Drivers/STM32WLxx_HAL_Driver/stm32wlxx_hal_uart.o
                0x0800648a                UART_CheckIdleState
 .text.HAL_UART_Init
                0x08006500       0x66 ./Drivers/STM32WLxx_HAL_Driver/stm32wlxx_hal_uart.o
                0x08006500                HAL_UART_Init
 *fill*         0x08006566        0x2 
 .text.UART_Start_Receive_IT
                0x08006568      0x13c ./Drivers/STM32WLxx_HAL_Driver/stm32wlxx_hal_uart.o
                0x08006568                UART_Start_Receive_IT
 .text.HAL_UART_Receive_IT
                0x080066a4       0x4c ./Drivers/STM32WLxx_HAL_Driver/stm32wlxx_hal_uart.o
                0x080066a4                HAL_UART_Receive_IT
 .text.UARTEx_Wakeup_AddressConfig
                0x080066f0       0x2e ./Drivers/STM32WLxx_HAL_Driver/stm32wlxx_hal_uart_ex.o
 *fill*         0x0800671e        0x2 
 .text.UARTEx_SetNbDataToProcess
                0x08006720       0x4c ./Drivers/STM32WLxx_HAL_Driver/stm32wlxx_hal_uart_ex.o
 .text.HAL_UARTEx_WakeupCallback
                0x0800676c        0x2 ./Drivers/STM32WLxx_HAL_Driver/stm32wlxx_hal_uart_ex.o
                0x0800676c                HAL_UARTEx_WakeupCallback
 .text.HAL_UARTEx_RxFifoFullCallback
                0x0800676e        0x2 ./Drivers/STM32WLxx_HAL_Driver/stm32wlxx_hal_uart_ex.o
                0x0800676e                HAL_UARTEx_RxFifoFullCallback
 .text.HAL_UARTEx_TxFifoEmptyCallback
                0x08006770        0x2 ./Drivers/STM32WLxx_HAL_Driver/stm32wlxx_hal_uart_ex.o
                0x08006770                HAL_UARTEx_TxFifoEmptyCallback
 .text.HAL_UARTEx_StopModeWakeUpSourceConfig
                0x08006772       0x82 ./Drivers/STM32WLxx_HAL_Driver/stm32wlxx_hal_uart_ex.o
                0x08006772                HAL_UARTEx_StopModeWakeUpSourceConfig
 .text.HAL_UARTEx_EnableStopMode
                0x080067f4       0x2e ./Drivers/STM32WLxx_HAL_Driver/stm32wlxx_hal_uart_ex.o
                0x080067f4                HAL_UARTEx_EnableStopMode
 .text.HAL_UARTEx_EnableFifoMode
                0x08006822       0x48 ./Drivers/STM32WLxx_HAL_Driver/stm32wlxx_hal_uart_ex.o
                0x08006822                HAL_UARTEx_EnableFifoMode
 .text.HAL_UARTEx_SetTxFifoThreshold
                0x0800686a       0x4a ./Drivers/STM32WLxx_HAL_Driver/stm32wlxx_hal_uart_ex.o
                0x0800686a                HAL_UARTEx_SetTxFifoThreshold
 .text.HAL_UARTEx_SetRxFifoThreshold
                0x080068b4       0x4a ./Drivers/STM32WLxx_HAL_Driver/stm32wlxx_hal_uart_ex.o
                0x080068b4                HAL_UARTEx_SetRxFifoThreshold
 *fill*         0x080068fe        0x2 
 .text.BSP_RADIO_Init
                0x08006900       0x84 ./Drivers/STM32WLxx_Nucleo/stm32wlxx_nucleo_radio.o
                0x08006900                BSP_RADIO_Init
 .text.BSP_RADIO_ConfigRFSwitch
                0x08006984       0x9c ./Drivers/STM32WLxx_Nucleo/stm32wlxx_nucleo_radio.o
                0x08006984                BSP_RADIO_ConfigRFSwitch
 .text.BSP_RADIO_GetTxConfig
                0x08006a20        0x4 ./Drivers/STM32WLxx_Nucleo/stm32wlxx_nucleo_radio.o
                0x08006a20                BSP_RADIO_GetTxConfig
 .text.BSP_RADIO_IsTCXO
                0x08006a24        0x4 ./Drivers/STM32WLxx_Nucleo/stm32wlxx_nucleo_radio.o
                0x08006a24                BSP_RADIO_IsTCXO
 .text.BSP_RADIO_IsDCDC
                0x08006a28        0x4 ./Drivers/STM32WLxx_Nucleo/stm32wlxx_nucleo_radio.o
                0x08006a28                BSP_RADIO_IsDCDC
 .text.BSP_RADIO_GetRFOMaxPowerConfig
                0x08006a2c        0xa ./Drivers/STM32WLxx_Nucleo/stm32wlxx_nucleo_radio.o
                0x08006a2c                BSP_RADIO_GetRFOMaxPowerConfig
 .text.RadioCheckRfFrequency
                0x08006a36        0x4 ./Middlewares/SubGHz_Phy/radio.o
 *fill*         0x08006a3a        0x2 
 .text.RadioGetLoRaBandwidthInHz
                0x08006a3c       0x5c ./Middlewares/SubGHz_Phy/radio.o
 .text.RadioGetGfskTimeOnAirNumerator
                0x08006a98       0x26 ./Middlewares/SubGHz_Phy/radio.o
 .text.RadioGetLoRaTimeOnAirNumerator
                0x08006abe       0xa2 ./Middlewares/SubGHz_Phy/radio.o
 .text.RadioTimeOnAir
                0x08006b60       0x74 ./Middlewares/SubGHz_Phy/radio.o
 .text.RadioOnTxTimeoutProcess
                0x08006bd4       0x20 ./Middlewares/SubGHz_Phy/radio.o
 .text.RadioOnTxTimeoutIrq
                0x08006bf4        0x8 ./Middlewares/SubGHz_Phy/radio.o
 .text.RadioOnRxTimeoutProcess
                0x08006bfc       0x20 ./Middlewares/SubGHz_Phy/radio.o
 .text.RadioOnRxTimeoutIrq
                0x08006c1c        0x8 ./Middlewares/SubGHz_Phy/radio.o
 .text.payload_integration
                0x08006c24       0xac ./Middlewares/SubGHz_Phy/radio.o
 .text.RadioLrFhssSetCfg
                0x08006cd0        0x4 ./Middlewares/SubGHz_Phy/radio.o
 .text.RadioLrFhssGetTimeOnAirInMs
                0x08006cd4        0x4 ./Middlewares/SubGHz_Phy/radio.o
 .text.RadioSetMaxPayloadLength
                0x08006cd8       0x38 ./Middlewares/SubGHz_Phy/radio.o
 .text.RadioRead
                0x08006d10        0x8 ./Middlewares/SubGHz_Phy/radio.o
 .text.RadioWrite
                0x08006d18        0x8 ./Middlewares/SubGHz_Phy/radio.o
 .text.RadioTxCw
                0x08006d20       0x20 ./Middlewares/SubGHz_Phy/radio.o
 .text.RadioTxPrbs
                0x08006d40       0x2c ./Middlewares/SubGHz_Phy/radio.o
 .text.RadioSetRxDutyCycle
                0x08006d6c       0x34 ./Middlewares/SubGHz_Phy/radio.o
 .text.RadioRxBoosted
                0x08006da0       0x70 ./Middlewares/SubGHz_Phy/radio.o
 .text.RadioStandby
                0x08006e10        0xa ./Middlewares/SubGHz_Phy/radio.o
 .text.RadioGetStatus
                0x08006e1a       0x22 ./Middlewares/SubGHz_Phy/radio.o
 .text.RadioIrqProcess
                0x08006e3c      0x348 ./Middlewares/SubGHz_Phy/radio.o
 .text.RadioOnDioIrq
                0x08007184       0x14 ./Middlewares/SubGHz_Phy/radio.o
 .text.RadioGetWakeupTime
                0x08007198        0xa ./Middlewares/SubGHz_Phy/radio.o
 .text.RadioReadRegisters
                0x080071a2        0x8 ./Middlewares/SubGHz_Phy/radio.o
 .text.RadioWriteRegisters
                0x080071aa        0x8 ./Middlewares/SubGHz_Phy/radio.o
 .text.RadioRssi
                0x080071b2        0x8 ./Middlewares/SubGHz_Phy/radio.o
 *fill*         0x080071ba        0x2 
 .text.RadioSetTxContinuousWave
                0x080071bc       0x44 ./Middlewares/SubGHz_Phy/radio.o
 .text.RadioSetChannel
                0x08007200        0x8 ./Middlewares/SubGHz_Phy/radio.o
 .text.RadioStartCad
                0x08007208       0x28 ./Middlewares/SubGHz_Phy/radio.o
 .text.RadioRx  0x08007230       0x70 ./Middlewares/SubGHz_Phy/radio.o
 .text.RadioSleep
                0x080072a0       0x12 ./Middlewares/SubGHz_Phy/radio.o
 *fill*         0x080072b2        0x2 
 .text.RadioSend
                0x080072b4      0x1a4 ./Middlewares/SubGHz_Phy/radio.o
 .text.RadioRandom
                0x08007458       0x14 ./Middlewares/SubGHz_Phy/radio.o
 .text.RadioSetModem
                0x0800746c       0x7c ./Middlewares/SubGHz_Phy/radio.o
 .text.RadioSetTxGenericConfig
                0x080074e8      0x310 ./Middlewares/SubGHz_Phy/radio.o
 .text.RadioSetRxGenericConfig
                0x080077f8      0x280 ./Middlewares/SubGHz_Phy/radio.o
 .text.RadioSetPublicNetwork
                0x08007a78       0x44 ./Middlewares/SubGHz_Phy/radio.o
 .text.RadioSetTxConfig
                0x08007abc      0x1ac ./Middlewares/SubGHz_Phy/radio.o
 .text.RadioSetRxConfig
                0x08007c68      0x2f8 ./Middlewares/SubGHz_Phy/radio.o
 .text.RadioIsChannelFree
                0x08007f60       0x7c ./Middlewares/SubGHz_Phy/radio.o
 .text.RadioInit
                0x08007fdc       0x98 ./Middlewares/SubGHz_Phy/radio.o
 .text.SUBGRF_GetOperatingMode
                0x08008074        0xc ./Middlewares/SubGHz_Phy/radio_driver.o
                0x08008074                SUBGRF_GetOperatingMode
 .text.SUBGRF_GetPacketType
                0x08008080        0xc ./Middlewares/SubGHz_Phy/radio_driver.o
                0x08008080                SUBGRF_GetPacketType
 .text.SUBGRF_WriteRegister
                0x0800808c       0x20 ./Middlewares/SubGHz_Phy/radio_driver.o
                0x0800808c                SUBGRF_WriteRegister
 .text.SUBGRF_ReadRegister
                0x080080ac       0x20 ./Middlewares/SubGHz_Phy/radio_driver.o
                0x080080ac                SUBGRF_ReadRegister
 .text.Radio_SMPS_Set
                0x080080cc       0x26 ./Middlewares/SubGHz_Phy/radio_driver.o
 .text.SUBGRF_SetWhiteningSeed
                0x080080f2       0x32 ./Middlewares/SubGHz_Phy/radio_driver.o
                0x080080f2                SUBGRF_SetWhiteningSeed
 .text.SUBGRF_WriteRegisters
                0x08008124       0x20 ./Middlewares/SubGHz_Phy/radio_driver.o
                0x08008124                SUBGRF_WriteRegisters
 .text.SUBGRF_SetSyncWord
                0x08008144       0x12 ./Middlewares/SubGHz_Phy/radio_driver.o
                0x08008144                SUBGRF_SetSyncWord
 .text.SUBGRF_SetCrcSeed
                0x08008156       0x28 ./Middlewares/SubGHz_Phy/radio_driver.o
                0x08008156                SUBGRF_SetCrcSeed
 .text.SUBGRF_SetCrcPolynomial
                0x0800817e       0x28 ./Middlewares/SubGHz_Phy/radio_driver.o
                0x0800817e                SUBGRF_SetCrcPolynomial
 *fill*         0x080081a6        0x2 
 .text.SUBGRF_ReadRegisters
                0x080081a8       0x20 ./Middlewares/SubGHz_Phy/radio_driver.o
                0x080081a8                SUBGRF_ReadRegisters
 .text.SUBGRF_WriteBuffer
                0x080081c8       0x20 ./Middlewares/SubGHz_Phy/radio_driver.o
                0x080081c8                SUBGRF_WriteBuffer
 .text.SUBGRF_SetPayload
                0x080081e8        0xe ./Middlewares/SubGHz_Phy/radio_driver.o
                0x080081e8                SUBGRF_SetPayload
 *fill*         0x080081f6        0x2 
 .text.SUBGRF_ReadBuffer
                0x080081f8       0x20 ./Middlewares/SubGHz_Phy/radio_driver.o
                0x080081f8                SUBGRF_ReadBuffer
 .text.SUBGRF_WriteCommand
                0x08008218       0x20 ./Middlewares/SubGHz_Phy/radio_driver.o
                0x08008218                SUBGRF_WriteCommand
 .text.SUBGRF_SetSleep
                0x08008238       0x40 ./Middlewares/SubGHz_Phy/radio_driver.o
                0x08008238                SUBGRF_SetSleep
 .text.SUBGRF_SetStandby
                0x08008278       0x34 ./Middlewares/SubGHz_Phy/radio_driver.o
                0x08008278                SUBGRF_SetStandby
 .text.SUBGRF_SetTx
                0x080082ac       0x34 ./Middlewares/SubGHz_Phy/radio_driver.o
                0x080082ac                SUBGRF_SetTx
 .text.SUBGRF_SendPayload
                0x080082e0       0x10 ./Middlewares/SubGHz_Phy/radio_driver.o
                0x080082e0                SUBGRF_SendPayload
 .text.SUBGRF_SetRx
                0x080082f0       0x34 ./Middlewares/SubGHz_Phy/radio_driver.o
                0x080082f0                SUBGRF_SetRx
 .text.SUBGRF_GetRandom
                0x08008324       0x6a ./Middlewares/SubGHz_Phy/radio_driver.o
                0x08008324                SUBGRF_GetRandom
 *fill*         0x0800838e        0x2 
 .text.SUBGRF_SetRxBoosted
                0x08008390       0x3c ./Middlewares/SubGHz_Phy/radio_driver.o
                0x08008390                SUBGRF_SetRxBoosted
 .text.SUBGRF_SetRxDutyCycle
                0x080083cc       0x48 ./Middlewares/SubGHz_Phy/radio_driver.o
                0x080083cc                SUBGRF_SetRxDutyCycle
 .text.SUBGRF_SetCad
                0x08008414       0x18 ./Middlewares/SubGHz_Phy/radio_driver.o
                0x08008414                SUBGRF_SetCad
 .text.SUBGRF_SetTxContinuousWave
                0x0800842c        0xe ./Middlewares/SubGHz_Phy/radio_driver.o
                0x0800842c                SUBGRF_SetTxContinuousWave
 .text.SUBGRF_SetTxInfinitePreamble
                0x0800843a        0xe ./Middlewares/SubGHz_Phy/radio_driver.o
                0x0800843a                SUBGRF_SetTxInfinitePreamble
 .text.SUBGRF_SetStopRxTimerOnPreambleDetect
                0x08008448       0x1a ./Middlewares/SubGHz_Phy/radio_driver.o
                0x08008448                SUBGRF_SetStopRxTimerOnPreambleDetect
 .text.SUBGRF_SetLoRaSymbNumTimeout
                0x08008462       0x42 ./Middlewares/SubGHz_Phy/radio_driver.o
                0x08008462                SUBGRF_SetLoRaSymbNumTimeout
 .text.SUBGRF_SetRegulatorMode
                0x080084a4       0x2c ./Middlewares/SubGHz_Phy/radio_driver.o
                0x080084a4                SUBGRF_SetRegulatorMode
 .text.SUBGRF_Calibrate
                0x080084d0       0x42 ./Middlewares/SubGHz_Phy/radio_driver.o
                0x080084d0                SUBGRF_Calibrate
 *fill*         0x08008512        0x2 
 .text.SUBGRF_CalibrateImage
                0x08008514       0x98 ./Middlewares/SubGHz_Phy/radio_driver.o
                0x08008514                SUBGRF_CalibrateImage
 .text.SUBGRF_SetPaConfig
                0x080085ac       0x26 ./Middlewares/SubGHz_Phy/radio_driver.o
                0x080085ac                SUBGRF_SetPaConfig
 .text.SUBGRF_SetDioIrqParams
                0x080085d2       0x3e ./Middlewares/SubGHz_Phy/radio_driver.o
                0x080085d2                SUBGRF_SetDioIrqParams
 .text.SUBGRF_SetTcxoMode
                0x08008610       0x32 ./Middlewares/SubGHz_Phy/radio_driver.o
                0x08008610                SUBGRF_SetTcxoMode
 *fill*         0x08008642        0x2 
 .text.SUBGRF_Init
                0x08008644       0x74 ./Middlewares/SubGHz_Phy/radio_driver.o
                0x08008644                SUBGRF_Init
 .text.SUBGRF_SetRfFrequency
                0x080086b8       0x58 ./Middlewares/SubGHz_Phy/radio_driver.o
                0x080086b8                SUBGRF_SetRfFrequency
 .text.SUBGRF_SetPacketType
                0x08008710       0x34 ./Middlewares/SubGHz_Phy/radio_driver.o
                0x08008710                SUBGRF_SetPacketType
 .text.SUBGRF_SetTxParams
                0x08008744      0x11a ./Middlewares/SubGHz_Phy/radio_driver.o
                0x08008744                SUBGRF_SetTxParams
 *fill*         0x0800885e        0x2 
 .text.SUBGRF_SetModulationParams
                0x08008860      0x110 ./Middlewares/SubGHz_Phy/radio_driver.o
                0x08008860                SUBGRF_SetModulationParams
 .text.SUBGRF_SetPacketParams
                0x08008970       0xe4 ./Middlewares/SubGHz_Phy/radio_driver.o
                0x08008970                SUBGRF_SetPacketParams
 .text.SUBGRF_SetCadParams
                0x08008a54       0x44 ./Middlewares/SubGHz_Phy/radio_driver.o
                0x08008a54                SUBGRF_SetCadParams
 .text.SUBGRF_SetBufferBaseAddress
                0x08008a98       0x1c ./Middlewares/SubGHz_Phy/radio_driver.o
                0x08008a98                SUBGRF_SetBufferBaseAddress
 .text.SUBGRF_ReadCommand
                0x08008ab4       0x20 ./Middlewares/SubGHz_Phy/radio_driver.o
                0x08008ab4                SUBGRF_ReadCommand
 .text.SUBGRF_GetRssiInst
                0x08008ad4       0x1c ./Middlewares/SubGHz_Phy/radio_driver.o
                0x08008ad4                SUBGRF_GetRssiInst
 .text.SUBGRF_GetRxBufferStatus
                0x08008af0       0x44 ./Middlewares/SubGHz_Phy/radio_driver.o
                0x08008af0                SUBGRF_GetRxBufferStatus
 .text.SUBGRF_GetPayload
                0x08008b34       0x34 ./Middlewares/SubGHz_Phy/radio_driver.o
                0x08008b34                SUBGRF_GetPayload
 .text.SUBGRF_GetPacketStatus
                0x08008b68       0x78 ./Middlewares/SubGHz_Phy/radio_driver.o
                0x08008b68                SUBGRF_GetPacketStatus
 .text.SUBGRF_SetSwitch
                0x08008be0       0x28 ./Middlewares/SubGHz_Phy/radio_driver.o
                0x08008be0                SUBGRF_SetSwitch
 .text.SUBGRF_SetRfTxPower
                0x08008c08       0x2e ./Middlewares/SubGHz_Phy/radio_driver.o
                0x08008c08                SUBGRF_SetRfTxPower
 .text.SUBGRF_GetRadioWakeUpTime
                0x08008c36        0x4 ./Middlewares/SubGHz_Phy/radio_driver.o
                0x08008c36                SUBGRF_GetRadioWakeUpTime
 *fill*         0x08008c3a        0x2 
 .text.HAL_SUBGHZ_TxCpltCallback
                0x08008c3c       0x10 ./Middlewares/SubGHz_Phy/radio_driver.o
                0x08008c3c                HAL_SUBGHZ_TxCpltCallback
 .text.HAL_SUBGHZ_RxCpltCallback
                0x08008c4c       0x10 ./Middlewares/SubGHz_Phy/radio_driver.o
                0x08008c4c                HAL_SUBGHZ_RxCpltCallback
 .text.HAL_SUBGHZ_CRCErrorCallback
                0x08008c5c       0x10 ./Middlewares/SubGHz_Phy/radio_driver.o
                0x08008c5c                HAL_SUBGHZ_CRCErrorCallback
 .text.HAL_SUBGHZ_CADStatusCallback
                0x08008c6c       0x24 ./Middlewares/SubGHz_Phy/radio_driver.o
                0x08008c6c                HAL_SUBGHZ_CADStatusCallback
 .text.HAL_SUBGHZ_RxTxTimeoutCallback
                0x08008c90       0x14 ./Middlewares/SubGHz_Phy/radio_driver.o
                0x08008c90                HAL_SUBGHZ_RxTxTimeoutCallback
 .text.HAL_SUBGHZ_HeaderErrorCallback
                0x08008ca4       0x10 ./Middlewares/SubGHz_Phy/radio_driver.o
                0x08008ca4                HAL_SUBGHZ_HeaderErrorCallback
 .text.HAL_SUBGHZ_PreambleDetectedCallback
                0x08008cb4       0x10 ./Middlewares/SubGHz_Phy/radio_driver.o
                0x08008cb4                HAL_SUBGHZ_PreambleDetectedCallback
 .text.HAL_SUBGHZ_SyncWordValidCallback
                0x08008cc4       0x10 ./Middlewares/SubGHz_Phy/radio_driver.o
                0x08008cc4                HAL_SUBGHZ_SyncWordValidCallback
 .text.HAL_SUBGHZ_HeaderValidCallback
                0x08008cd4       0x10 ./Middlewares/SubGHz_Phy/radio_driver.o
                0x08008cd4                HAL_SUBGHZ_HeaderValidCallback
 .text.HAL_SUBGHZ_LrFhssHopCallback
                0x08008ce4       0x14 ./Middlewares/SubGHz_Phy/radio_driver.o
                0x08008ce4                HAL_SUBGHZ_LrFhssHopCallback
 .text.SUBGRF_GetFskBandwidthRegValue
                0x08008cf8       0x30 ./Middlewares/SubGHz_Phy/radio_driver.o
                0x08008cf8                SUBGRF_GetFskBandwidthRegValue
 .text.SUBGRF_GetCFO
                0x08008d28       0x88 ./Middlewares/SubGHz_Phy/radio_driver.o
                0x08008d28                SUBGRF_GetCFO
 .text.RFW_TransmitLongPacket
                0x08008db0        0x6 ./Middlewares/SubGHz_Phy/radio_fw.o
                0x08008db0                RFW_TransmitLongPacket
 .text.RFW_ReceiveLongPacket
                0x08008db6        0x6 ./Middlewares/SubGHz_Phy/radio_fw.o
                0x08008db6                RFW_ReceiveLongPacket
 .text.RFW_Init
                0x08008dbc        0x6 ./Middlewares/SubGHz_Phy/radio_fw.o
                0x08008dbc                RFW_Init
 .text.RFW_DeInit
                0x08008dc2        0x2 ./Middlewares/SubGHz_Phy/radio_fw.o
                0x08008dc2                RFW_DeInit
 .text.RFW_Is_Init
                0x08008dc4        0x4 ./Middlewares/SubGHz_Phy/radio_fw.o
                0x08008dc4                RFW_Is_Init
 .text.RFW_Is_LongPacketModeEnabled
                0x08008dc8        0x4 ./Middlewares/SubGHz_Phy/radio_fw.o
                0x08008dc8                RFW_Is_LongPacketModeEnabled
 .text.RFW_SetAntSwitch
                0x08008dcc        0x2 ./Middlewares/SubGHz_Phy/radio_fw.o
                0x08008dcc                RFW_SetAntSwitch
 .text.RFW_TransmitInit
                0x08008dce        0x6 ./Middlewares/SubGHz_Phy/radio_fw.o
                0x08008dce                RFW_TransmitInit
 .text.RFW_ReceiveInit
                0x08008dd4        0x6 ./Middlewares/SubGHz_Phy/radio_fw.o
                0x08008dd4                RFW_ReceiveInit
 .text.RFW_DeInit_TxLongPacket
                0x08008dda        0x2 ./Middlewares/SubGHz_Phy/radio_fw.o
                0x08008dda                RFW_DeInit_TxLongPacket
 .text.RFW_ReceivePayload
                0x08008ddc        0x2 ./Middlewares/SubGHz_Phy/radio_fw.o
                0x08008ddc                RFW_ReceivePayload
 .text.RFW_SetRadioModem
                0x08008dde        0x2 ./Middlewares/SubGHz_Phy/radio_fw.o
                0x08008dde                RFW_SetRadioModem
 .text.TRACE_AllocateBufer
                0x08008de0       0x88 ./Utilities/stm32_adv_trace.o
 .text.TRACE_Lock
                0x08008e68       0x18 ./Utilities/stm32_adv_trace.o
 .text.TRACE_UnLock
                0x08008e80       0x18 ./Utilities/stm32_adv_trace.o
 .text.TRACE_IsLocked
                0x08008e98       0x10 ./Utilities/stm32_adv_trace.o
 .text.UTIL_ADV_TRACE_Init
                0x08008ea8       0x34 ./Utilities/stm32_adv_trace.o
                0x08008ea8                UTIL_ADV_TRACE_Init
 .text.UTIL_ADV_TRACE_RegisterTimeStampFunction
                0x08008edc        0xc ./Utilities/stm32_adv_trace.o
                0x08008edc                UTIL_ADV_TRACE_RegisterTimeStampFunction
 .text.UTIL_ADV_TRACE_SetVerboseLevel
                0x08008ee8        0xc ./Utilities/stm32_adv_trace.o
                0x08008ee8                UTIL_ADV_TRACE_SetVerboseLevel
 .text.TRACE_Send
                0x08008ef4       0x9c ./Utilities/stm32_adv_trace.o
 .text.UTIL_ADV_TRACE_COND_FSend
                0x08008f90       0xc8 ./Utilities/stm32_adv_trace.o
                0x08008f90                UTIL_ADV_TRACE_COND_FSend
 .text.TRACE_TxCpltCallback
                0x08009058       0xb0 ./Utilities/stm32_adv_trace.o
 .text.UTIL_LPM_Init
                0x08009108       0x14 ./Utilities/stm32_lpm.o
                0x08009108                UTIL_LPM_Init
 .text.UTIL_LPM_SetStopMode
                0x0800911c       0x2c ./Utilities/stm32_lpm.o
                0x0800911c                UTIL_LPM_SetStopMode
 .text.UTIL_LPM_SetOffMode
                0x08009148       0x2c ./Utilities/stm32_lpm.o
                0x08009148                UTIL_LPM_SetOffMode
 .text.UTIL_LPM_EnterLowPower
                0x08009174       0x48 ./Utilities/stm32_lpm.o
                0x08009174                UTIL_LPM_EnterLowPower
 .text.UTIL_MEM_cpy_8
                0x080091bc       0x16 ./Utilities/stm32_mem.o
                0x080091bc                UTIL_MEM_cpy_8
 .text.UTIL_MEM_set_8
                0x080091d2       0x12 ./Utilities/stm32_mem.o
                0x080091d2                UTIL_MEM_set_8
 .text.UTIL_SEQ_PreIdle
                0x080091e4        0x2 ./Utilities/stm32_seq.o
                0x080091e4                UTIL_SEQ_PreIdle
 .text.UTIL_SEQ_PostIdle
                0x080091e6        0x2 ./Utilities/stm32_seq.o
                0x080091e6                UTIL_SEQ_PostIdle
 .text.SEQ_BitPosition
                0x080091e8       0x3c ./Utilities/stm32_seq.o
                0x080091e8                SEQ_BitPosition
 .text.UTIL_SEQ_Run
                0x08009224      0x12c ./Utilities/stm32_seq.o
                0x08009224                UTIL_SEQ_Run
 .text.SysTimeAdd
                0x08009350       0x3e ./Utilities/stm32_systime.o
                0x08009350                SysTimeAdd
 *fill*         0x0800938e        0x2 
 .text.SysTimeGet
                0x08009390       0x44 ./Utilities/stm32_systime.o
                0x08009390                SysTimeGet
 .text.UTIL_TIMER_Init
                0x080093d4       0x18 ./Utilities/stm32_timer.o
                0x080093d4                UTIL_TIMER_Init
 .text.UTIL_TIMER_Create
                0x080093ec       0x3c ./Utilities/stm32_timer.o
                0x080093ec                UTIL_TIMER_Create
 .text.UTIL_TIMER_IsRunning
                0x08009428        0xa ./Utilities/stm32_timer.o
                0x08009428                UTIL_TIMER_IsRunning
 *fill*         0x08009432        0x2 
 .text.UTIL_TIMER_GetCurrentTime
                0x08009434       0x14 ./Utilities/stm32_timer.o
                0x08009434                UTIL_TIMER_GetCurrentTime
 .text.UTIL_TIMER_GetElapsedTime
                0x08009448       0x20 ./Utilities/stm32_timer.o
                0x08009448                UTIL_TIMER_GetElapsedTime
 .text.TimerExists
                0x08009468       0x1c ./Utilities/stm32_timer.o
                0x08009468                TimerExists
 .text.TimerSetTimeout
                0x08009484       0x30 ./Utilities/stm32_timer.o
                0x08009484                TimerSetTimeout
 .text.UTIL_TIMER_Stop
                0x080094b4       0x6c ./Utilities/stm32_timer.o
                0x080094b4                UTIL_TIMER_Stop
 .text.TimerInsertTimer
                0x08009520       0x2c ./Utilities/stm32_timer.o
                0x08009520                TimerInsertTimer
 .text.TimerInsertNewHeadTimer
                0x0800954c       0x1c ./Utilities/stm32_timer.o
                0x0800954c                TimerInsertNewHeadTimer
 .text.UTIL_TIMER_Start
                0x08009568       0x8c ./Utilities/stm32_timer.o
                0x08009568                UTIL_TIMER_Start
 .text.UTIL_TIMER_SetPeriod
                0x080095f4       0x34 ./Utilities/stm32_timer.o
                0x080095f4                UTIL_TIMER_SetPeriod
 .text.UTIL_TIMER_IRQ_Handler
                0x08009628       0x8c ./Utilities/stm32_timer.o
                0x08009628                UTIL_TIMER_IRQ_Handler
 .text._vsnprintf_r
                0x080096b4       0x56 C:/ST/STM32CubeIDE_1.17.0/STM32CubeIDE/plugins/com.st.stm32cube.ide.mcu.externaltools.gnu-tools-for-stm32.12.3.rel1.win32_1.1.0.202410251130/tools/bin/../lib/gcc/arm-none-eabi/12.3.1/../../../../arm-none-eabi/lib/thumb/v7e-m/nofp\libc_nano.a(libc_a-vsnprintf.o)
                0x080096b4                _vsniprintf_r
                0x080096b4                _vsnprintf_r
 *fill*         0x0800970a        0x2 
 .text.vsnprintf
                0x0800970c       0x1c C:/ST/STM32CubeIDE_1.17.0/STM32CubeIDE/plugins/com.st.stm32cube.ide.mcu.externaltools.gnu-tools-for-stm32.12.3.rel1.win32_1.1.0.202410251130/tools/bin/../lib/gcc/arm-none-eabi/12.3.1/../../../../arm-none-eabi/lib/thumb/v7e-m/nofp\libc_nano.a(libc_a-vsnprintf.o)
                0x0800970c                vsniprintf
                0x0800970c                vsnprintf
 .text.memset   0x08009728       0x10 C:/ST/STM32CubeIDE_1.17.0/STM32CubeIDE/plugins/com.st.stm32cube.ide.mcu.externaltools.gnu-tools-for-stm32.12.3.rel1.win32_1.1.0.202410251130/tools/bin/../lib/gcc/arm-none-eabi/12.3.1/../../../../arm-none-eabi/lib/thumb/v7e-m/nofp\libc_nano.a(libc_a-memset.o)
                0x08009728                memset
 .text.__errno  0x08009738        0xc C:/ST/STM32CubeIDE_1.17.0/STM32CubeIDE/plugins/com.st.stm32cube.ide.mcu.externaltools.gnu-tools-for-stm32.12.3.rel1.win32_1.1.0.202410251130/tools/bin/../lib/gcc/arm-none-eabi/12.3.1/../../../../arm-none-eabi/lib/thumb/v7e-m/nofp\libc_nano.a(libc_a-errno.o)
                0x08009738                __errno
 .text.__libc_init_array
                0x08009744       0x48 C:/ST/STM32CubeIDE_1.17.0/STM32CubeIDE/plugins/com.st.stm32cube.ide.mcu.externaltools.gnu-tools-for-stm32.12.3.rel1.win32_1.1.0.202410251130/tools/bin/../lib/gcc/arm-none-eabi/12.3.1/../../../../arm-none-eabi/lib/thumb/v7e-m/nofp\libc_nano.a(libc_a-init.o)
                0x08009744                __libc_init_array
 .text.__retarget_lock_acquire_recursive
                0x0800978c        0x2 C:/ST/STM32CubeIDE_1.17.0/STM32CubeIDE/plugins/com.st.stm32cube.ide.mcu.externaltools.gnu-tools-for-stm32.12.3.rel1.win32_1.1.0.202410251130/tools/bin/../lib/gcc/arm-none-eabi/12.3.1/../../../../arm-none-eabi/lib/thumb/v7e-m/nofp\libc_nano.a(libc_a-lock.o)
                0x0800978c                __retarget_lock_acquire_recursive
 .text.__retarget_lock_release_recursive
                0x0800978e        0x2 C:/ST/STM32CubeIDE_1.17.0/STM32CubeIDE/plugins/com.st.stm32cube.ide.mcu.externaltools.gnu-tools-for-stm32.12.3.rel1.win32_1.1.0.202410251130/tools/bin/../lib/gcc/arm-none-eabi/12.3.1/../../../../arm-none-eabi/lib/thumb/v7e-m/nofp\libc_nano.a(libc_a-lock.o)
                0x0800978e                __retarget_lock_release_recursive
 .text.memcpy   0x08009790       0x1c C:/ST/STM32CubeIDE_1.17.0/STM32CubeIDE/plugins/com.st.stm32cube.ide.mcu.externaltools.gnu-tools-for-stm32.12.3.rel1.win32_1.1.0.202410251130/tools/bin/../lib/gcc/arm-none-eabi/12.3.1/../../../../arm-none-eabi/lib/thumb/v7e-m/nofp\libc_nano.a(libc_a-memcpy-stub.o)
                0x08009790                memcpy
 .text._free_r  0x080097ac       0x94 C:/ST/STM32CubeIDE_1.17.0/STM32CubeIDE/plugins/com.st.stm32cube.ide.mcu.externaltools.gnu-tools-for-stm32.12.3.rel1.win32_1.1.0.202410251130/tools/bin/../lib/gcc/arm-none-eabi/12.3.1/../../../../arm-none-eabi/lib/thumb/v7e-m/nofp\libc_nano.a(libc_a-freer.o)
                0x080097ac                _free_r
 .text.sbrk_aligned
                0x08009840       0x44 C:/ST/STM32CubeIDE_1.17.0/STM32CubeIDE/plugins/com.st.stm32cube.ide.mcu.externaltools.gnu-tools-for-stm32.12.3.rel1.win32_1.1.0.202410251130/tools/bin/../lib/gcc/arm-none-eabi/12.3.1/../../../../arm-none-eabi/lib/thumb/v7e-m/nofp\libc_nano.a(libc_a-mallocr.o)
 .text._malloc_r
                0x08009884      0x100 C:/ST/STM32CubeIDE_1.17.0/STM32CubeIDE/plugins/com.st.stm32cube.ide.mcu.externaltools.gnu-tools-for-stm32.12.3.rel1.win32_1.1.0.202410251130/tools/bin/../lib/gcc/arm-none-eabi/12.3.1/../../../../arm-none-eabi/lib/thumb/v7e-m/nofp\libc_nano.a(libc_a-mallocr.o)
                0x08009884                _malloc_r
 .text.__malloc_lock
                0x08009984        0xc C:/ST/STM32CubeIDE_1.17.0/STM32CubeIDE/plugins/com.st.stm32cube.ide.mcu.externaltools.gnu-tools-for-stm32.12.3.rel1.win32_1.1.0.202410251130/tools/bin/../lib/gcc/arm-none-eabi/12.3.1/../../../../arm-none-eabi/lib/thumb/v7e-m/nofp\libc_nano.a(libc_a-mlock.o)
                0x08009984                __malloc_lock
 .text.__malloc_unlock
                0x08009990        0xc C:/ST/STM32CubeIDE_1.17.0/STM32CubeIDE/plugins/com.st.stm32cube.ide.mcu.externaltools.gnu-tools-for-stm32.12.3.rel1.win32_1.1.0.202410251130/tools/bin/../lib/gcc/arm-none-eabi/12.3.1/../../../../arm-none-eabi/lib/thumb/v7e-m/nofp\libc_nano.a(libc_a-mlock.o)
                0x08009990                __malloc_unlock
 .text.__ssputs_r
                0x0800999c       0xb6 C:/ST/STM32CubeIDE_1.17.0/STM32CubeIDE/plugins/com.st.stm32cube.ide.mcu.externaltools.gnu-tools-for-stm32.12.3.rel1.win32_1.1.0.202410251130/tools/bin/../lib/gcc/arm-none-eabi/12.3.1/../../../../arm-none-eabi/lib/thumb/v7e-m/nofp\libc_nano.a(libc_a-nano-svfprintf.o)
                0x0800999c                __ssputs_r
 *fill*         0x08009a52        0x2 
 .text._svfprintf_r
                0x08009a54      0x1f8 C:/ST/STM32CubeIDE_1.17.0/STM32CubeIDE/plugins/com.st.stm32cube.ide.mcu.externaltools.gnu-tools-for-stm32.12.3.rel1.win32_1.1.0.202410251130/tools/bin/../lib/gcc/arm-none-eabi/12.3.1/../../../../arm-none-eabi/lib/thumb/v7e-m/nofp\libc_nano.a(libc_a-nano-svfprintf.o)
                0x08009a54                _svfiprintf_r
                0x08009a54                _svfprintf_r
 .text._printf_common
                0x08009c4c       0xda C:/ST/STM32CubeIDE_1.17.0/STM32CubeIDE/plugins/com.st.stm32cube.ide.mcu.externaltools.gnu-tools-for-stm32.12.3.rel1.win32_1.1.0.202410251130/tools/bin/../lib/gcc/arm-none-eabi/12.3.1/../../../../arm-none-eabi/lib/thumb/v7e-m/nofp\libc_nano.a(libc_a-nano-vfprintf_i.o)
                0x08009c4c                _printf_common
 *fill*         0x08009d26        0x2 
 .text._printf_i
                0x08009d28      0x240 C:/ST/STM32CubeIDE_1.17.0/STM32CubeIDE/plugins/com.st.stm32cube.ide.mcu.externaltools.gnu-tools-for-stm32.12.3.rel1.win32_1.1.0.202410251130/tools/bin/../lib/gcc/arm-none-eabi/12.3.1/../../../../arm-none-eabi/lib/thumb/v7e-m/nofp\libc_nano.a(libc_a-nano-vfprintf_i.o)
                0x08009d28                _printf_i
 .text.memmove  0x08009f68       0x34 C:/ST/STM32CubeIDE_1.17.0/STM32CubeIDE/plugins/com.st.stm32cube.ide.mcu.externaltools.gnu-tools-for-stm32.12.3.rel1.win32_1.1.0.202410251130/tools/bin/../lib/gcc/arm-none-eabi/12.3.1/../../../../arm-none-eabi/lib/thumb/v7e-m/nofp\libc_nano.a(libc_a-memmove.o)
                0x08009f68                memmove
 .text._sbrk_r  0x08009f9c       0x20 C:/ST/STM32CubeIDE_1.17.0/STM32CubeIDE/plugins/com.st.stm32cube.ide.mcu.externaltools.gnu-tools-for-stm32.12.3.rel1.win32_1.1.0.202410251130/tools/bin/../lib/gcc/arm-none-eabi/12.3.1/../../../../arm-none-eabi/lib/thumb/v7e-m/nofp\libc_nano.a(libc_a-sbrkr.o)
                0x08009f9c                _sbrk_r
 .text._realloc_r
                0x08009fbc       0x5c C:/ST/STM32CubeIDE_1.17.0/STM32CubeIDE/plugins/com.st.stm32cube.ide.mcu.externaltools.gnu-tools-for-stm32.12.3.rel1.win32_1.1.0.202410251130/tools/bin/../lib/gcc/arm-none-eabi/12.3.1/../../../../arm-none-eabi/lib/thumb/v7e-m/nofp\libc_nano.a(libc_a-reallocr.o)
                0x08009fbc                _realloc_r
 .text._malloc_usable_size_r
                0x0800a018       0x10 C:/ST/STM32CubeIDE_1.17.0/STM32CubeIDE/plugins/com.st.stm32cube.ide.mcu.externaltools.gnu-tools-for-stm32.12.3.rel1.win32_1.1.0.202410251130/tools/bin/../lib/gcc/arm-none-eabi/12.3.1/../../../../arm-none-eabi/lib/thumb/v7e-m/nofp\libc_nano.a(libc_a-msizer.o)
                0x0800a018                _malloc_usable_size_r
 *(.glue_7)
 .glue_7        0x0800a028        0x0 linker stubs
 *(.glue_7t)
 .glue_7t       0x0800a028        0x0 linker stubs
 *(.eh_frame)
 .eh_frame      0x0800a028        0x0 C:/ST/STM32CubeIDE_1.17.0/STM32CubeIDE/plugins/com.st.stm32cube.ide.mcu.externaltools.gnu-tools-for-stm32.12.3.rel1.win32_1.1.0.202410251130/tools/bin/../lib/gcc/arm-none-eabi/12.3.1/thumb/v7e-m/nofp/crtbegin.o
 *(.init)
 .init          0x0800a028        0x4 C:/ST/STM32CubeIDE_1.17.0/STM32CubeIDE/plugins/com.st.stm32cube.ide.mcu.externaltools.gnu-tools-for-stm32.12.3.rel1.win32_1.1.0.202410251130/tools/bin/../lib/gcc/arm-none-eabi/12.3.1/thumb/v7e-m/nofp/crti.o
                0x0800a028                _init
 .init          0x0800a02c        0x8 C:/ST/STM32CubeIDE_1.17.0/STM32CubeIDE/plugins/com.st.stm32cube.ide.mcu.externaltools.gnu-tools-for-stm32.12.3.rel1.win32_1.1.0.202410251130/tools/bin/../lib/gcc/arm-none-eabi/12.3.1/thumb/v7e-m/nofp/crtn.o
 *(.fini)
 .fini          0x0800a034        0x4 C:/ST/STM32CubeIDE_1.17.0/STM32CubeIDE/plugins/com.st.stm32cube.ide.mcu.externaltools.gnu-tools-for-stm32.12.3.rel1.win32_1.1.0.202410251130/tools/bin/../lib/gcc/arm-none-eabi/12.3.1/thumb/v7e-m/nofp/crti.o
                0x0800a034                _fini
 .fini          0x0800a038        0x8 C:/ST/STM32CubeIDE_1.17.0/STM32CubeIDE/plugins/com.st.stm32cube.ide.mcu.externaltools.gnu-tools-for-stm32.12.3.rel1.win32_1.1.0.202410251130/tools/bin/../lib/gcc/arm-none-eabi/12.3.1/thumb/v7e-m/nofp/crtn.o
                0x0800a040                        . = ALIGN (0x8)
                0x0800a040                        _etext = .

.vfp11_veneer   0x0800a040        0x0
 .vfp11_veneer  0x0800a040        0x0 linker stubs

.v4_bx          0x0800a040        0x0
 .v4_bx         0x0800a040        0x0 linker stubs

.iplt           0x0800a040        0x0
 .iplt          0x0800a040        0x0 C:/ST/STM32CubeIDE_1.17.0/STM32CubeIDE/plugins/com.st.stm32cube.ide.mcu.externaltools.gnu-tools-for-stm32.12.3.rel1.win32_1.1.0.202410251130/tools/bin/../lib/gcc/arm-none-eabi/12.3.1/thumb/v7e-m/nofp/crtbegin.o

.rodata         0x0800a040      0xbc8
                0x0800a040                        . = ALIGN (0x8)
 *(.rodata)
 .rodata        0x0800a040        0x8 ./Application/App/demo_sensor.o
 .rodata        0x0800a048       0x1c ./Drivers/STM32WLxx_HAL_Driver/stm32wlxx_hal_rcc.o
 .rodata        0x0800a064       0x10 ./Middlewares/SubGHz_Phy/radio.o
 .rodata        0x0800a074       0x11 ./Middlewares/SubGHz_Phy/radio_driver.o
 *(.rodata*)
 *fill*         0x0800a085        0x3 
 .rodata.ChangeState.str1.4
                0x0800a088       0x44 ./Application/App/demo_sensor.o
 .rodata.RxError.str1.4
                0x0800a0cc       0x10 ./Application/App/demo_sensor.o
 .rodata.TxTimeout.str1.4
                0x0800a0dc       0x13 ./Application/App/demo_sensor.o
 *fill*         0x0800a0ef        0x1 
 .rodata.TxDone.str1.4
                0x0800a0f0       0x10 ./Application/App/demo_sensor.o
 .rodata.RxTimeout.str1.4
                0x0800a100       0x12 ./Application/App/demo_sensor.o
 *fill*         0x0800a112        0x2 
 .rodata.ReceiveSync.str1.4
                0x0800a114       0x13 ./Application/App/demo_sensor.o
 *fill*         0x0800a127        0x1 
 .rodata.ReceiveBeacon.str1.4
                0x0800a128       0x37 ./Application/App/demo_sensor.o
 *fill*         0x0800a15f        0x1 
 .rodata.CadDone.str1.4
                0x0800a160        0x9 ./Application/App/demo_sensor.o
 *fill*         0x0800a169        0x3 
 .rodata.ReceiveTimeout.str1.4
                0x0800a16c       0x3a ./Application/App/demo_sensor.o
 *fill*         0x0800a1a6        0x2 
 .rodata.Transmit.str1.4
                0x0800a1a8       0x2b ./Application/App/demo_sensor.o
 *fill*         0x0800a1d3        0x1 
 .rodata.ValidReceivedBeacon.str1.4
                0x0800a1d4       0x52 ./Application/App/demo_sensor.o
 *fill*         0x0800a226        0x2 
 .rodata.ProcessCodingChanges.str1.4
                0x0800a228       0x73 ./Application/App/demo_sensor.o
 *fill*         0x0800a29b        0x1 
 .rodata.ValidReceivedSync.str1.4
                0x0800a29c       0x31 ./Application/App/demo_sensor.o
 *fill*         0x0800a2cd        0x3 
 .rodata.SENS_Init.str1.4
                0x0800a2d0        0xd ./Application/App/demo_sensor.o
 *fill*         0x0800a2dd        0x3 
 .rodata.SENS_WriteSensorData.str1.4
                0x0800a2e0       0x16 ./Application/App/demo_sensor.o
 *fill*         0x0800a2f6        0x2 
 .rodata.DEMO_Regions_n
                0x0800a2f8        0x4 ./Application/Common/demo_regions.o
                0x0800a2f8                DEMO_Regions_n
 .rodata.str1.4
                0x0800a2fc       0x7a ./Application/Common/demo_regions.o
                                 0x82 (size before relaxing)
 *fill*         0x0800a376        0x2 
 .rodata.DEMO_Regions
                0x0800a378       0x78 ./Application/Common/demo_regions.o
                0x0800a378                DEMO_Regions
 .rodata.DEMO_SubregionsRU
                0x0800a3f0       0x18 ./Application/Common/demo_regions.o
                0x0800a3f0                DEMO_SubregionsRU
 .rodata.DEMO_ChannelsRU
                0x0800a408       0x10 ./Application/Common/demo_regions.o
                0x0800a408                DEMO_ChannelsRU
 .rodata.DEMO_SubregionsIN
                0x0800a418       0x18 ./Application/Common/demo_regions.o
                0x0800a418                DEMO_SubregionsIN
 .rodata.DEMO_ChannelsIN
                0x0800a430       0x10 ./Application/Common/demo_regions.o
                0x0800a430                DEMO_ChannelsIN
 .rodata.DEMO_SubregionsCN
                0x0800a440       0x18 ./Application/Common/demo_regions.o
                0x0800a440                DEMO_SubregionsCN
 .rodata.DEMO_ChannelsCN
                0x0800a458       0x10 ./Application/Common/demo_regions.o
                0x0800a458                DEMO_ChannelsCN
 .rodata.DEMO_SubregionsAS
                0x0800a468       0x48 ./Application/Common/demo_regions.o
                0x0800a468                DEMO_SubregionsAS
 .rodata.DEMO_ChannelsAS
                0x0800a4b0       0x10 ./Application/Common/demo_regions.o
                0x0800a4b0                DEMO_ChannelsAS
 .rodata.DEMO_ChannelsJP
                0x0800a4c0       0x50 ./Application/Common/demo_regions.o
                0x0800a4c0                DEMO_ChannelsJP
 .rodata.DEMO_ChannelsKR
                0x0800a510       0x10 ./Application/Common/demo_regions.o
                0x0800a510                DEMO_ChannelsKR
 .rodata.DEMO_SubregionsUS_AU
                0x0800a520       0x30 ./Application/Common/demo_regions.o
                0x0800a520                DEMO_SubregionsUS_AU
 .rodata.DEMO_ChannelsFCC
                0x0800a550      0x2d0 ./Application/Common/demo_regions.o
                0x0800a550                DEMO_ChannelsFCC
 .rodata.DEMO_SubregionsEU
                0x0800a820       0x18 ./Application/Common/demo_regions.o
                0x0800a820                DEMO_SubregionsEU
 .rodata.DEMO_ChannelsEU
                0x0800a838       0x20 ./Application/Common/demo_regions.o
                0x0800a838                DEMO_ChannelsEU
 .rodata.DEMO_BandwidthTable
                0x0800a858       0x24 ./Application/Common/demo_utils.o
 .rodata.main.str1.4
                0x0800a87c       0x59 ./Application/Core/main.o
 *fill*         0x0800a8d5        0x3 
 .rodata.UTIL_PowerDriver
                0x0800a8d8       0x18 ./Application/Core/stm32_lpm_if.o
                0x0800a8d8                UTIL_PowerDriver
 .rodata.TimestampNow.str1.4
                0x0800a8f0        0x9 ./Application/Core/sys_app.o
 *fill*         0x0800a8f9        0x3 
 .rodata.UTIL_SYSTIMDriver
                0x0800a8fc       0x14 ./Application/Core/timer_if.o
                0x0800a8fc                UTIL_SYSTIMDriver
 .rodata.UTIL_TimerDriver
                0x0800a910       0x2c ./Application/Core/timer_if.o
                0x0800a910                UTIL_TimerDriver
 .rodata.UTIL_TraceDriver
                0x0800a93c       0x10 ./Application/Core/usart_if.o
                0x0800a93c                UTIL_TraceDriver
 .rodata.MSIRangeTable
                0x0800a94c       0x40 ./Drivers/CMSIS/system_stm32wlxx.o
                0x0800a94c                MSIRangeTable
 .rodata.APBPrescTable
                0x0800a98c       0x20 ./Drivers/CMSIS/system_stm32wlxx.o
                0x0800a98c                APBPrescTable
 .rodata.AHBPrescTable
                0x0800a9ac       0x40 ./Drivers/CMSIS/system_stm32wlxx.o
                0x0800a9ac                AHBPrescTable
 .rodata.UARTPrescTable
                0x0800a9ec       0x18 ./Drivers/STM32WLxx_HAL_Driver/stm32wlxx_hal_uart.o
                0x0800a9ec                UARTPrescTable
 .rodata.denominator.0
                0x0800aa04        0x8 ./Drivers/STM32WLxx_HAL_Driver/stm32wlxx_hal_uart_ex.o
 .rodata.numerator.1
                0x0800aa0c        0x8 ./Drivers/STM32WLxx_HAL_Driver/stm32wlxx_hal_uart_ex.o
 .rodata.RadioIrqProcess.str1.4
                0x0800aa14       0x54 ./Middlewares/SubGHz_Phy/radio.o
 .rodata.RadioSend.str1.4
                0x0800aa68       0x15 ./Middlewares/SubGHz_Phy/radio.o
 *fill*         0x0800aa7d        0x3 
 .rodata.Bandwidths
                0x0800aa80        0x3 ./Middlewares/SubGHz_Phy/radio.o
                0x0800aa80                Bandwidths
 *fill*         0x0800aa83        0x1 
 .rodata.Radio  0x0800aa84       0x8c ./Middlewares/SubGHz_Phy/radio.o
                0x0800aa84                Radio
 .rodata.FskBandwidths
                0x0800ab10       0xb0 ./Middlewares/SubGHz_Phy/radio_driver.o
 .rodata.SEQ_clz_table_4bit
                0x0800abc0       0x10 ./Utilities/stm32_seq.o
                0x0800abc0                SEQ_clz_table_4bit
 .rodata._svfprintf_r.str1.1
                0x0800abd0       0x11 C:/ST/STM32CubeIDE_1.17.0/STM32CubeIDE/plugins/com.st.stm32cube.ide.mcu.externaltools.gnu-tools-for-stm32.12.3.rel1.win32_1.1.0.202410251130/tools/bin/../lib/gcc/arm-none-eabi/12.3.1/../../../../arm-none-eabi/lib/thumb/v7e-m/nofp\libc_nano.a(libc_a-nano-svfprintf.o)
 .rodata._printf_i.str1.1
                0x0800abe1       0x22 C:/ST/STM32CubeIDE_1.17.0/STM32CubeIDE/plugins/com.st.stm32cube.ide.mcu.externaltools.gnu-tools-for-stm32.12.3.rel1.win32_1.1.0.202410251130/tools/bin/../lib/gcc/arm-none-eabi/12.3.1/../../../../arm-none-eabi/lib/thumb/v7e-m/nofp\libc_nano.a(libc_a-nano-vfprintf_i.o)
                0x0800ac08                        . = ALIGN (0x8)
 *fill*         0x0800ac03        0x5 

.ARM.extab      0x0800ac08        0x0
                0x0800ac08                        . = ALIGN (0x8)
 *(.ARM.extab* .gnu.linkonce.armextab.*)
                0x0800ac08                        . = ALIGN (0x8)

.ARM            0x0800ac08        0x8
                0x0800ac08                        . = ALIGN (0x8)
                0x0800ac08                        __exidx_start = .
 *(.ARM.exidx*)
 .ARM.exidx     0x0800ac08        0x8 C:/ST/STM32CubeIDE_1.17.0/STM32CubeIDE/plugins/com.st.stm32cube.ide.mcu.externaltools.gnu-tools-for-stm32.12.3.rel1.win32_1.1.0.202410251130/tools/bin/../lib/gcc/arm-none-eabi/12.3.1/../../../../arm-none-eabi/lib/thumb/v7e-m/nofp\libc_nano.a(libc_a-strlen.o)
 .ARM.exidx     0x0800ac10        0x0 C:/ST/STM32CubeIDE_1.17.0/STM32CubeIDE/plugins/com.st.stm32cube.ide.mcu.externaltools.gnu-tools-for-stm32.12.3.rel1.win32_1.1.0.202410251130/tools/bin/../lib/gcc/arm-none-eabi/12.3.1/../../../../arm-none-eabi/lib/thumb/v7e-m/nofp\libc_nano.a(libc_a-memchr.o)
                                  0x8 (size before relaxing)
 .ARM.exidx     0x0800ac10        0x0 C:/ST/STM32CubeIDE_1.17.0/STM32CubeIDE/plugins/com.st.stm32cube.ide.mcu.externaltools.gnu-tools-for-stm32.12.3.rel1.win32_1.1.0.202410251130/tools/bin/../lib/gcc/arm-none-eabi/12.3.1/thumb/v7e-m/nofp\libgcc.a(_udivmoddi4.o)
                                  0x8 (size before relaxing)
                0x0800ac10                        __exidx_end = .
                0x0800ac10                        . = ALIGN (0x8)

.rel.dyn        0x0800ac10        0x0
 .rel.iplt      0x0800ac10        0x0 C:/ST/STM32CubeIDE_1.17.0/STM32CubeIDE/plugins/com.st.stm32cube.ide.mcu.externaltools.gnu-tools-for-stm32.12.3.rel1.win32_1.1.0.202410251130/tools/bin/../lib/gcc/arm-none-eabi/12.3.1/thumb/v7e-m/nofp/crtbegin.o

.preinit_array  0x0800ac10        0x0
                0x0800ac10                        . = ALIGN (0x8)
                0x0800ac10                        PROVIDE (__preinit_array_start = .)
 *(.preinit_array*)
                0x0800ac10                        PROVIDE (__preinit_array_end = .)
                0x0800ac10                        . = ALIGN (0x8)

.init_array     0x0800ac10        0x8
                0x0800ac10                        . = ALIGN (0x8)
                0x0800ac10                        PROVIDE (__init_array_start = .)
 *(SORT_BY_NAME(.init_array.*))
 *(.init_array*)
 .init_array    0x0800ac10        0x4 C:/ST/STM32CubeIDE_1.17.0/STM32CubeIDE/plugins/com.st.stm32cube.ide.mcu.externaltools.gnu-tools-for-stm32.12.3.rel1.win32_1.1.0.202410251130/tools/bin/../lib/gcc/arm-none-eabi/12.3.1/thumb/v7e-m/nofp/crtbegin.o
                0x0800ac14                        PROVIDE (__init_array_end = .)