D:/SISLAB/STM32Cube_FW_WL_V1.3.0/Projects/NUCLEO-WL55JC/Demonstrations/LocalNetwork/LocalNetwork_Sensor/SubGHz_Phy/App/demo_sensor.c:1074:13:FhssChangeChannel	0	static
D:/SISLAB/STM32Cube_FW_WL_V1.3.0/Projects/NUCLEO-WL55JC/Demonstrations/LocalNetwork/LocalNetwork_Sensor/SubGHz_Phy/App/demo_sensor.c:664:13:ChangeState	8	static
D:/SISLAB/STM32Cube_FW_WL_V1.3.0/Projects/NUCLEO-WL55JC/Demonstrations/LocalNetwork/LocalNetwork_Sensor/SubGHz_Phy/App/demo_sensor.c:1064:13:RxError	8	static
D:/SISLAB/STM32Cube_FW_WL_V1.3.0/Projects/NUCLEO-WL55JC/Demonstrations/LocalNetwork/LocalNetwork_Sensor/SubGHz_Phy/App/demo_sensor.c:926:13:TxTimeout	8	static
D:/SISLAB/STM32Cube_FW_WL_V1.3.0/Projects/NUCLEO-WL55JC/Demonstrations/LocalNetwork/LocalNetwork_Sensor/SubGHz_Phy/App/demo_sensor.c:913:13:TxDone	8	static
D:/SISLAB/STM32Cube_FW_WL_V1.3.0/Projects/NUCLEO-WL55JC/Demonstrations/LocalNetwork/LocalNetwork_Sensor/SubGHz_Phy/App/demo_sensor.c:592:13:OneScan	56	static
D:/SISLAB/STM32Cube_FW_WL_V1.3.0/Projects/NUCLEO-WL55JC/Demonstrations/LocalNetwork/LocalNetwork_Sensor/SubGHz_Phy/App/demo_sensor.c:549:13:CadTimeout	8	static
D:/SISLAB/STM32Cube_FW_WL_V1.3.0/Projects/NUCLEO-WL55JC/Demonstrations/LocalNetwork/LocalNetwork_Sensor/SubGHz_Phy/App/demo_sensor.c:1047:13:RxTimeout	8	static
D:/SISLAB/STM32Cube_FW_WL_V1.3.0/Projects/NUCLEO-WL55JC/Demonstrations/LocalNetwork/LocalNetwork_Sensor/SubGHz_Phy/App/demo_sensor.c:273:13:ReceiveSync	64	static
D:/SISLAB/STM32Cube_FW_WL_V1.3.0/Projects/NUCLEO-WL55JC/Demonstrations/LocalNetwork/LocalNetwork_Sensor/SubGHz_Phy/App/demo_sensor.c:200:13:ReceiveBeacon	56	static
D:/SISLAB/STM32Cube_FW_WL_V1.3.0/Projects/NUCLEO-WL55JC/Demonstrations/LocalNetwork/LocalNetwork_Sensor/SubGHz_Phy/App/demo_sensor.c:1084:13:CadDone	24	static
D:/SISLAB/STM32Cube_FW_WL_V1.3.0/Projects/NUCLEO-WL55JC/Demonstrations/LocalNetwork/LocalNetwork_Sensor/SubGHz_Phy/App/demo_sensor.c:484:13:ReceiveTimeout	24	static
D:/SISLAB/STM32Cube_FW_WL_V1.3.0/Projects/NUCLEO-WL55JC/Demonstrations/LocalNetwork/LocalNetwork_Sensor/SubGHz_Phy/App/demo_sensor.c:324:13:Transmit	80	static
D:/SISLAB/STM32Cube_FW_WL_V1.3.0/Projects/NUCLEO-WL55JC/Demonstrations/LocalNetwork/LocalNetwork_Sensor/SubGHz_Phy/App/demo_sensor.c:696:13:ValidReceivedBeacon	40	static
D:/SISLAB/STM32Cube_FW_WL_V1.3.0/Projects/NUCLEO-WL55JC/Demonstrations/LocalNetwork/LocalNetwork_Sensor/SubGHz_Phy/App/demo_sensor.c:564:13:StartScanning	8	static
D:/SISLAB/STM32Cube_FW_WL_V1.3.0/Projects/NUCLEO-WL55JC/Demonstrations/LocalNetwork/LocalNetwork_Sensor/SubGHz_Phy/App/demo_sensor.c:830:13:ProcessCodingChanges	40	static
D:/SISLAB/STM32Cube_FW_WL_V1.3.0/Projects/NUCLEO-WL55JC/Demonstrations/LocalNetwork/LocalNetwork_Sensor/SubGHz_Phy/App/demo_sensor.c:753:13:ValidReceivedSync	48	static
D:/SISLAB/STM32Cube_FW_WL_V1.3.0/Projects/NUCLEO-WL55JC/Demonstrations/LocalNetwork/LocalNetwork_Sensor/SubGHz_Phy/App/demo_sensor.c:944:13:RxDone	56	static
D:/SISLAB/STM32Cube_FW_WL_V1.3.0/Projects/NUCLEO-WL55JC/Demonstrations/LocalNetwork/LocalNetwork_Sensor/SubGHz_Phy/App/demo_sensor.c:118:5:SENS_Init	40	static,ignoring_inline_asm
D:/SISLAB/STM32Cube_FW_WL_V1.3.0/Projects/NUCLEO-WL55JC/Demonstrations/LocalNetwork/LocalNetwork_Sensor/SubGHz_Phy/App/demo_sensor.c:177:6:SENS_WriteSensorData	8	static,ignoring_inline_asm
D:/SISLAB/STM32Cube_FW_WL_V1.3.0/Projects/NUCLEO-WL55JC/Demonstrations/LocalNetwork/LocalNetwork_Sensor/SubGHz_Phy/App/demo_sensor.c:191:14:SENS_GetState	0	static
