D:/SISLAB/STM32Cube_FW_WL_V1.3.0/Projects/NUCLEO-WL55JC/Applications/SubGHz_Phy/SubGHz_Phy_PingPong_TX1/Core/Src/adc.c:31:6:MX_ADC_Init	24	static
D:/SISLAB/STM32Cube_FW_WL_V1.3.0/Projects/NUCLEO-WL55JC/Applications/SubGHz_Phy/SubGHz_Phy_PingPong_TX1/Core/Src/adc.c:83:6:HAL_ADC_MspInit	40	static
D:/SISLAB/STM32Cube_FW_WL_V1.3.0/Projects/NUCLEO-WL55JC/Applications/SubGHz_Phy/SubGHz_Phy_PingPong_TX1/Core/Src/adc.c:113:6:HAL_ADC_MspDeInit	8	static
D:/SISLAB/STM32Cube_FW_WL_V1.3.0/Projects/NUCLEO-WL55JC/Applications/SubGHz_Phy/SubGHz_Phy_PingPong_TX1/Core/Src/adc.c:138:10:Read_ADC_Raw	8	static
D:/SISLAB/STM32Cube_FW_WL_V1.3.0/Projects/NUCLEO-WL55JC/Applications/SubGHz_Phy/SubGHz_Phy_PingPong_TX1/Core/Src/adc.c:155:6:Enter_LowPowerMode	8	static
D:/SISLAB/STM32Cube_FW_WL_V1.3.0/Projects/NUCLEO-WL55JC/Applications/SubGHz_Phy/SubGHz_Phy_PingPong_TX1/Core/Src/adc.c:162:6:HAL_ADC_ConvCpltCallback	16	static
