D:/SISLAB/STM32Cube_FW_WL_V1.3.0/Projects/NUCLEO-WL55JC/Applications/SubGHz_Phy/SubGHz_Phy_PingPong_TX1/Core/Src/sys_app.c:178:13:tiny_snprintf_like	16	static
D:/SISLAB/STM32Cube_FW_WL_V1.3.0/Projects/NUCLEO-WL55JC/Applications/SubGHz_Phy/SubGHz_Phy_PingPong_TX1/Core/Src/sys_app.c:142:13:TimestampNow	32	static
D:/SISLAB/STM32Cube_FW_WL_V1.3.0/Projects/NUCLEO-WL55JC/Applications/SubGHz_Phy/SubGHz_Phy_PingPong_TX1/Core/Src/sys_app.c:83:6:SystemApp_Init	8	static
D:/SISLAB/STM32Cube_FW_WL_V1.3.0/Projects/NUCLEO-WL55JC/Applications/SubGHz_Phy/SubGHz_Phy_PingPong_TX1/Core/Src/sys_app.c:125:6:UTIL_SEQ_Idle	8	static
D:/SISLAB/STM32Cube_FW_WL_V1.3.0/Projects/NUCLEO-WL55JC/Applications/SubGHz_Phy/SubGHz_Phy_PingPong_TX1/Core/Src/sys_app.c:156:6:UTIL_ADV_TRACE_PreSendHook	8	static
D:/SISLAB/STM32Cube_FW_WL_V1.3.0/Projects/NUCLEO-WL55JC/Applications/SubGHz_Phy/SubGHz_Phy_PingPong_TX1/Core/Src/sys_app.c:167:6:UTIL_ADV_TRACE_PostSendHook	8	static
D:/SISLAB/STM32Cube_FW_WL_V1.3.0/Projects/NUCLEO-WL55JC/Applications/SubGHz_Phy/SubGHz_Phy_PingPong_TX1/Core/Src/sys_app.c:201:19:HAL_InitTick	0	static
D:/SISLAB/STM32Cube_FW_WL_V1.3.0/Projects/NUCLEO-WL55JC/Applications/SubGHz_Phy/SubGHz_Phy_PingPong_TX1/Core/Src/sys_app.c:216:10:HAL_GetTick	8	static
D:/SISLAB/STM32Cube_FW_WL_V1.3.0/Projects/NUCLEO-WL55JC/Applications/SubGHz_Phy/SubGHz_Phy_PingPong_TX1/Core/Src/sys_app.c:248:6:HAL_Delay	16	static
