D:/SISLAB/STM32Cube_FW_WL_V1.3.0/Projects/NUCLEO-WL55JC/Applications/SubGHz_Phy/SubGHz_Phy_PingPong_TX1/SubGHz_Phy/App/subghz_phy_app.c:181:13:OnRxDone	0	static
D:/SISLAB/STM32Cube_FW_WL_V1.3.0/Projects/NUCLEO-WL55JC/Applications/SubGHz_Phy/SubGHz_Phy_PingPong_TX1/SubGHz_Phy/App/subghz_phy_app.c:199:13:OnRxTimeout	0	static
D:/SISLAB/STM32Cube_FW_WL_V1.3.0/Projects/NUCLEO-WL55JC/Applications/SubGHz_Phy/SubGHz_Phy_PingPong_TX1/SubGHz_Phy/App/subghz_phy_app.c:204:13:OnRxError	0	static
D:/SISLAB/STM32Cube_FW_WL_V1.3.0/Projects/NUCLEO-WL55JC/Applications/SubGHz_Phy/SubGHz_Phy_PingPong_TX1/SubGHz_Phy/App/subghz_phy_app.c:243:13:ReInit_Peripherals	56	static
D:/SISLAB/STM32Cube_FW_WL_V1.3.0/Projects/NUCLEO-WL55JC/Applications/SubGHz_Phy/SubGHz_Phy_PingPong_TX1/SubGHz_Phy/App/subghz_phy_app.c:209:13:PingPong_Process	16	static
D:/SISLAB/STM32Cube_FW_WL_V1.3.0/Projects/NUCLEO-WL55JC/Applications/SubGHz_Phy/SubGHz_Phy_PingPong_TX1/SubGHz_Phy/App/subghz_phy_app.c:186:13:OnTxTimeout	8	static
D:/SISLAB/STM32Cube_FW_WL_V1.3.0/Projects/NUCLEO-WL55JC/Applications/SubGHz_Phy/SubGHz_Phy_PingPong_TX1/SubGHz_Phy/App/subghz_phy_app.c:168:13:OnTxDone	8	static
D:/SISLAB/STM32Cube_FW_WL_V1.3.0/Projects/NUCLEO-WL55JC/Applications/SubGHz_Phy/SubGHz_Phy_PingPong_TX1/SubGHz_Phy/App/subghz_phy_app.c:222:13:MX_PVD_Init	16	static
D:/SISLAB/STM32Cube_FW_WL_V1.3.0/Projects/NUCLEO-WL55JC/Applications/SubGHz_Phy/SubGHz_Phy_PingPong_TX1/SubGHz_Phy/App/subghz_phy_app.c:104:6:SubghzApp_Init	64	static
D:/SISLAB/STM32Cube_FW_WL_V1.3.0/Projects/NUCLEO-WL55JC/Applications/SubGHz_Phy/SubGHz_Phy_PingPong_TX1/SubGHz_Phy/App/subghz_phy_app.c:234:6:PVD_IRQHandler	8	static
