C:/Users/duyhieu/work/UBIGIoT/energy-harvesting/STM32Cube_FW_WL_V1.3.0/Projects/NUCLEO-WL55JC/Applications/SubGHz_Phy/SubGHz_Phy_PingPong/Core/Src/main.c:161:6:Error_Handler	0	static,ignoring_inline_asm
C:/Users/duyhieu/work/UBIGIoT/energy-harvesting/STM32Cube_FW_WL_V1.3.0/Projects/NUCLEO-WL55JC/Applications/SubGHz_Phy/SubGHz_Phy_PingPong/Core/Src/main.c:109:6:SystemClock_Config	112	static
C:/Users/duyhieu/work/UBIGIoT/energy-harvesting/STM32Cube_FW_WL_V1.3.0/Projects/NUCLEO-WL55JC/Applications/SubGHz_Phy/SubGHz_Phy_PingPong/Core/Src/main.c:64:5:main	8	static
