C:/Users/duyhieu/work/UBIGIoT/energy-harvesting/STM32Cube_FW_WL_V1.3.0/Projects/NUCLEO-WL55JC/Applications/SubGHz_Phy/SubGHz_Phy_PingPong/Core/Src/subghz.c:30:6:MX_SUBGHZ_Init	8	static
C:/Users/duyhieu/work/UBIGIoT/energy-harvesting/STM32Cube_FW_WL_V1.3.0/Projects/NUCLEO-WL55JC/Applications/SubGHz_Phy/SubGHz_Phy_PingPong/Core/Src/subghz.c:51:6:HAL_SUBGHZ_MspInit	16	static
C:/Users/duyhieu/work/UBIGIoT/energy-harvesting/STM32Cube_FW_WL_V1.3.0/Projects/NUCLEO-WL55JC/Applications/SubGHz_Phy/SubGHz_Phy_PingPong/Core/Src/subghz.c:68:6:HAL_SUBGHZ_MspDeInit	8	static
